Component: ARM Compiler 5.06 update 5 (build 528) Tool: armlink [4d35e2]

==============================================================================

Section Cross References

    .\build\main.o(i.main) refers to .\mbed\TARGET_LPC1768\TOOLCHAIN_ARM_STD\system_LPC17xx.o(i.SystemInit) for SystemInit
    .\build\main.o(i.main) refers to .\build\gpio_setup.o(i.nGPIOSetup) for nGPIOSetup
    .\build\main.o(i.main) refers to .\build\uart_control.o(i.nUART0_init) for nUART0_init
    .\build\main.o(i.main) refers to .\build\tasks.o(i.xTaskCreate) for xTaskCreate
    .\build\main.o(i.main) refers to .\build\queue.o(i.xQueueGenericCreate) for xQueueGenericCreate
    .\build\main.o(i.main) refers to .\build\tasks.o(i.vTaskStartScheduler) for vTaskStartScheduler
    .\build\main.o(i.main) refers to .\build\programs_file.o(i.tProgram_Handler) for tProgram_Handler
    .\build\main.o(i.main) refers to .\build\uart_control.o(.data) for qUART_RxQ
    .\build\main.o(i.main) refers to .\build\sensor_file.o(.data) for SensorQ
    .\build\main.o(i.main) refers to .\build\programs_file.o(.data) for ProgramHandlerQ
    .\build\main.o(i.vApplicationMallocFailedHook) refers to .\build\led_control.o(i.nLED_SET) for nLED_SET
    .\build\main.o(i.vApplicationMallocFailedHook) refers to .\build\utilities.o(i.delay_ms) for delay_ms
    .\build\main.o(i.vApplicationStackOverflowHook) refers to .\build\led_control.o(i.nLED_SET) for nLED_SET
    .\build\main.o(i.vApplicationStackOverflowHook) refers to .\build\utilities.o(i.delay_ms) for delay_ms
    .\build\led_control.o(i.nAliveResume) refers to .\build\tasks.o(i.vTaskResume) for vTaskResume
    .\build\led_control.o(i.nAliveResume) refers to .\build\led_control.o(.data) for AliveHandle
    .\build\led_control.o(i.nAliveSuspend) refers to .\build\tasks.o(i.vTaskSuspend) for vTaskSuspend
    .\build\led_control.o(i.nAliveSuspend) refers to .\build\led_control.o(.data) for AliveHandle
    .\build\led_control.o(i.nLEDFlip) refers to .\build\led_control.o(i.nLED_SET) for nLED_SET
    .\build\led_control.o(i.nLEDFlip) refers to .\build\led_control.o(.data) for LED_status
    .\build\led_control.o(i.nLED_SET) refers to .\build\led_control.o(i.led_delay_ms) for led_delay_ms
    .\build\led_control.o(i.nLED_SET) refers to .\build\led_control.o(.data) for LED_status
    .\build\led_control.o(i.nPrintAlive) refers to .\build\uart_control.o(i.nUART_TxString) for nUART_TxString
    .\build\led_control.o(i.nPrintAlive) refers to .\build\utilities.o(i.int_to_char_10) for int_to_char_10
    .\build\led_control.o(i.nPrintAlive) refers to .\build\uart_control.o(i.nUART_TxChar) for nUART_TxChar
    .\build\led_control.o(i.nPrintAlive) refers to .\build\utilities.o(i.int_to_char_1) for int_to_char_1
    .\build\led_control.o(i.nPrintAlive) refers to .\build\uart_control.o(i.nNewLine) for nNewLine
    .\build\led_control.o(i.nPrintAlive) refers to .\build\led_control.o(.data) for alive_timer
    .\build\led_control.o(i.tLEDAlive) refers to .\build\led_control.o(i.nLED_SET) for nLED_SET
    .\build\led_control.o(i.tLEDAlive) refers to .\build\tasks.o(i.vTaskDelay) for vTaskDelay
    .\build\led_control.o(i.tLEDAlive) refers to .\build\led_control.o(.data) for alive_timer
    .\build\uart_control.o(i.nADC_Status) refers to .\build\queue.o(i.xQueueGenericReceive) for xQueueGenericReceive
    .\build\uart_control.o(i.nADC_Status) refers to .\build\uart_control.o(i.nUART_TxString) for nUART_TxString
    .\build\uart_control.o(i.nADC_Status) refers to .\build\uart_control.o(i.nUART_TxChar) for nUART_TxChar
    .\build\uart_control.o(i.nADC_Status) refers to .\build\sensor_file.o(i.vGetSensorStatus) for vGetSensorStatus
    .\build\uart_control.o(i.nADC_Status) refers to .\build\uart_control.o(i.nNewLine) for nNewLine
    .\build\uart_control.o(i.nADC_Status) refers to .\build\queue.o(i.xQueueGenericSend) for xQueueGenericSend
    .\build\uart_control.o(i.nADC_Status) refers to .\build\uart_control.o(.data) for UART0_TxSemaphore
    .\build\uart_control.o(i.nGetAlive) refers to .\build\queue.o(i.xQueueGenericReceive) for xQueueGenericReceive
    .\build\uart_control.o(i.nGetAlive) refers to .\build\uart_control.o(i.nNewLine) for nNewLine
    .\build\uart_control.o(i.nGetAlive) refers to .\build\uart_control.o(i.nUART_TxString) for nUART_TxString
    .\build\uart_control.o(i.nGetAlive) refers to .\build\uart_control.o(i.nUART_TxChar) for nUART_TxChar
    .\build\uart_control.o(i.nGetAlive) refers to .\build\queue.o(i.xQueueGenericSend) for xQueueGenericSend
    .\build\uart_control.o(i.nGetAlive) refers to .\build\uart_control.o(.data) for UART0_TxSemaphore
    .\build\uart_control.o(i.nGetAlive) refers to .\build\led_control.o(.data) for alive_thousands
    .\build\uart_control.o(i.nNewLine) refers to .\build\uart_control.o(i.nUART_TxString) for nUART_TxString
    .\build\uart_control.o(i.nPinFlip_1) refers to .\build\queue.o(i.xQueueGenericReceive) for xQueueGenericReceive
[...]
    setvbuf                                  0x0000123d   Thumb Code    70  C:\Keil_v5\ARM\ARMCC\Bin\..\lib\armlib\c_w.l(setvbuf.o)(.text)
    _seterr                                  0x00001285   Thumb Code    20  C:\Keil_v5\ARM\ARMCC\Bin\..\lib\armlib\c_w.l(stdio.o)(.text)
    _writebuf                                0x00001299   Thumb Code    84  C:\Keil_v5\ARM\ARMCC\Bin\..\lib\armlib\c_w.l(stdio.o)(.text)
    _fflush                                  0x000012ed   Thumb Code    70  C:\Keil_v5\ARM\ARMCC\Bin\..\lib\armlib\c_w.l(stdio.o)(.text)
    _deferredlazyseek                        0x00001333   Thumb Code    60  C:\Keil_v5\ARM\ARMCC\Bin\..\lib\armlib\c_w.l(stdio.o)(.text)
    _initio                                  0x00001375   Thumb Code   210  C:\Keil_v5\ARM\ARMCC\Bin\..\lib\armlib\c_w.l(initio.o)(.text)
    _terminateio                             0x00001447   Thumb Code    56  C:\Keil_v5\ARM\ARMCC\Bin\..\lib\armlib\c_w.l(initio.o)(.text)
    _fclose_internal                         0x000014ad   Thumb Code    76  C:\Keil_v5\ARM\ARMCC\Bin\..\lib\armlib\c_w.l(fclose.o)(.text)
    fclose                                   0x000014ad   Thumb Code     0  C:\Keil_v5\ARM\ARMCC\Bin\..\lib\armlib\c_w.l(fclose.o)(.text)
    __aeabi_memclr4                          0x000014f9   Thumb Code     0  C:\Keil_v5\ARM\ARMCC\Bin\..\lib\armlib\c_w.l(rt_memclr_w.o)(.text)
    __aeabi_memclr8                          0x000014f9   Thumb Code     0  C:\Keil_v5\ARM\ARMCC\Bin\..\lib\armlib\c_w.l(rt_memclr_w.o)(.text)
    __rt_memclr_w                            0x000014f9   Thumb Code    78  C:\Keil_v5\ARM\ARMCC\Bin\..\lib\armlib\c_w.l(rt_memclr_w.o)(.text)
    _memset_w                                0x000014fd   Thumb Code     0  C:\Keil_v5\ARM\ARMCC\Bin\..\lib\armlib\c_w.l(rt_memclr_w.o)(.text)
    __Heap_ProvideMemory                     0x00001547   Thumb Code    52  C:\Keil_v5\ARM\ARMCC\Bin\..\lib\armlib\c_w.l(h1_extend.o)(.text)
    _ll_udiv10                               0x0000157b   Thumb Code   138  C:\Keil_v5\ARM\ARMCC\Bin\..\lib\armlib\c_w.l(lludiv10.o)(.text)
    _printf_int_common                       0x00001605   Thumb Code   178  C:\Keil_v5\ARM\ARMCC\Bin\..\lib\armlib\c_w.l(_printf_intcommon.o)(.text)
    __lib_sel_fp_printf                      0x000016b7   Thumb Code     2  C:\Keil_v5\ARM\ARMCC\Bin\..\lib\armlib\c_w.l(_printf_fp_dec.o)(.text)
    _printf_fp_dec_real                      0x00001869   Thumb Code   620  C:\Keil_v5\ARM\ARMCC\Bin\..\lib\armlib\c_w.l(_printf_fp_dec.o)(.text)
    _printf_fp_hex_real                      0x00001ad5   Thumb Code   756  C:\Keil_v5\ARM\ARMCC\Bin\..\lib\armlib\c_w.l(_printf_fp_hex.o)(.text)
    _printf_cs_common                        0x00001dd1   Thumb Code    20  C:\Keil_v5\ARM\ARMCC\Bin\..\lib\armlib\c_w.l(_printf_char.o)(.text)
    _printf_char                             0x00001de5   Thumb Code    16  C:\Keil_v5\ARM\ARMCC\Bin\..\lib\armlib\c_w.l(_printf_char.o)(.text)
    _printf_string                           0x00001df5   Thumb Code     8  C:\Keil_v5\ARM\ARMCC\Bin\..\lib\armlib\c_w.l(_printf_char.o)(.text)
    _printf_lcs_common                       0x00001dfd   Thumb Code    20  C:\Keil_v5\ARM\ARMCC\Bin\..\lib\armlib\c_w.l(_printf_wchar.o)(.text)
    _printf_wchar                            0x00001e11   Thumb Code    16  C:\Keil_v5\ARM\ARMCC\Bin\..\lib\armlib\c_w.l(_printf_wchar.o)(.text)
    _printf_wstring                          0x00001e21   Thumb Code     8  C:\Keil_v5\ARM\ARMCC\Bin\..\lib\armlib\c_w.l(_printf_wchar.o)(.text)
    _ftell_internal                          0x00001e29   Thumb Code    66  C:\Keil_v5\ARM\ARMCC\Bin\..\lib\armlib\c_w.l(ftell.o)(.text)
    ftell                                    0x00001e29   Thumb Code     0  C:\Keil_v5\ARM\ARMCC\Bin\..\lib\armlib\c_w.l(ftell.o)(.text)
    _wcrtomb                                 0x00001e6b   Thumb Code    64  C:\Keil_v5\ARM\ARMCC\Bin\..\lib\armlib\c_w.l(_wcrtomb.o)(.text)
    __rt_SIGRTRED                            0x00001eab   Thumb Code    14  C:\Keil_v5\ARM\ARMCC\Bin\..\lib\armlib\c_w.l(defsig_rtred_outer.o)(.text)
    __rt_SIGRTMEM                            0x00001eb9   Thumb Code    14  C:\Keil_v5\ARM\ARMCC\Bin\..\lib\armlib\c_w.l(defsig_rtmem_outer.o)(.text)
    __rt_heap_escrow                         0x00001ec9   Thumb Code    22  C:\Keil_v5\ARM\ARMCC\Bin\..\lib\armlib\c_w.l(heapauxa.o)(.text)
    __rt_heap_expand                         0x00001edf   Thumb Code    52  C:\Keil_v5\ARM\ARMCC\Bin\..\lib\armlib\c_w.l(heapauxa.o)(.text)
    __rt_ctype_table                         0x00001f19   Thumb Code    16  C:\Keil_v5\ARM\ARMCC\Bin\..\lib\armlib\c_w.l(rt_ctype_table.o)(.text)
    __rt_locale                              0x00001f29   Thumb Code     8  C:\Keil_v5\ARM\ARMCC\Bin\..\lib\armlib\c_w.l(rt_locale.o)(.text)
    _printf_fp_infnan                        0x00001f31   Thumb Code   112  C:\Keil_v5\ARM\ARMCC\Bin\..\lib\armlib\c_w.l(_printf_fp_infnan.o)(.text)
    _btod_etento                             0x00001fb1   Thumb Code   224  C:\Keil_v5\ARM\ARMCC\Bin\..\lib\armlib\c_w.l(bigflt0.o)(.text)
    __sig_exit                               0x00002095   Thumb Code    10  C:\Keil_v5\ARM\ARMCC\Bin\..\lib\armlib\c_w.l(defsig_exit.o)(.text)
    __rt_SIGRTRED_inner                      0x000020a1   Thumb Code    14  C:\Keil_v5\ARM\ARMCC\Bin\..\lib\armlib\c_w.l(defsig_rtred_inner.o)(.text)
    __rt_SIGRTMEM_inner                      0x000020d5   Thumb Code    22  C:\Keil_v5\ARM\ARMCC\Bin\..\lib\armlib\c_w.l(defsig_rtmem_inner.o)(.text)
    _sys_exit                                0x00002125   Thumb Code     8  C:\Keil_v5\ARM\ARMCC\Bin\..\lib\armlib\c_w.l(sys_exit.o)(.text)
    __default_signal_display                 0x00002131   Thumb Code    50  C:\Keil_v5\ARM\ARMCC\Bin\..\lib\armlib\c_w.l(defsig_general.o)(.text)
    _ttywrch                                 0x00002163   Thumb Code    14  C:\Keil_v5\ARM\ARMCC\Bin\..\lib\armlib\c_w.l(sys_wrch.o)(.text)
    __I$use$semihosting                      0x00002171   Thumb Code     0  C:\Keil_v5\ARM\ARMCC\Bin\..\lib\armlib\c_w.l(use_no_semi.o)(.text)
    __use_no_semihosting_swi                 0x00002171   Thumb Code     2  C:\Keil_v5\ARM\ARMCC\Bin\..\lib\armlib\c_w.l(use_no_semi.o)(.text)
    __semihosting_library_function           0x00002173   Thumb Code     0  C:\Keil_v5\ARM\ARMCC\Bin\..\lib\armlib\c_w.l(indicate_semi.o)(.text)
    _btod_d2e                                0x00002173   Thumb Code    62  C:\Keil_v5\ARM\ARMCC\Bin\..\lib\armlib\c_w.l(btod.o)(CL$$btod_d2e)
    _d2e_denorm_low                          0x000021b1   Thumb Code    70  C:\Keil_v5\ARM\ARMCC\Bin\..\lib\armlib\c_w.l(btod.o)(CL$$btod_d2e_denorm_low)
    _d2e_norm_op1                            0x000021f7   Thumb Code    96  C:\Keil_v5\ARM\ARMCC\Bin\..\lib\armlib\c_w.l(btod.o)(CL$$btod_d2e_norm_op1)
    __btod_div_common                        0x00002257   Thumb Code   696  C:\Keil_v5\ARM\ARMCC\Bin\..\lib\armlib\c_w.l(btod.o)(CL$$btod_div_common)
    _e2e                                     0x0000258f   Thumb Code   220  C:\Keil_v5\ARM\ARMCC\Bin\..\lib\armlib\c_w.l(btod.o)(CL$$btod_e2e)
    _btod_ediv                               0x0000266b   Thumb Code    42  C:\Keil_v5\ARM\ARMCC\Bin\..\lib\armlib\c_w.l(btod.o)(CL$$btod_ediv)
    _btod_emul                               0x00002695   Thumb Code    42  C:\Keil_v5\ARM\ARMCC\Bin\..\lib\armlib\c_w.l(btod.o)(CL$$btod_emul)
    __btod_mult_common                       0x000026bf   Thumb Code   580  C:\Keil_v5\ARM\ARMCC\Bin\..\lib\armlib\c_w.l(btod.o)(CL$$btod_mult_common)
    main                                     0x00002903   Thumb Code    14  .\mbed\TARGET_LPC1768\TOOLCHAIN_ARM_STD\mbed_sdk_boot.o(i.$Sub$$main)
    SysTick_Handler                          0x00002911   Thumb Code    46  .\build\port.o(i.SysTick_Handler)
    SystemInit                               0x00002945   Thumb Code   150  .\mbed\TARGET_LPC1768\TOOLCHAIN_ARM_STD\system_LPC17xx.o(i.SystemInit)
    mbed::FileBase::getPathType()            0x000029e5   Thumb Code     4  .\mbed\TARGET_LPC1768\TOOLCHAIN_ARM_STD\mbed.ar(FileBase.o)(i._ZN4mbed8FileBase11getPathTypeEv)
    mbed::FileBase::lookup(const char*, unsigned) 0x000029e9   Thumb Code    90  .\mbed\TARGET_LPC1768\TOOLCHAIN_ARM_STD\mbed.ar(FileBase.o)(i._ZN4mbed8FileBase6lookupEPKcj)
    mbed::FilePath::fileSystem()             0x00002a55   Thumb Code    30  .\mbed\TARGET_LPC1768\TOOLCHAIN_ARM_STD\mbed.ar(FilePath.o)(i._ZN4mbed8FilePath10fileSystemEv)
    mbed::FilePath::file()                   0x00002a73   Thumb Code    28  .\mbed\TARGET_LPC1768\TOOLCHAIN_ARM_STD\mbed.ar(FilePath.o)(i._ZN4mbed8FilePath4fileEv)
    mbed::FilePath::exists()                 0x00002a8f   Thumb Code    10  .\mbed\TARGET_LPC1768\TOOLCHAIN_ARM_STD\mbed.ar(FilePath.o)(i._ZN4mbed8FilePath6existsEv)
    mbed::FilePath::isFile()                 0x00002a99   Thumb Code    24  .\mbed\TARGET_LPC1768\TOOLCHAIN_ARM_STD\mbed.ar(FilePath.o)(i._ZN4mbed8FilePath6isFileEv)
    mbed::FilePath::fileName()               0x00002ab1   Thumb Code     4  .\mbed\TARGET_LPC1768\TOOLCHAIN_ARM_STD\mbed.ar(FilePath.o)(i._ZN4mbed8FilePath8fileNameEv)
    mbed::FilePath::FilePath(const char*)    0x00002ab5   Thumb Code    64  .\mbed\TARGET_LPC1768\TOOLCHAIN_ARM_STD\mbed.ar(FilePath.o)(i._ZN4mbed8FilePathC1EPKc)
    mbed::FilePath::FilePath__sub_object(const char*) 0x00002ab5   Thumb Code     0  .\mbed\TARGET_LPC1768\TOOLCHAIN_ARM_STD\mbed.ar(FilePath.o)(i._ZN4mbed8FilePathC1EPKc)
    __ARM_fpclassify                         0x00002af5   Thumb Code    40  C:\Keil_v5\ARM\ARMCC\Bin\..\lib\armlib\m_ws.l(fpclassify.o)(i.__ARM_fpclassify)
    __user_setup_stackheap                   0x00002b1d   Thumb Code     8  .\mbed\TARGET_LPC1768\TOOLCHAIN_ARM_STD\mbed_retarget.o(i.__user_setup_stackheap)
    _is_digit                                0x00002b25   Thumb Code    14  C:\Keil_v5\ARM\ARMCC\Bin\..\lib\armlib\c_w.l(__printf_wp.o)(i._is_digit)
    _mbed_user_setup_stackheap               0x00002b35   Thumb Code    10  .\mbed\TARGET_LPC1768\TOOLCHAIN_ARM_STD\mbed_retarget.o(i._mbed_user_setup_stackheap)
    _platform_post_stackheap_init            0x00002b45   Thumb Code    24  .\mbed\TARGET_LPC1768\TOOLCHAIN_ARM_STD\mbed_sdk_boot.o(i._platform_post_stackheap_init)
    _sys_close                               0x00002b61   Thumb Code    70  .\mbed\TARGET_LPC1768\TOOLCHAIN_ARM_STD\mbed_retarget.o(i._sys_close)
    _sys_flen                                0x00002bad   Thumb Code    70  .\mbed\TARGET_LPC1768\TOOLCHAIN_ARM_STD\mbed_retarget.o(i._sys_flen)
    _sys_istty                               0x00002bf9   Thumb Code    58  .\mbed\TARGET_LPC1768\TOOLCHAIN_ARM_STD\mbed_retarget.o(i._sys_istty)
    _sys_open                                0x00002c39   Thumb Code   480  .\mbed\TARGET_LPC1768\TOOLCHAIN_ARM_STD\mbed_retarget.o(i._sys_open)
    _sys_seek                                0x00002e41   Thumb Code    74  .\mbed\TARGET_LPC1768\TOOLCHAIN_ARM_STD\mbed_retarget.o(i._sys_seek)
    _sys_write                               0x00002e91   Thumb Code   110  .\mbed\TARGET_LPC1768\TOOLCHAIN_ARM_STD\mbed_retarget.o(i._sys_write)
    core_util_critical_section_enter         0x00002f11   Thumb Code    70  .\mbed\TARGET_LPC1768\TOOLCHAIN_ARM_STD\mbed.ar(mbed_critical.o)(i.core_util_critical_section_enter)
    core_util_critical_section_exit          0x00002f9d   Thumb Code    60  .\mbed\TARGET_LPC1768\TOOLCHAIN_ARM_STD\mbed.ar(mbed_critical.o)(i.core_util_critical_section_exit)
    delay_ms                                 0x00002ff5   Thumb Code    18  .\build\utilities.o(i.delay_ms)
    error                                    0x00003009   Thumb Code    36  .\mbed\TARGET_LPC1768\TOOLCHAIN_ARM_STD\mbed.ar(mbed_error.o)(i.error)
    exit                                     0x00003031   Thumb Code    36  .\mbed\TARGET_LPC1768\TOOLCHAIN_ARM_STD\mbed_retarget.o(i.exit)
    get_us_ticker_data                       0x0000305d   Thumb Code     4  .\mbed\TARGET_LPC1768\TOOLCHAIN_ARM_STD\mbed.ar(mbed_us_ticker_api.o)(i.get_us_ticker_data)
    gpio_dir                                 0x00003065   Thumb Code    54  .\mbed\TARGET_LPC1768\TOOLCHAIN_ARM_STD\gpio_api.o(i.gpio_dir)
    gpio_init                                0x000030b9   Thumb Code    58  .\mbed\TARGET_LPC1768\TOOLCHAIN_ARM_STD\gpio_api.o(i.gpio_init)
    gpio_init_in                             0x000030f3   Thumb Code    40  .\mbed\TARGET_LPC1768\TOOLCHAIN_ARM_STD\mbed.ar(mbed_gpio.o)(i.gpio_init_in)
    gpio_init_out                            0x0000311d   Thumb Code    64  .\mbed\TARGET_LPC1768\TOOLCHAIN_ARM_STD\mbed.ar(mbed_gpio.o)(i.gpio_init_out)
    gpio_init_out_ex                         0x00003165   Thumb Code    76  .\mbed\TARGET_LPC1768\TOOLCHAIN_ARM_STD\mbed.ar(mbed_gpio.o)(i.gpio_init_out_ex)
    gpio_mode                                0x000031cd   Thumb Code     6  .\mbed\TARGET_LPC1768\TOOLCHAIN_ARM_STD\gpio_api.o(i.gpio_mode)
    int_to_char_1                            0x000032a9   Thumb Code    18  .\build\utilities.o(i.int_to_char_1)
    int_to_char_10                           0x000032bb   Thumb Code    18  .\build\utilities.o(i.int_to_char_10)
    int_to_char_100                          0x000032cd   Thumb Code    18  .\build\utilities.o(i.int_to_char_100)
    led_delay_ms                             0x000032df   Thumb Code    18  .\build\led_control.o(i.led_delay_ms)
    $Super$$main                             0x000032f1   Thumb Code   134  .\build\main.o(i.main)
    mbed_assert_internal                     0x000033a5   Thumb Code    32  .\mbed\TARGET_LPC1768\TOOLCHAIN_ARM_STD\mbed.ar(mbed_assert.o)(i.mbed_assert_internal)
    mbed_die                                 0x000033f9   Thumb Code   156  .\mbed\TARGET_LPC1768\TOOLCHAIN_ARM_STD\mbed_board.o(i.mbed_die)
    mbed_error_printf                        0x000034b5   Thumb Code    76  .\mbed\TARGET_LPC1768\TOOLCHAIN_ARM_STD\mbed_board.o(i.mbed_error_printf)
    mbed_error_vfprintf                      0x0000350d   Thumb Code    70  .\mbed\TARGET_LPC1768\TOOLCHAIN_ARM_STD\mbed_board.o(i.mbed_error_vfprintf)
    mbed_interface_connected                 0x00003561   Thumb Code     4  .\mbed\TARGET_LPC1768\TOOLCHAIN_ARM_STD\mbed.ar(mbed_interface.o)(i.mbed_interface_connected)
    mbed_main                                0x00003565   Thumb Code     2  .\mbed\TARGET_LPC1768\TOOLCHAIN_ARM_STD\mbed_sdk_boot.o(i.mbed_main)
    mbed_sdk_init                            0x00003567   Thumb Code     2  .\mbed\TARGET_LPC1768\TOOLCHAIN_ARM_STD\mbed_sdk_boot.o(i.mbed_sdk_init)
    nADC_Status                              0x00003569   Thumb Code   132  .\build\uart_control.o(i.nADC_Status)
    nAliveResume                             0x00003625   Thumb Code    12  .\build\led_control.o(i.nAliveResume)
    nAliveSuspend                            0x00003635   Thumb Code    12  .\build\led_control.o(i.nAliveSuspend)
    nCheckRinseTemperature                   0x00003645   Thumb Code   144  .\build\programs_file.o(i.nCheckRinseTemperature)
    nCheckWashTemperature                    0x00003725   Thumb Code    56  .\build\programs_file.o(i.nCheckWashTemperature)
    nFillSoapOperation                       0x000037ad   Thumb Code    68  .\build\programs_file.o(i.nFillSoapOperation)
    nFillTanksOperation                      0x00003839   Thumb Code    54  .\build\programs_file.o(i.nFillTanksOperation)
    nGPIOSetup                               0x000038b5   Thumb Code   118  .\build\gpio_setup.o(i.nGPIOSetup)
    nGPIO_STOP                               0x00003931   Thumb Code    56  .\build\gpio_setup.o(i.nGPIO_STOP)
    nGetAlive                                0x0000396d   Thumb Code   138  .\build\uart_control.o(i.nGetAlive)
    nInitializePinLibrary                    0x00003a35   Thumb Code    38  .\build\gpio_setup.o(i.nInitializePinLibrary)
    nLED_SET                                 0x00003a65   Thumb Code   144  .\build\led_control.o(i.nLED_SET)
    nNewLine                                 0x00003afd   Thumb Code    22  .\build\uart_control.o(i.nNewLine)
    nPinFlip_1                               0x00003b19   Thumb Code    72  .\build\uart_control.o(i.nPinFlip_1)
    nPinFlip_2                               0x00003b7d   Thumb Code    72  .\build\uart_control.o(i.nPinFlip_2)
    nPinSetup_1                              0x00003bdd   Thumb Code    12  .\build\uart_control.o(i.nPinSetup_1)
    nPinSetup_2                              0x00003be9   Thumb Code    12  .\build\uart_control.o(i.nPinSetup_2)
    nPrintAlive                              0x00003bf5   Thumb Code   176  .\build\led_control.o(i.nPrintAlive)
    nRinseOperation                          0x00003cc1   Thumb Code   168  .\build\programs_file.o(i.nRinseOperation)
    nSensorData                              0x00003dd9   Thumb Code   358  .\build\sensor_file.o(i.nSensorData)
    nTerminalClear                           0x00003fad   Thumb Code    10  .\build\uart_control.o(i.nTerminalClear)
    nTerminalHelp                            0x00003fb9   Thumb Code   126  .\build\uart_control.o(i.nTerminalHelp)
    nTerminalLogout                          0x0000406d   Thumb Code    46  .\build\uart_control.o(i.nTerminalLogout)
    nTerminalStatus                          0x000040bd   Thumb Code    22  .\build\uart_control.o(i.nTerminalStatus)
    nTerminalUndefined                       0x0000412d   Thumb Code    16  .\build\uart_control.o(i.nTerminalUndefined)
    nTerminal_LED_ALL_ON                     0x00004155   Thumb Code    16  .\build\uart_control.o(i.nTerminal_LED_ALL_ON)
    nTerminal_LED_OFF                        0x00004165   Thumb Code    16  .\build\uart_control.o(i.nTerminal_LED_OFF)
    nUART0_init                              0x00004175   Thumb Code   118  .\build\uart_control.o(i.nUART0_init)
    nUART_TxChar                             0x000041fd   Thumb Code    16  .\build\uart_control.o(i.nUART_TxChar)
    nUART_TxString                           0x00004211   Thumb Code    24  .\build\uart_control.o(i.nUART_TxString)
    nWaitOperation                           0x00004229   Thumb Code   148  .\build\programs_file.o(i.nWaitOperation)
    nWashOperation                           0x00004325   Thumb Code   168  .\build\programs_file.o(i.nWashOperation)
    nWashProgram_2                           0x00004439   Thumb Code   208  .\build\programs_file.o(i.nWashProgram_2)
    pin_function                             0x0000456d   Thumb Code    68  .\mbed\TARGET_LPC1768\TOOLCHAIN_ARM_STD\pinmap.o(i.pin_function)
    pin_mode                                 0x000045c9   Thumb Code   120  .\mbed\TARGET_LPC1768\TOOLCHAIN_ARM_STD\pinmap.o(i.pin_mode)
    pinmap_find_peripheral                   0x00004659   Thumb Code    34  .\mbed\TARGET_LPC1768\TOOLCHAIN_ARM_STD\mbed.ar(mbed_pinmap_common.o)(i.pinmap_find_peripheral)
    pinmap_merge                             0x0000467d   Thumb Code    38  .\mbed\TARGET_LPC1768\TOOLCHAIN_ARM_STD\mbed.ar(mbed_pinmap_common.o)(i.pinmap_merge)
    pinmap_peripheral                        0x000046b9   Thumb Code    58  .\mbed\TARGET_LPC1768\TOOLCHAIN_ARM_STD\mbed.ar(mbed_pinmap_common.o)(i.pinmap_peripheral)
    pinmap_pinout                            0x00004715   Thumb Code    66  .\mbed\TARGET_LPC1768\TOOLCHAIN_ARM_STD\mbed.ar(mbed_pinmap_common.o)(i.pinmap_pinout)
    pvPortMalloc                             0x00005045   Thumb Code   204  .\build\heap_2.o(i.pvPortMalloc)
    pvTaskIncrementMutexHeldCount            0x00005125   Thumb Code    26  .\build\tasks.o(i.pvTaskIncrementMutexHeldCount)
    pxPortInitialiseStack                    0x00005145   Thumb Code    30  .\build\port.o(i.pxPortInitialiseStack)
    semihost_connected                       0x0000524d   Thumb Code    10  .\mbed\TARGET_LPC1768\TOOLCHAIN_ARM_STD\mbed.ar(mbed_semihost_api.o)(i.semihost_connected)
    semihost_exit                            0x0000525d   Thumb Code    12  .\mbed\TARGET_LPC1768\TOOLCHAIN_ARM_STD\mbed.ar(mbed_semihost_api.o)(i.semihost_exit)
    serial_baud                              0x00005269   Thumb Code   408  .\mbed\TARGET_LPC1768\TOOLCHAIN_ARM_STD\serial_api.o(i.serial_baud)
    serial_init                              0x0000542d   Thumb Code   344  .\mbed\TARGET_LPC1768\TOOLCHAIN_ARM_STD\serial_api.o(i.serial_init)
    serial_putc                              0x000056a5   Thumb Code   100  .\mbed\TARGET_LPC1768\TOOLCHAIN_ARM_STD\serial_api.o(i.serial_putc)
    serial_set_flow_control                  0x0000570d   Thumb Code   252  .\mbed\TARGET_LPC1768\TOOLCHAIN_ARM_STD\serial_api.o(i.serial_set_flow_control)
    tProgram_Handler                         0x00005819   Thumb Code   256  .\build\programs_file.o(i.tProgram_Handler)
    ticker_irq_handler                       0x00005949   Thumb Code    78  .\mbed\TARGET_LPC1768\TOOLCHAIN_ARM_STD\mbed.ar(mbed_ticker_api.o)(i.ticker_irq_handler)
    ticker_read                              0x00005997   Thumb Code    28  .\mbed\TARGET_LPC1768\TOOLCHAIN_ARM_STD\mbed.ar(mbed_ticker_api.o)(i.ticker_read)
    uart0_irq                                0x000059b5   Thumb Code    14  .\mbed\TARGET_LPC1768\TOOLCHAIN_ARM_STD\serial_api.o(i.uart0_irq)
    uart1_irq                                0x000059c9   Thumb Code    14  .\mbed\TARGET_LPC1768\TOOLCHAIN_ARM_STD\serial_api.o(i.uart1_irq)
    uart2_irq                                0x000059dd   Thumb Code    14  .\mbed\TARGET_LPC1768\TOOLCHAIN_ARM_STD\serial_api.o(i.uart2_irq)
    uart3_irq                                0x000059f1   Thumb Code    14  .\mbed\TARGET_LPC1768\TOOLCHAIN_ARM_STD\serial_api.o(i.uart3_irq)
    us_ticker_clear_interrupt                0x00005b71   Thumb Code     8  .\mbed\TARGET_LPC1768\TOOLCHAIN_ARM_STD\us_ticker.o(i.us_ticker_clear_interrupt)
    us_ticker_disable_interrupt              0x00005b7d   Thumb Code    12  .\mbed\TARGET_LPC1768\TOOLCHAIN_ARM_STD\us_ticker.o(i.us_ticker_disable_interrupt)
    us_ticker_fire_interrupt                 0x00005b8d   Thumb Code    12  .\mbed\TARGET_LPC1768\TOOLCHAIN_ARM_STD\us_ticker.o(i.us_ticker_fire_interrupt)
    us_ticker_get_info                       0x00005b99   Thumb Code     4  .\mbed\TARGET_LPC1768\TOOLCHAIN_ARM_STD\mbed_retarget.o(i.us_ticker_get_info)
    us_ticker_init                           0x00005ba1   Thumb Code    74  .\mbed\TARGET_LPC1768\TOOLCHAIN_ARM_STD\us_ticker.o(i.us_ticker_init)
    us_ticker_irq_handler                    0x00005c09   Thumb Code    14  .\mbed\TARGET_LPC1768\TOOLCHAIN_ARM_STD\mbed.ar(mbed_us_ticker_api.o)(i.us_ticker_irq_handler)
    us_ticker_read                           0x00005c21   Thumb Code    72  .\mbed\TARGET_LPC1768\TOOLCHAIN_ARM_STD\us_ticker.o(i.us_ticker_read)
    us_ticker_set_interrupt                  0x00005c85   Thumb Code    14  .\mbed\TARGET_LPC1768\TOOLCHAIN_ARM_STD\us_ticker.o(i.us_ticker_set_interrupt)
    uxListRemove                             0x00005c99   Thumb Code    40  .\build\list.o(i.uxListRemove)
    uxQueueMessagesWaiting                   0x00005cc1   Thumb Code    42  .\build\queue.o(i.uxQueueMessagesWaiting)
    vApplicationMallocFailedHook             0x00005ceb   Thumb Code    62  .\build\main.o(i.vApplicationMallocFailedHook)
    vApplicationStackOverflowHook            0x00005d29   Thumb Code    62  .\build\main.o(i.vApplicationStackOverflowHook)
    vGetSensorData                           0x00005d69   Thumb Code    36  .\build\sensor_file.o(i.vGetSensorData)
    vGetSensorStatus                         0x00005d95   Thumb Code     8  .\build\sensor_file.o(i.vGetSensorStatus)
    vListInitialise                          0x00005da1   Thumb Code    26  .\build\list.o(i.vListInitialise)
    vListInitialiseItem                      0x00005dbb   Thumb Code     6  .\build\list.o(i.vListInitialiseItem)
    vListInsert                              0x00005dc1   Thumb Code    52  .\build\list.o(i.vListInsert)
    vListInsertEnd                           0x00005df5   Thumb Code    24  .\build\list.o(i.vListInsertEnd)
    vPortEnterCritical                       0x00005e0d   Thumb Code    76  .\build\port.o(i.vPortEnterCritical)
    vPortExitCritical                        0x00005e61   Thumb Code    56  .\build\port.o(i.vPortExitCritical)
    vPortFree                                0x00005e9d   Thumb Code    56  .\build\heap_2.o(i.vPortFree)
    vPortSetupTimerInterrupt                 0x00005edd   Thumb Code    26  .\build\port.o(i.vPortSetupTimerInterrupt)
    vPortValidateInterruptPriority           0x00005efd   Thumb Code   106  .\build\port.o(i.vPortValidateInterruptPriority)
    vQueueWaitForMessageRestricted           0x00005f75   Thumb Code    74  .\build\queue.o(i.vQueueWaitForMessageRestricted)
    vTaskDelay                               0x00005fc1   Thumb Code    82  .\build\tasks.o(i.vTaskDelay)
    vTaskMissedYield                         0x0000601d   Thumb Code     8  .\build\tasks.o(i.vTaskMissedYield)
    vTaskPlaceOnEventList                    0x00006029   Thumb Code    52  .\build\tasks.o(i.vTaskPlaceOnEventList)
    vTaskPlaceOnEventListRestricted          0x00006061   Thumb Code    60  .\build\tasks.o(i.vTaskPlaceOnEventListRestricted)
    vTaskPriorityInherit                     0x000060a1   Thumb Code   164  .\build\tasks.o(i.vTaskPriorityInherit)
    vTaskResume                              0x00006151   Thumb Code   128  .\build\tasks.o(i.vTaskResume)
    vTaskSetTimeOutState                     0x000061e1   Thumb Code    38  .\build\tasks.o(i.vTaskSetTimeOutState)
    vTaskStartScheduler                      0x00006211   Thumb Code   118  .\build\tasks.o(i.vTaskStartScheduler)
    vTaskSuspend                             0x000062a5   Thumb Code   196  .\build\tasks.o(i.vTaskSuspend)
    vTaskSuspendAll                          0x00006389   Thumb Code    12  .\build\tasks.o(i.vTaskSuspendAll)
    vTaskSwitchContext                       0x00006399   Thumb Code   174  .\build\tasks.o(i.vTaskSwitchContext)
    wait_ms                                  0x0000645d   Thumb Code    36  .\mbed\TARGET_LPC1768\TOOLCHAIN_ARM_STD\mbed.ar(mbed_wait_api_no_rtos.o)(i.wait_ms)
    xPortStartScheduler                      0x00006481   Thumb Code   140  .\build\port.o(i.xPortStartScheduler)
    xQueueGenericCreate                      0x00006521   Thumb Code    88  .\build\queue.o(i.xQueueGenericCreate)
    xQueueGenericReceive                     0x00006579   Thumb Code   446  .\build\queue.o(i.xQueueGenericReceive)
    xQueueGenericReset                       0x0000673d   Thumb Code   146  .\build\queue.o(i.xQueueGenericReset)
    xQueueGenericSend                        0x000067d5   Thumb Code   420  .\build\queue.o(i.xQueueGenericSend)
    xQueueGenericSendFromISR                 0x0000697d   Thumb Code   248  .\build\queue.o(i.xQueueGenericSendFromISR)
    xTaskCheckForTimeOut                     0x00006a75   Thumb Code   132  .\build\tasks.o(i.xTaskCheckForTimeOut)
    xTaskCreate                              0x00006b01   Thumb Code    96  .\build\tasks.o(i.xTaskCreate)
    xTaskGetSchedulerState                   0x00006b61   Thumb Code    24  .\build\tasks.o(i.xTaskGetSchedulerState)
    xTaskGetTickCount                        0x00006b81   Thumb Code     6  .\build\tasks.o(i.xTaskGetTickCount)
    xTaskIncrementTick                       0x00006b8d   Thumb Code   282  .\build\tasks.o(i.xTaskIncrementTick)
    xTaskPriorityDisinherit                  0x00006cd5   Thumb Code   188  .\build\tasks.o(i.xTaskPriorityDisinherit)
    xTaskRemoveFromEventList                 0x00006d9d   Thumb Code   128  .\build\tasks.o(i.xTaskRemoveFromEventList)
    xTaskResumeAll                           0x00006e35   Thumb Code   224  .\build\tasks.o(i.xTaskResumeAll)
    xTimerCreateTimerTask                    0x00006f39   Thumb Code    66  .\build\timers.o(i.xTimerCreateTimerTask)
    xTimerGenericCommand                     0x00006f91   Thumb Code   126  .\build\timers.o(i.xTimerGenericCommand)
    yDigitalWrite                            0x00007015   Thumb Code   288  .\build\gpio_setup.o(i.yDigitalWrite)
    ySetHWStatus                             0x00007141   Thumb Code    36  .\build\programs_file.o(i.ySetHWStatus)
    ySetupDigitalI                           0x00007169   Thumb Code   466  .\build\gpio_setup.o(i.ySetupDigitalI)
    ySetupDigitalO                           0x0000734d   Thumb Code   466  .\build\gpio_setup.o(i.ySetupDigitalO)
    yUART_RxReady                            0x00007531   Thumb Code    16  .\build\uart_control.o(i.yUART_RxReady)
    yUART_TxReady                            0x00007545   Thumb Code    26  .\build\uart_control.o(i.yUART_TxReady)
    _get_lc_numeric                          0x00007565   Thumb Code    44  C:\Keil_v5\ARM\ARMCC\Bin\..\lib\armlib\c_w.l(lc_numeric_c.o)(locale$$code)
    _get_lc_ctype                            0x00007591   Thumb Code    44  C:\Keil_v5\ARM\ARMCC\Bin\..\lib\armlib\c_w.l(lc_ctype_c.o)(locale$$code)
    SingletonPtr<PlatformMutex>::operator ->() 0x000075bd   Thumb Code    36  .\mbed\TARGET_LPC1768\TOOLCHAIN_ARM_STD\mbed.ar(FileBase.o)(t._ZN12SingletonPtrI13PlatformMutexEptEv)
    __fpl_dcmp_Inf                           0x000075e9   Thumb Code    24  C:\Keil_v5\ARM\ARMCC\Bin\..\lib\armlib\fz_ws.l(dcmpi.o)(x$fpl$dcmpinf)
    __aeabi_ui2d                             0x00007601   Thumb Code     0  C:\Keil_v5\ARM\ARMCC\Bin\..\lib\armlib\fz_ws.l(dflt_clz.o)(x$fpl$dfltu)
    _dfltu                                   0x00007601   Thumb Code    38  C:\Keil_v5\ARM\ARMCC\Bin\..\lib\armlib\fz_ws.l(dflt_clz.o)(x$fpl$dfltu)
    __aeabi_cdcmple                          0x00007629   Thumb Code     0  C:\Keil_v5\ARM\ARMCC\Bin\..\lib\armlib\fz_ws.l(dleqf.o)(x$fpl$dleqf)
    _dcmple                                  0x00007629   Thumb Code   120  C:\Keil_v5\ARM\ARMCC\Bin\..\lib\armlib\fz_ws.l(dleqf.o)(x$fpl$dleqf)
    __fpl_dcmple_InfNaN                      0x0000768b   Thumb Code     0  C:\Keil_v5\ARM\ARMCC\Bin\..\lib\armlib\fz_ws.l(dleqf.o)(x$fpl$dleqf)
    __fpl_dnaninf                            0x000076a1   Thumb Code   156  C:\Keil_v5\ARM\ARMCC\Bin\..\lib\armlib\fz_ws.l(dnaninf.o)(x$fpl$dnaninf)
    _printf_fp_dec                           0x0000773d   Thumb Code     4  C:\Keil_v5\ARM\ARMCC\Bin\..\lib\armlib\fz_ws.l(printf1.o)(x$fpl$printf1)
    _printf_fp_hex                           0x00007741   Thumb Code     4  C:\Keil_v5\ARM\ARMCC\Bin\..\lib\armlib\fz_ws.l(printf2.o)(x$fpl$printf2)
    SENSORSKIP                               0x00007744   Data           1  .\build\programs_file.o(.constdata)
    __I$use$fp                               0x00007744   Number         0  C:\Keil_v5\ARM\ARMCC\Bin\..\lib\armlib\fz_ws.l(usenofp.o)(x$fpl$usenofp)
    TIMERSKIP                                0x00007745   Data           1  .\build\programs_file.o(.constdata)
    __stdin_name                             0x00007754   Data           7  .\mbed\TARGET_LPC1768\TOOLCHAIN_ARM_STD\mbed_retarget.o(.constdata)
    __stdout_name                            0x0000775b   Data           8  .\mbed\TARGET_LPC1768\TOOLCHAIN_ARM_STD\mbed_retarget.o(.constdata)
    __stderr_name                            0x00007763   Data           8  .\mbed\TARGET_LPC1768\TOOLCHAIN_ARM_STD\mbed_retarget.o(.constdata)
    SingletonPtr<PlatformMutex>::get()::string 0x000079bc   Data          20  .\mbed\TARGET_LPC1768\TOOLCHAIN_ARM_STD\mbed_retarget.o(.constdata__ZZN12SingletonPtrI13PlatformMutexE3getEvEs)
    SingletonPtr<PlatformMutex>::get()::string (instance 2) 0x000079d0   Data          93  .\mbed\TARGET_LPC1768\TOOLCHAIN_ARM_STD\mbed_retarget.o(.constdata__ZZN12SingletonPtrI13PlatformMutexE3getEvEs_0)
    Region$$Table$$Base                      0x00007c8c   Number         0  anon$$obj.o(Region$$Table)
    Region$$Table$$Limit                     0x00007cac   Number         0  anon$$obj.o(Region$$Table)
    __ctype                                  0x00007cd5   Data           0  C:\Keil_v5\ARM\ARMCC\Bin\..\lib\armlib\c_w.l(lc_ctype_c.o)(locale$$data)
    LED_status                               0x100000c8   Data           4  .\build\led_control.o(.data)
    LED_pins                                 0x100000cc   Data          16  .\build\led_control.o(.data)
    alive_timer                              0x100000dc   Data           4  .\build\led_control.o(.data)
    alive_ones                               0x100000e0   Data           4  .\build\led_control.o(.data)
    alive_tens                               0x100000e4   Data           4  .\build\led_control.o(.data)
    alive_hundreds                           0x100000e8   Data           4  .\build\led_control.o(.data)
    alive_thousands                          0x100000ec   Data           4  .\build\led_control.o(.data)
    AliveHandle                              0x100000f0   Data           4  .\build\led_control.o(.data)
    LOGGED_IN                                0x100000f4   Data           1  .\build\uart_control.o(.data)
    USERNAME_MATCHED                         0x100000f5   Data           1  .\build\uart_control.o(.data)
    PASSWORD_MATCHED                         0x100000f6   Data           1  .\build\uart_control.o(.data)
    qUART_TxQ                                0x100000f8   Data           4  .\build\uart_control.o(.data)
    qUART_RxQ                                0x100000fc   Data           4  .\build\uart_control.o(.data)
    UART0_TxSemaphore                        0x10000100   Data           4  .\build\uart_control.o(.data)
    USER_LIBRARY                             0x10000107   Data          40  .\build\uart_control.o(.data)
    PASS_LIBRARY                             0x1000012f   Data          40  .\build\uart_control.o(.data)
    USERS_NAMES                              0x10000157   Data         150  .\build\uart_control.o(.data)
    USER_PERMISSIONS                         0x100001ed   Data           5  .\build\uart_control.o(.data)
    branch_string                            0x100001f2   Data          20  .\build\uart_control.o(.data)
    keyword_strings                          0x10000206   Data         300  .\build\uart_control.o(.data)
    keyword_functions                        0x10000334   Data         100  .\build\uart_control.o(.data)
    PinLibrary_Initialized                   0x1000039d   Data           1  .\build\gpio_setup.o(.data)
    pxCurrentTCB                             0x100003ac   Data           4  .\build\tasks.o(.data)
    OperationQ                               0x10000414   Data           4  .\build\programs_file.o(.data)
    ProgramLibrary                           0x10000418   Data           4  .\build\programs_file.o(.data)
    ProgramHandlerQ                          0x1000041c   Data           4  .\build\programs_file.o(.data)
    CurrentProgram                           0x10000420   Data           1  .\build\programs_file.o(.data)
    ProgramTimerLibrary                      0x10000421   Data          96  .\build\programs_file.o(.data)
    HardwareLibrary                          0x10000482   Data          64  .\build\programs_file.o(.data)
    SensorQ                                  0x100004c4   Data           4  .\build\sensor_file.o(.data)
    ACTIVE_SENSORS                           0x100004c8   Data           1  .\build\sensor_file.o(.data)
    SensorDataLibrary                        0x100004ca   Data          96  .\build\sensor_file.o(.data)
    stdio_uart_inited                        0x1000053c   Data           4  .\mbed\TARGET_LPC1768\TOOLCHAIN_ARM_STD\serial_api.o(.data)
    stdio_uart                               0x10000544   Data           8  .\mbed\TARGET_LPC1768\TOOLCHAIN_ARM_STD\serial_api.o(.data)
    SystemCoreClock                          0x1000054c   Data           4  .\mbed\TARGET_LPC1768\TOOLCHAIN_ARM_STD\system_LPC17xx.o(.data)
    us_ticker_inited                         0x10000550   Data           4  .\mbed\TARGET_LPC1768\TOOLCHAIN_ARM_STD\us_ticker.o(.data)
    mbed::FileBase::_head                    0x10000564   Data           4  .\mbed\TARGET_LPC1768\TOOLCHAIN_ARM_STD\mbed.ar(FileBase.o)(.data)
    mbed::FileBase::_mutex                   0x10000568   Data           8  .\mbed\TARGET_LPC1768\TOOLCHAIN_ARM_STD\mbed.ar(FileBase.o)(.data)
    __aeabi_stdin                            0x10000570   Data           4  C:\Keil_v5\ARM\ARMCC\Bin\..\lib\armlib\c_w.l(stdio_streams.o)(.data)
    __aeabi_stdout                           0x10000574   Data           4  C:\Keil_v5\ARM\ARMCC\Bin\..\lib\armlib\c_w.l(stdio_streams.o)(.data)
    __aeabi_stderr                           0x10000578   Data           4  C:\Keil_v5\ARM\ARMCC\Bin\..\lib\armlib\c_w.l(stdio_streams.o)(.data)
    PinLibrary                               0x10000580   Data         160  .\build\gpio_setup.o(.bss)
    SensorStatusLibrary                      0x10004710   Data          16  .\build\sensor_file.o(.bss)
    __stdin                                  0x1000498c   Data          84  C:\Keil_v5\ARM\ARMCC\Bin\..\lib\armlib\c_w.l(stdio_streams.o)(.bss)
    __stdout                                 0x100049e0   Data          84  C:\Keil_v5\ARM\ARMCC\Bin\..\lib\armlib\c_w.l(stdio_streams.o)(.bss)
    __stderr                                 0x10004a34   Data          84  C:\Keil_v5\ARM\ARMCC\Bin\..\lib\armlib\c_w.l(stdio_streams.o)(.bss)
    Image$$RW_IRAM1$$ZI$$Limit               0x10004aa0   Number         0  anon$$obj.o ABSOLUTE



==============================================================================

Memory Map of the image

  Image Entry point : 0x00000301

  Load Region LR_IROM1 (Base: 0x00000000, Size: 0x00008290, Max: 0x00080000, ABSOLUTE, COMPRESSED[0x00007f38])

    Execution Region ER_IROM0 (Exec base: 0x00000000, Load base: 0x00000000, Size: 0x000000c4, Max: 0x000002fc, ABSOLUTE)

    Exec Addr    Load Addr    Size         Type   Attr      Idx    E Section Name        Object

    0x00000000   0x00000000   0x000000c4   Data   RO         2090    RESET               .\mbed\TARGET_LPC1768\TOOLCHAIN_ARM_STD\startup_LPC17xx.o


    Execution Region ER_CRP (Exec base: 0x000002fc, Load base: 0x000002fc, Size: 0x00000004, Max: 0x00000004, ABSOLUTE, FIXED)

    Exec Addr    Load Addr    Size         Type   Attr      Idx    E Section Name        Object

    0x000002fc   0x000002fc   0x00000004   Data   RO         1603    .CRPSection         .\mbed\TARGET_LPC1768\TOOLCHAIN_ARM_STD\CRP.o


    Execution Region ER_IROM1 (Exec base: 0x00000300, Load base: 0x00000300, Size: 0x00007ad8, Max: 0x0007fd00, ABSOLUTE, FIXED)

    Exec Addr    Load Addr    Size         Type   Attr      Idx    E Section Name        Object

    0x00000300   0x00000300   0x00000008   Code   RO         2524  * !!!main             C:\Keil_v5\ARM\ARMCC\Bin\..\lib\armlib\c_w.l(__main.o)
    0x00000308   0x00000308   0x00000034   Code   RO         3146    !!!scatter          C:\Keil_v5\ARM\ARMCC\Bin\..\lib\armlib\c_w.l(__scatter.o)
    0x0000033c   0x0000033c   0x0000005a   Code   RO         3144    !!dczerorl2         C:\Keil_v5\ARM\ARMCC\Bin\..\lib\armlib\c_w.l(__dczerorl2.o)
    0x00000396   0x00000396   0x00000002   PAD
    0x00000398   0x00000398   0x0000001c   Code   RO         3148    !!handler_zi        C:\Keil_v5\ARM\ARMCC\Bin\..\lib\armlib\c_w.l(__scatter_zi.o)
    0x000003b4   0x000003b4   0x00000000   Code   RO         2794    .ARM.Collect$$_printf_percent$$00000000  C:\Keil_v5\ARM\ARMCC\Bin\..\lib\armlib\c_w.l(_printf_percent.o)
    0x000003b4   0x000003b4   0x00000006   Code   RO         2783    .ARM.Collect$$_printf_percent$$00000001  C:\Keil_v5\ARM\ARMCC\Bin\..\lib\armlib\c_w.l(_printf_n.o)
    0x000003ba   0x000003ba   0x00000006   Code   RO         2785    .ARM.Collect$$_printf_percent$$00000002  C:\Keil_v5\ARM\ARMCC\Bin\..\lib\armlib\c_w.l(_printf_p.o)
    0x000003c0   0x000003c0   0x00000006   Code   RO         2790    .ARM.Collect$$_printf_percent$$00000003  C:\Keil_v5\ARM\ARMCC\Bin\..\lib\armlib\c_w.l(_printf_f.o)
    0x000003c6   0x000003c6   0x00000006   Code   RO         2791    .ARM.Collect$$_printf_percent$$00000004  C:\Keil_v5\ARM\ARMCC\Bin\..\lib\armlib\c_w.l(_printf_e.o)
    0x000003cc   0x000003cc   0x00000006   Code   RO         2792    .ARM.Collect$$_printf_percent$$00000005  C:\Keil_v5\ARM\ARMCC\Bin\..\lib\armlib\c_w.l(_printf_g.o)
    0x000003d2   0x000003d2   0x00000006   Code   RO         2793    .ARM.Collect$$_printf_percent$$00000006  C:\Keil_v5\ARM\ARMCC\Bin\..\lib\armlib\c_w.l(_printf_a.o)
    0x000003d8   0x000003d8   0x0000000a   Code   RO         2798    .ARM.Collect$$_printf_percent$$00000007  C:\Keil_v5\ARM\ARMCC\Bin\..\lib\armlib\c_w.l(_printf_ll.o)
    0x000003e2   0x000003e2   0x00000006   Code   RO         2787    .ARM.Collect$$_printf_percent$$00000008  C:\Keil_v5\ARM\ARMCC\Bin\..\lib\armlib\c_w.l(_printf_i.o)
    0x000003e8   0x000003e8   0x00000006   Code   RO         2788    .ARM.Collect$$_printf_percent$$00000009  C:\Keil_v5\ARM\ARMCC\Bin\..\lib\armlib\c_w.l(_printf_d.o)
    0x000003ee   0x000003ee   0x00000006   Code   RO         2789    .ARM.Collect$$_printf_percent$$0000000A  C:\Keil_v5\ARM\ARMCC\Bin\..\lib\armlib\c_w.l(_printf_u.o)
    0x000003f4   0x000003f4   0x00000006   Code   RO         2786    .ARM.Collect$$_printf_percent$$0000000B  C:\Keil_v5\ARM\ARMCC\Bin\..\lib\armlib\c_w.l(_printf_o.o)
    0x000003fa   0x000003fa   0x00000006   Code   RO         2784    .ARM.Collect$$_printf_percent$$0000000C  C:\Keil_v5\ARM\ARMCC\Bin\..\lib\armlib\c_w.l(_printf_x.o)
    0x00000400   0x00000400   0x00000006   Code   RO         2795    .ARM.Collect$$_printf_percent$$0000000D  C:\Keil_v5\ARM\ARMCC\Bin\..\lib\armlib\c_w.l(_printf_lli.o)
    0x00000406   0x00000406   0x00000006   Code   RO         2796    .ARM.Collect$$_printf_percent$$0000000E  C:\Keil_v5\ARM\ARMCC\Bin\..\lib\armlib\c_w.l(_printf_lld.o)
    0x0000040c   0x0000040c   0x00000006   Code   RO         2797    .ARM.Collect$$_printf_percent$$0000000F  C:\Keil_v5\ARM\ARMCC\Bin\..\lib\armlib\c_w.l(_printf_llu.o)
    0x00000412   0x00000412   0x00000006   Code   RO         2802    .ARM.Collect$$_printf_percent$$00000010  C:\Keil_v5\ARM\ARMCC\Bin\..\lib\armlib\c_w.l(_printf_llo.o)
    0x00000418   0x00000418   0x00000006   Code   RO         2803    .ARM.Collect$$_printf_percent$$00000011  C:\Keil_v5\ARM\ARMCC\Bin\..\lib\armlib\c_w.l(_printf_llx.o)
    0x0000041e   0x0000041e   0x0000000a   Code   RO         2799    .ARM.Collect$$_printf_percent$$00000012  C:\Keil_v5\ARM\ARMCC\Bin\..\lib\armlib\c_w.l(_printf_l.o)
    0x00000428   0x00000428   0x00000006   Code   RO         2781    .ARM.Collect$$_printf_percent$$00000013  C:\Keil_v5\ARM\ARMCC\Bin\..\lib\armlib\c_w.l(_printf_c.o)
    0x0000042e   0x0000042e   0x00000006   Code   RO         2782    .ARM.Collect$$_printf_percent$$00000014  C:\Keil_v5\ARM\ARMCC\Bin\..\lib\armlib\c_w.l(_printf_s.o)
    0x00000434   0x00000434   0x00000006   Code   RO         2800    .ARM.Collect$$_printf_percent$$00000015  C:\Keil_v5\ARM\ARMCC\Bin\..\lib\armlib\c_w.l(_printf_lc.o)
    0x0000043a   0x0000043a   0x00000006   Code   RO         2801    .ARM.Collect$$_printf_percent$$00000016  C:\Keil_v5\ARM\ARMCC\Bin\..\lib\armlib\c_w.l(_printf_ls.o)
    0x00000440   0x00000440   0x00000004   Code   RO         2964    .ARM.Collect$$_printf_percent$$00000017  C:\Keil_v5\ARM\ARMCC\Bin\..\lib\armlib\c_w.l(_printf_percent_end.o)
    0x00000444   0x00000444   0x00000002   Code   RO         3096    .ARM.Collect$$libinit$$00000000  C:\Keil_v5\ARM\ARMCC\Bin\..\lib\armlib\c_w.l(libinit.o)
    0x00000446   0x00000446   0x00000000   Code   RO         2836    .ARM.Collect$$libinit$$00000002  C:\Keil_v5\ARM\ARMCC\Bin\..\lib\armlib\c_w.l(libinit2.o)
    0x00000446   0x00000446   0x00000000   Code   RO         2838    .ARM.Collect$$libinit$$00000004  C:\Keil_v5\ARM\ARMCC\Bin\..\lib\armlib\c_w.l(libinit2.o)
    0x00000446   0x00000446   0x00000008   Code   RO         2839    .ARM.Collect$$libinit$$00000005  C:\Keil_v5\ARM\ARMCC\Bin\..\lib\armlib\c_w.l(libinit2.o)
    0x0000044e   0x0000044e   0x00000000   Code   RO         2841    .ARM.Collect$$libinit$$0000000A  C:\Keil_v5\ARM\ARMCC\Bin\..\lib\armlib\c_w.l(libinit2.o)
    0x0000044e   0x0000044e   0x00000000   Code   RO         2843    .ARM.Collect$$libinit$$0000000C  C:\Keil_v5\ARM\ARMCC\Bin\..\lib\armlib\c_w.l(libinit2.o)
    0x0000044e   0x0000044e   0x00000000   Code   RO         2845    .ARM.Collect$$libinit$$0000000E  C:\Keil_v5\ARM\ARMCC\Bin\..\lib\armlib\c_w.l(libinit2.o)
    0x0000044e   0x0000044e   0x00000006   Code   RO         2846    .ARM.Collect$$libinit$$0000000F  C:\Keil_v5\ARM\ARMCC\Bin\..\lib\armlib\c_w.l(libinit2.o)
    0x00000454   0x00000454   0x00000000   Code   RO         2848    .ARM.Collect$$libinit$$00000011  C:\Keil_v5\ARM\ARMCC\Bin\..\lib\armlib\c_w.l(libinit2.o)
    0x00000454   0x00000454   0x0000000c   Code   RO         2849    .ARM.Collect$$libinit$$00000012  C:\Keil_v5\ARM\ARMCC\Bin\..\lib\armlib\c_w.l(libinit2.o)
    0x00000460   0x00000460   0x00000000   Code   RO         2850    .ARM.Collect$$libinit$$00000013  C:\Keil_v5\ARM\ARMCC\Bin\..\lib\armlib\c_w.l(libinit2.o)
    0x00000460   0x00000460   0x00000000   Code   RO         2852    .ARM.Collect$$libinit$$00000015  C:\Keil_v5\ARM\ARMCC\Bin\..\lib\armlib\c_w.l(libinit2.o)
    0x00000460   0x00000460   0x0000000a   Code   RO         2853    .ARM.Collect$$libinit$$00000016  C:\Keil_v5\ARM\ARMCC\Bin\..\lib\armlib\c_w.l(libinit2.o)
    0x0000046a   0x0000046a   0x00000000   Code   RO         2854    .ARM.Collect$$libinit$$00000017  C:\Keil_v5\ARM\ARMCC\Bin\..\lib\armlib\c_w.l(libinit2.o)
    0x0000046a   0x0000046a   0x00000000   Code   RO         2856    .ARM.Collect$$libinit$$00000019  C:\Keil_v5\ARM\ARMCC\Bin\..\lib\armlib\c_w.l(libinit2.o)
    0x0000046a   0x0000046a   0x00000000   Code   RO         2858    .ARM.Collect$$libinit$$0000001B  C:\Keil_v5\ARM\ARMCC\Bin\..\lib\armlib\c_w.l(libinit2.o)
    0x0000046a   0x0000046a   0x00000000   Code   RO         2860    .ARM.Collect$$libinit$$0000001D  C:\Keil_v5\ARM\ARMCC\Bin\..\lib\armlib\c_w.l(libinit2.o)
    0x0000046a   0x0000046a   0x00000000   Code   RO         2862    .ARM.Collect$$libinit$$0000001F  C:\Keil_v5\ARM\ARMCC\Bin\..\lib\armlib\c_w.l(libinit2.o)
    0x0000046a   0x0000046a   0x00000000   Code   RO         2864    .ARM.Collect$$libinit$$00000021  C:\Keil_v5\ARM\ARMCC\Bin\..\lib\armlib\c_w.l(libinit2.o)
    0x0000046a   0x0000046a   0x00000000   Code   RO         2866    .ARM.Collect$$libinit$$00000023  C:\Keil_v5\ARM\ARMCC\Bin\..\lib\armlib\c_w.l(libinit2.o)
    0x0000046a   0x0000046a   0x00000004   Code   RO         2867    .ARM.Collect$$libinit$$00000024  C:\Keil_v5\ARM\ARMCC\Bin\..\lib\armlib\c_w.l(libinit2.o)
    0x0000046e   0x0000046e   0x00000000   Code   RO         2868    .ARM.Collect$$libinit$$00000025  C:\Keil_v5\ARM\ARMCC\Bin\..\lib\armlib\c_w.l(libinit2.o)
    0x0000046e   0x0000046e   0x00000000   Code   RO         2872    .ARM.Collect$$libinit$$0000002C  C:\Keil_v5\ARM\ARMCC\Bin\..\lib\armlib\c_w.l(libinit2.o)
    0x0000046e   0x0000046e   0x00000000   Code   RO         2874    .ARM.Collect$$libinit$$0000002E  C:\Keil_v5\ARM\ARMCC\Bin\..\lib\armlib\c_w.l(libinit2.o)
    0x0000046e   0x0000046e   0x00000000   Code   RO         2876    .ARM.Collect$$libinit$$00000030  C:\Keil_v5\ARM\ARMCC\Bin\..\lib\armlib\c_w.l(libinit2.o)
    0x0000046e   0x0000046e   0x00000000   Code   RO         2878    .ARM.Collect$$libinit$$00000032  C:\Keil_v5\ARM\ARMCC\Bin\..\lib\armlib\c_w.l(libinit2.o)
    0x0000046e   0x0000046e   0x00000002   Code   RO         2879    .ARM.Collect$$libinit$$00000033  C:\Keil_v5\ARM\ARMCC\Bin\..\lib\armlib\c_w.l(libinit2.o)
    0x00000470   0x00000470   0x00000000   Code   RO         3003    .ARM.Collect$$libshutdown$$00000004  C:\Keil_v5\ARM\ARMCC\Bin\..\lib\armlib\c_w.l(libshutdown2.o)
    0x00000470   0x00000470   0x00000000   Code   RO         2681    .ARM.Collect$$rtentry$$00000000  C:\Keil_v5\ARM\ARMCC\Bin\..\lib\armlib\c_w.l(__rtentry.o)
    0x00000470   0x00000470   0x00000000   Code   RO         2923    .ARM.Collect$$rtentry$$00000002  C:\Keil_v5\ARM\ARMCC\Bin\..\lib\armlib\c_w.l(__rtentry2.o)
    0x00000470   0x00000470   0x00000006   Code   RO         2935    .ARM.Collect$$rtentry$$00000004  C:\Keil_v5\ARM\ARMCC\Bin\..\lib\armlib\c_w.l(__rtentry4.o)
    0x00000476   0x00000476   0x00000008   Code   RO         2924    .ARM.Collect$$rtentry$$00000008  C:\Keil_v5\ARM\ARMCC\Bin\..\lib\armlib\c_w.l(__rtentry2.o)
    0x0000047e   0x0000047e   0x00000004   Code   RO         2926    .ARM.Collect$$rtentry$$0000000A  C:\Keil_v5\ARM\ARMCC\Bin\..\lib\armlib\c_w.l(__rtentry2.o)
    0x00000482   0x00000482   0x00000000   Code   RO         2928    .ARM.Collect$$rtentry$$0000000C  C:\Keil_v5\ARM\ARMCC\Bin\..\lib\armlib\c_w.l(__rtentry2.o)
    0x00000482   0x00000482   0x00000008   Code   RO         2929    .ARM.Collect$$rtentry$$0000000D  C:\Keil_v5\ARM\ARMCC\Bin\..\lib\armlib\c_w.l(__rtentry2.o)
    0x0000048a   0x0000048a   0x00000002   PAD
    0x0000048c   0x0000048c   0x00000096   Code   RO          555    .emb_text           .\build\port.o
    0x00000522   0x00000522   0x00000002   PAD
    0x00000524   0x00000524   0x00000000   Code   RO         2941    .emb_text           C:\Keil_v5\ARM\ARMCC\Bin\..\lib\armlib\c_w.l(maybetermalloc1.o)
    0x00000524   0x00000524   0x00000024   Code   RO         2091    .text               .\mbed\TARGET_LPC1768\TOOLCHAIN_ARM_STD\startup_LPC17xx.o
    0x00000548   0x00000548   0x00000008   Code   RO         2409    .text               C:\Keil_v5\ARM\ARMCC\Bin\..\lib\armlib\c_w.l(rt_errno_addr.o)
    0x00000550   0x00000550   0x0000005e   Code   RO         2418    .text               C:\Keil_v5\ARM\ARMCC\Bin\..\lib\armlib\c_w.l(h1_alloc.o)
    0x000005ae   0x000005ae   0x0000004e   Code   RO         2420    .text               C:\Keil_v5\ARM\ARMCC\Bin\..\lib\armlib\c_w.l(h1_free.o)
    0x000005fc   0x000005fc   0x000000ee   Code   RO         2476    .text               C:\Keil_v5\ARM\ARMCC\Bin\..\lib\armlib\c_w.l(lludivv7m.o)
    0x000006ea   0x000006ea   0x00000026   Code   RO         2478    .text               C:\Keil_v5\ARM\ARMCC\Bin\..\lib\armlib\c_w.l(llshl.o)
    0x00000710   0x00000710   0x00000034   Code   RO         2480    .text               C:\Keil_v5\ARM\ARMCC\Bin\..\lib\armlib\c_w.l(vsnprintf.o)
    0x00000744   0x00000744   0x00000064   Code   RO         2486    .text               C:\Keil_v5\ARM\ARMCC\Bin\..\lib\armlib\c_w.l(fflush.o)
    0x000007a8   0x000007a8   0x000000ec   Code   RO         2494    .text               C:\Keil_v5\ARM\ARMCC\Bin\..\lib\armlib\c_w.l(fopen.o)
    0x00000894   0x00000894   0x0000003e   Code   RO         2510    .text               C:\Keil_v5\ARM\ARMCC\Bin\..\lib\armlib\c_w.l(strlen.o)
    0x000008d2   0x000008d2   0x00000096   Code   RO         2512    .text               C:\Keil_v5\ARM\ARMCC\Bin\..\lib\armlib\c_w.l(strncmp.o)
    0x00000968   0x00000968   0x0000008a   Code   RO         2514    .text               C:\Keil_v5\ARM\ARMCC\Bin\..\lib\armlib\c_w.l(rt_memcpy_v6.o)
    0x000009f2   0x000009f2   0x00000064   Code   RO         2516    .text               C:\Keil_v5\ARM\ARMCC\Bin\..\lib\armlib\c_w.l(rt_memcpy_w.o)
    0x00000a56   0x00000a56   0x00000010   Code   RO         2518    .text               C:\Keil_v5\ARM\ARMCC\Bin\..\lib\armlib\c_w.l(aeabi_memset.o)
    0x00000a66   0x00000a66   0x00000044   Code   RO         2520    .text               C:\Keil_v5\ARM\ARMCC\Bin\..\lib\armlib\c_w.l(rt_memclr.o)
    0x00000aaa   0x00000aaa   0x00000002   PAD
    0x00000aac   0x00000aac   0x00000080   Code   RO         2522    .text               C:\Keil_v5\ARM\ARMCC\Bin\..\lib\armlib\c_w.l(strcmpv7m.o)
    0x00000b2c   0x00000b2c   0x00000008   Code   RO         2686    .text               C:\Keil_v5\ARM\ARMCC\Bin\..\lib\armlib\c_w.l(rt_heap_descriptor.o)
    0x00000b34   0x00000b34   0x00000004   Code   RO         2691    .text               C:\Keil_v5\ARM\ARMCC\Bin\..\lib\armlib\c_w.l(hguard.o)
    0x00000b38   0x00000b38   0x0000008a   Code   RO         2693    .text               C:\Keil_v5\ARM\ARMCC\Bin\..\lib\armlib\c_w.l(init_alloc.o)
    0x00000bc2   0x00000bc2   0x0000000e   Code   RO         2697    .text               C:\Keil_v5\ARM\ARMCC\Bin\..\lib\armlib\c_w.l(h1_init.o)
    0x00000bd0   0x00000bd0   0x0000004e   Code   RO         2713    .text               C:\Keil_v5\ARM\ARMCC\Bin\..\lib\armlib\c_w.l(_printf_pad.o)
    0x00000c1e   0x00000c1e   0x00000024   Code   RO         2715    .text               C:\Keil_v5\ARM\ARMCC\Bin\..\lib\armlib\c_w.l(_printf_truncate.o)
    0x00000c42   0x00000c42   0x00000052   Code   RO         2717    .text               C:\Keil_v5\ARM\ARMCC\Bin\..\lib\armlib\c_w.l(_printf_str.o)
    0x00000c94   0x00000c94   0x00000078   Code   RO         2719    .text               C:\Keil_v5\ARM\ARMCC\Bin\..\lib\armlib\c_w.l(_printf_dec.o)
    0x00000d0c   0x00000d0c   0x00000028   Code   RO         2721    .text               C:\Keil_v5\ARM\ARMCC\Bin\..\lib\armlib\c_w.l(_printf_charcount.o)
    0x00000d34   0x00000d34   0x00000030   Code   RO         2723    .text               C:\Keil_v5\ARM\ARMCC\Bin\..\lib\armlib\c_w.l(_printf_char_common.o)
    0x00000d64   0x00000d64   0x0000000a   Code   RO         2725    .text               C:\Keil_v5\ARM\ARMCC\Bin\..\lib\armlib\c_w.l(_sputc.o)
    0x00000d6e   0x00000d6e   0x00000010   Code   RO         2727    .text               C:\Keil_v5\ARM\ARMCC\Bin\..\lib\armlib\c_w.l(_snputc.o)
    0x00000d7e   0x00000d7e   0x00000002   PAD
    0x00000d80   0x00000d80   0x000000bc   Code   RO         2729    .text               C:\Keil_v5\ARM\ARMCC\Bin\..\lib\armlib\c_w.l(_printf_wctomb.o)
    0x00000e3c   0x00000e3c   0x0000007c   Code   RO         2732    .text               C:\Keil_v5\ARM\ARMCC\Bin\..\lib\armlib\c_w.l(_printf_longlong_dec.o)
    0x00000eb8   0x00000eb8   0x00000070   Code   RO         2738    .text               C:\Keil_v5\ARM\ARMCC\Bin\..\lib\armlib\c_w.l(_printf_oct_int_ll.o)
    0x00000f28   0x00000f28   0x00000094   Code   RO         2758    .text               C:\Keil_v5\ARM\ARMCC\Bin\..\lib\armlib\c_w.l(_printf_hex_int_ll_ptr.o)
    0x00000fbc   0x00000fbc   0x00000188   Code   RO         2778    .text               C:\Keil_v5\ARM\ARMCC\Bin\..\lib\armlib\c_w.l(__printf_flags_ss_wp.o)
    0x00001144   0x00001144   0x000000f8   Code   RO         2814    .text               C:\Keil_v5\ARM\ARMCC\Bin\..\lib\armlib\c_w.l(fseek.o)
    0x0000123c   0x0000123c   0x00000046   Code   RO         2816    .text               C:\Keil_v5\ARM\ARMCC\Bin\..\lib\armlib\c_w.l(setvbuf.o)
    0x00001282   0x00001282   0x00000002   PAD
    0x00001284   0x00001284   0x000000f0   Code   RO         2818    .text               C:\Keil_v5\ARM\ARMCC\Bin\..\lib\armlib\c_w.l(stdio.o)
    0x00001374   0x00001374   0x00000138   Code   RO         2821    .text               C:\Keil_v5\ARM\ARMCC\Bin\..\lib\armlib\c_w.l(initio.o)
    0x000014ac   0x000014ac   0x0000004c   Code   RO         2823    .text               C:\Keil_v5\ARM\ARMCC\Bin\..\lib\armlib\c_w.l(fclose.o)
    0x000014f8   0x000014f8   0x0000004e   Code   RO         2831    .text               C:\Keil_v5\ARM\ARMCC\Bin\..\lib\armlib\c_w.l(rt_memclr_w.o)
    0x00001546   0x00001546   0x00000034   Code   RO         2943    .text               C:\Keil_v5\ARM\ARMCC\Bin\..\lib\armlib\c_w.l(h1_extend.o)
    0x0000157a   0x0000157a   0x0000008a   Code   RO         2947    .text               C:\Keil_v5\ARM\ARMCC\Bin\..\lib\armlib\c_w.l(lludiv10.o)
    0x00001604   0x00001604   0x000000b2   Code   RO         2951    .text               C:\Keil_v5\ARM\ARMCC\Bin\..\lib\armlib\c_w.l(_printf_intcommon.o)
    0x000016b6   0x000016b6   0x0000041e   Code   RO         2953    .text               C:\Keil_v5\ARM\ARMCC\Bin\..\lib\armlib\c_w.l(_printf_fp_dec.o)
    0x00001ad4   0x00001ad4   0x000002fc   Code   RO         2955    .text               C:\Keil_v5\ARM\ARMCC\Bin\..\lib\armlib\c_w.l(_printf_fp_hex.o)
    0x00001dd0   0x00001dd0   0x0000002c   Code   RO         2960    .text               C:\Keil_v5\ARM\ARMCC\Bin\..\lib\armlib\c_w.l(_printf_char.o)
    0x00001dfc   0x00001dfc   0x0000002c   Code   RO         2962    .text               C:\Keil_v5\ARM\ARMCC\Bin\..\lib\armlib\c_w.l(_printf_wchar.o)
    0x00001e28   0x00001e28   0x00000042   Code   RO         2967    .text               C:\Keil_v5\ARM\ARMCC\Bin\..\lib\armlib\c_w.l(ftell.o)
    0x00001e6a   0x00001e6a   0x00000040   Code   RO         2983    .text               C:\Keil_v5\ARM\ARMCC\Bin\..\lib\armlib\c_w.l(_wcrtomb.o)
    0x00001eaa   0x00001eaa   0x0000000e   Code   RO         2985    .text               C:\Keil_v5\ARM\ARMCC\Bin\..\lib\armlib\c_w.l(defsig_rtred_outer.o)
    0x00001eb8   0x00001eb8   0x0000000e   Code   RO         2989    .text               C:\Keil_v5\ARM\ARMCC\Bin\..\lib\armlib\c_w.l(defsig_rtmem_outer.o)
    0x00001ec6   0x00001ec6   0x00000002   PAD
    0x00001ec8   0x00001ec8   0x00000050   Code   RO         2993    .text               C:\Keil_v5\ARM\ARMCC\Bin\..\lib\armlib\c_w.l(heapauxa.o)
    0x00001f18   0x00001f18   0x00000010   Code   RO         3031    .text               C:\Keil_v5\ARM\ARMCC\Bin\..\lib\armlib\c_w.l(rt_ctype_table.o)
    0x00001f28   0x00001f28   0x00000008   Code   RO         3035    .text               C:\Keil_v5\ARM\ARMCC\Bin\..\lib\armlib\c_w.l(rt_locale.o)
    0x00001f30   0x00001f30   0x00000080   Code   RO         3047    .text               C:\Keil_v5\ARM\ARMCC\Bin\..\lib\armlib\c_w.l(_printf_fp_infnan.o)
    0x00001fb0   0x00001fb0   0x000000e4   Code   RO         3049    .text               C:\Keil_v5\ARM\ARMCC\Bin\..\lib\armlib\c_w.l(bigflt0.o)
    0x00002094   0x00002094   0x0000000a   Code   RO         3079    .text               C:\Keil_v5\ARM\ARMCC\Bin\..\lib\armlib\c_w.l(defsig_exit.o)
    0x0000209e   0x0000209e   0x00000002   PAD
    0x000020a0   0x000020a0   0x00000034   Code   RO         3085    .text               C:\Keil_v5\ARM\ARMCC\Bin\..\lib\armlib\c_w.l(defsig_rtred_inner.o)
    0x000020d4   0x000020d4   0x00000050   Code   RO         3087    .text               C:\Keil_v5\ARM\ARMCC\Bin\..\lib\armlib\c_w.l(defsig_rtmem_inner.o)
    0x00002124   0x00002124   0x0000000c   Code   RO         3104    .text               C:\Keil_v5\ARM\ARMCC\Bin\..\lib\armlib\c_w.l(sys_exit.o)
    0x00002130   0x00002130   0x00000032   Code   RO         3115    .text               C:\Keil_v5\ARM\ARMCC\Bin\..\lib\armlib\c_w.l(defsig_general.o)
    0x00002162   0x00002162   0x0000000e   Code   RO         3123    .text               C:\Keil_v5\ARM\ARMCC\Bin\..\lib\armlib\c_w.l(sys_wrch.o)
    0x00002170   0x00002170   0x00000002   Code   RO         3125    .text               C:\Keil_v5\ARM\ARMCC\Bin\..\lib\armlib\c_w.l(use_no_semi.o)
    0x00002172   0x00002172   0x00000000   Code   RO         3127    .text               C:\Keil_v5\ARM\ARMCC\Bin\..\lib\armlib\c_w.l(indicate_semi.o)
    0x00002172   0x00002172   0x0000003e   Code   RO         3052    CL$$btod_d2e        C:\Keil_v5\ARM\ARMCC\Bin\..\lib\armlib\c_w.l(btod.o)
    0x000021b0   0x000021b0   0x00000046   Code   RO         3054    CL$$btod_d2e_denorm_low  C:\Keil_v5\ARM\ARMCC\Bin\..\lib\armlib\c_w.l(btod.o)
    0x000021f6   0x000021f6   0x00000060   Code   RO         3053    CL$$btod_d2e_norm_op1  C:\Keil_v5\ARM\ARMCC\Bin\..\lib\armlib\c_w.l(btod.o)
    0x00002256   0x00002256   0x00000338   Code   RO         3062    CL$$btod_div_common  C:\Keil_v5\ARM\ARMCC\Bin\..\lib\armlib\c_w.l(btod.o)
    0x0000258e   0x0000258e   0x000000dc   Code   RO         3059    CL$$btod_e2e        C:\Keil_v5\ARM\ARMCC\Bin\..\lib\armlib\c_w.l(btod.o)
    0x0000266a   0x0000266a   0x0000002a   Code   RO         3056    CL$$btod_ediv       C:\Keil_v5\ARM\ARMCC\Bin\..\lib\armlib\c_w.l(btod.o)
    0x00002694   0x00002694   0x0000002a   Code   RO         3055    CL$$btod_emul       C:\Keil_v5\ARM\ARMCC\Bin\..\lib\armlib\c_w.l(btod.o)
    0x000026be   0x000026be   0x00000244   Code   RO         3061    CL$$btod_mult_common  C:\Keil_v5\ARM\ARMCC\Bin\..\lib\armlib\c_w.l(btod.o)
    0x00002902   0x00002902   0x0000000e   Code   RO         1911    i.$Sub$$main        .\mbed\TARGET_LPC1768\TOOLCHAIN_ARM_STD\mbed_sdk_boot.o
    0x00002910   0x00002910   0x00000034   Code   RO          556    i.SysTick_Handler   .\build\port.o
    0x00002944   0x00002944   0x000000a0   Code   RO         2097    i.SystemInit        .\mbed\TARGET_LPC1768\TOOLCHAIN_ARM_STD\system_LPC17xx.o
    0x000029e4   0x000029e4   0x00000004   Code   RO         2373    i._ZN4mbed8FileBase11getPathTypeEv  .\mbed\TARGET_LPC1768\TOOLCHAIN_ARM_STD\mbed.ar(FileBase.o)
    0x000029e8   0x000029e8   0x0000006c   Code   RO         2375    i._ZN4mbed8FileBase6lookupEPKcj  .\mbed\TARGET_LPC1768\TOOLCHAIN_ARM_STD\mbed.ar(FileBase.o)
    0x00002a54   0x00002a54   0x0000001e   Code   RO         2294    i._ZN4mbed8FilePath10fileSystemEv  .\mbed\TARGET_LPC1768\TOOLCHAIN_ARM_STD\mbed.ar(FilePath.o)
    0x00002a72   0x00002a72   0x0000001c   Code   RO         2296    i._ZN4mbed8FilePath4fileEv  .\mbed\TARGET_LPC1768\TOOLCHAIN_ARM_STD\mbed.ar(FilePath.o)
    0x00002a8e   0x00002a8e   0x0000000a   Code   RO         2297    i._ZN4mbed8FilePath6existsEv  .\mbed\TARGET_LPC1768\TOOLCHAIN_ARM_STD\mbed.ar(FilePath.o)
    0x00002a98   0x00002a98   0x00000018   Code   RO         2298    i._ZN4mbed8FilePath6isFileEv  .\mbed\TARGET_LPC1768\TOOLCHAIN_ARM_STD\mbed.ar(FilePath.o)
    0x00002ab0   0x00002ab0   0x00000004   Code   RO         2299    i._ZN4mbed8FilePath8fileNameEv  .\mbed\TARGET_LPC1768\TOOLCHAIN_ARM_STD\mbed.ar(FilePath.o)
    0x00002ab4   0x00002ab4   0x00000040   Code   RO         2300    i._ZN4mbed8FilePathC1EPKc  .\mbed\TARGET_LPC1768\TOOLCHAIN_ARM_STD\mbed.ar(FilePath.o)
    0x00002af4   0x00002af4   0x00000028   Code   RO         3102    i.__ARM_fpclassify  C:\Keil_v5\ARM\ARMCC\Bin\..\lib\armlib\m_ws.l(fpclassify.o)
    0x00002b1c   0x00002b1c   0x00000008   Code   RO         1764    i.__user_setup_stackheap  .\mbed\TARGET_LPC1768\TOOLCHAIN_ARM_STD\mbed_retarget.o
    0x00002b24   0x00002b24   0x0000000e   Code   RO         2771    i._is_digit         C:\Keil_v5\ARM\ARMCC\Bin\..\lib\armlib\c_w.l(__printf_wp.o)
    0x00002b32   0x00002b32   0x00000002   PAD
    0x00002b34   0x00002b34   0x00000010   Code   RO         1765    i._mbed_user_setup_stackheap  .\mbed\TARGET_LPC1768\TOOLCHAIN_ARM_STD\mbed_retarget.o
    0x00002b44   0x00002b44   0x0000001c   Code   RO         1912    i._platform_post_stackheap_init  .\mbed\TARGET_LPC1768\TOOLCHAIN_ARM_STD\mbed_sdk_boot.o
    0x00002b60   0x00002b60   0x0000004c   Code   RO         1766    i._sys_close        .\mbed\TARGET_LPC1768\TOOLCHAIN_ARM_STD\mbed_retarget.o
    0x00002bac   0x00002bac   0x0000004c   Code   RO         1769    i._sys_flen         .\mbed\TARGET_LPC1768\TOOLCHAIN_ARM_STD\mbed_retarget.o
    0x00002bf8   0x00002bf8   0x00000040   Code   RO         1770    i._sys_istty        .\mbed\TARGET_LPC1768\TOOLCHAIN_ARM_STD\mbed_retarget.o
    0x00002c38   0x00002c38   0x00000208   Code   RO         1771    i._sys_open         .\mbed\TARGET_LPC1768\TOOLCHAIN_ARM_STD\mbed_retarget.o
    0x00002e40   0x00002e40   0x00000050   Code   RO         1773    i._sys_seek         .\mbed\TARGET_LPC1768\TOOLCHAIN_ARM_STD\mbed_retarget.o
    0x00002e90   0x00002e90   0x00000080   Code   RO         1774    i._sys_write        .\mbed\TARGET_LPC1768\TOOLCHAIN_ARM_STD\mbed_retarget.o
    0x00002f10   0x00002f10   0x0000008c   Code   RO         2267    i.core_util_critical_section_enter  .\mbed\TARGET_LPC1768\TOOLCHAIN_ARM_STD\mbed.ar(mbed_critical.o)
    0x00002f9c   0x00002f9c   0x00000058   Code   RO         2268    i.core_util_critical_section_exit  .\mbed\TARGET_LPC1768\TOOLCHAIN_ARM_STD\mbed.ar(mbed_critical.o)
    0x00002ff4   0x00002ff4   0x00000012   Code   RO          225    i.delay_ms          .\build\utilities.o
    0x00003006   0x00003006   0x00000002   PAD
    0x00003008   0x00003008   0x00000028   Code   RO         2192    i.error             .\mbed\TARGET_LPC1768\TOOLCHAIN_ARM_STD\mbed.ar(mbed_error.o)
    0x00003030   0x00003030   0x0000002c   Code   RO         1777    i.exit              .\mbed\TARGET_LPC1768\TOOLCHAIN_ARM_STD\mbed_retarget.o
    0x0000305c   0x0000305c   0x00000008   Code   RO         2161    i.get_us_ticker_data  .\mbed\TARGET_LPC1768\TOOLCHAIN_ARM_STD\mbed.ar(mbed_us_ticker_api.o)
    0x00003064   0x00003064   0x00000054   Code   RO         1662    i.gpio_dir          .\mbed\TARGET_LPC1768\TOOLCHAIN_ARM_STD\gpio_api.o
    0x000030b8   0x000030b8   0x0000003a   Code   RO         1663    i.gpio_init         .\mbed\TARGET_LPC1768\TOOLCHAIN_ARM_STD\gpio_api.o
    0x000030f2   0x000030f2   0x00000028   Code   RO         2126    i.gpio_init_in      .\mbed\TARGET_LPC1768\TOOLCHAIN_ARM_STD\mbed.ar(mbed_gpio.o)
    0x0000311a   0x0000311a   0x00000002   PAD
    0x0000311c   0x0000311c   0x00000048   Code   RO         2129    i.gpio_init_out     .\mbed\TARGET_LPC1768\TOOLCHAIN_ARM_STD\mbed.ar(mbed_gpio.o)
    0x00003164   0x00003164   0x00000068   Code   RO         2130    i.gpio_init_out_ex  .\mbed\TARGET_LPC1768\TOOLCHAIN_ARM_STD\mbed.ar(mbed_gpio.o)
    0x000031cc   0x000031cc   0x00000006   Code   RO         1664    i.gpio_mode         .\mbed\TARGET_LPC1768\TOOLCHAIN_ARM_STD\gpio_api.o
    0x000031d2   0x000031d2   0x00000002   PAD
    0x000031d4   0x000031d4   0x000000d4   Code   RO         2202    i.initialize        .\mbed\TARGET_LPC1768\TOOLCHAIN_ARM_STD\mbed.ar(mbed_ticker_api.o)
    0x000032a8   0x000032a8   0x00000012   Code   RO          227    i.int_to_char_1     .\build\utilities.o
    0x000032ba   0x000032ba   0x00000012   Code   RO          228    i.int_to_char_10    .\build\utilities.o
    0x000032cc   0x000032cc   0x00000012   Code   RO          229    i.int_to_char_100   .\build\utilities.o
    0x000032de   0x000032de   0x00000012   Code   RO          134    i.led_delay_ms      .\build\led_control.o
    0x000032f0   0x000032f0   0x000000b4   Code   RO            4    i.main              .\build\main.o
    0x000033a4   0x000033a4   0x00000054   Code   RO         2184    i.mbed_assert_internal  .\mbed\TARGET_LPC1768\TOOLCHAIN_ARM_STD\mbed.ar(mbed_assert.o)
    0x000033f8   0x000033f8   0x000000bc   Code   RO         1733    i.mbed_die          .\mbed\TARGET_LPC1768\TOOLCHAIN_ARM_STD\mbed_board.o
    0x000034b4   0x000034b4   0x00000058   Code   RO         1734    i.mbed_error_printf  .\mbed\TARGET_LPC1768\TOOLCHAIN_ARM_STD\mbed_board.o
    0x0000350c   0x0000350c   0x00000054   Code   RO         1735    i.mbed_error_vfprintf  .\mbed\TARGET_LPC1768\TOOLCHAIN_ARM_STD\mbed_board.o
    0x00003560   0x00003560   0x00000004   Code   RO         2232    i.mbed_interface_connected  .\mbed\TARGET_LPC1768\TOOLCHAIN_ARM_STD\mbed.ar(mbed_interface.o)
    0x00003564   0x00003564   0x00000002   Code   RO         1914    i.mbed_main         .\mbed\TARGET_LPC1768\TOOLCHAIN_ARM_STD\mbed_sdk_boot.o
    0x00003566   0x00003566   0x00000002   Code   RO         1915    i.mbed_sdk_init     .\mbed\TARGET_LPC1768\TOOLCHAIN_ARM_STD\mbed_sdk_boot.o
    0x00003568   0x00003568   0x000000bc   Code   RO          270    i.nADC_Status       .\build\uart_control.o
    0x00003624   0x00003624   0x00000010   Code   RO          135    i.nAliveResume      .\build\led_control.o
    0x00003634   0x00003634   0x00000010   Code   RO          136    i.nAliveSuspend     .\build\led_control.o
    0x00003644   0x00003644   0x000000e0   Code   RO         1374    i.nCheckRinseTemperature  .\build\programs_file.o
    0x00003724   0x00003724   0x00000088   Code   RO         1375    i.nCheckWashTemperature  .\build\programs_file.o
    0x000037ac   0x000037ac   0x0000008c   Code   RO         1376    i.nFillSoapOperation  .\build\programs_file.o
    0x00003838   0x00003838   0x0000007c   Code   RO         1378    i.nFillTanksOperation  .\build\programs_file.o
    0x000038b4   0x000038b4   0x0000007c   Code   RO          488    i.nGPIOSetup        .\build\gpio_setup.o
    0x00003930   0x00003930   0x0000003c   Code   RO          489    i.nGPIO_STOP        .\build\gpio_setup.o
    0x0000396c   0x0000396c   0x000000c8   Code   RO          271    i.nGetAlive         .\build\uart_control.o
    0x00003a34   0x00003a34   0x00000030   Code   RO          490    i.nInitializePinLibrary  .\build\gpio_setup.o
    0x00003a64   0x00003a64   0x00000098   Code   RO          138    i.nLED_SET          .\build\led_control.o
    0x00003afc   0x00003afc   0x0000001c   Code   RO          272    i.nNewLine          .\build\uart_control.o
    0x00003b18   0x00003b18   0x00000064   Code   RO          273    i.nPinFlip_1        .\build\uart_control.o
    0x00003b7c   0x00003b7c   0x00000060   Code   RO          274    i.nPinFlip_2        .\build\uart_control.o
    0x00003bdc   0x00003bdc   0x0000000c   Code   RO          275    i.nPinSetup_1       .\build\uart_control.o
    0x00003be8   0x00003be8   0x0000000c   Code   RO          276    i.nPinSetup_2       .\build\uart_control.o
    0x00003bf4   0x00003bf4   0x000000cc   Code   RO          139    i.nPrintAlive       .\build\led_control.o
    0x00003cc0   0x00003cc0   0x00000118   Code   RO         1379    i.nRinseOperation   .\build\programs_file.o
    0x00003dd8   0x00003dd8   0x000001d4   Code   RO         1474    i.nSensorData       .\build\sensor_file.o
    0x00003fac   0x00003fac   0x0000000a   Code   RO          277    i.nTerminalClear    .\build\uart_control.o
    0x00003fb6   0x00003fb6   0x00000002   PAD
    0x00003fb8   0x00003fb8   0x000000b4   Code   RO          278    i.nTerminalHelp     .\build\uart_control.o
    0x0000406c   0x0000406c   0x00000050   Code   RO          279    i.nTerminalLogout   .\build\uart_control.o
    0x000040bc   0x000040bc   0x00000070   Code   RO          281    i.nTerminalStatus   .\build\uart_control.o
    0x0000412c   0x0000412c   0x00000028   Code   RO          282    i.nTerminalUndefined  .\build\uart_control.o
    0x00004154   0x00004154   0x00000010   Code   RO          287    i.nTerminal_LED_ALL_ON  .\build\uart_control.o
    0x00004164   0x00004164   0x00000010   Code   RO          288    i.nTerminal_LED_OFF  .\build\uart_control.o
    0x00004174   0x00004174   0x00000088   Code   RO          289    i.nUART0_init       .\build\uart_control.o
    0x000041fc   0x000041fc   0x00000014   Code   RO          291    i.nUART_TxChar      .\build\uart_control.o
    0x00004210   0x00004210   0x00000018   Code   RO          292    i.nUART_TxString    .\build\uart_control.o
    0x00004228   0x00004228   0x000000fc   Code   RO         1380    i.nWaitOperation    .\build\programs_file.o
    0x00004324   0x00004324   0x00000114   Code   RO         1381    i.nWashOperation    .\build\programs_file.o
    0x00004438   0x00004438   0x00000134   Code   RO         1383    i.nWashProgram_2    .\build\programs_file.o
    0x0000456c   0x0000456c   0x0000005c   Code   RO         1929    i.pin_function      .\mbed\TARGET_LPC1768\TOOLCHAIN_ARM_STD\pinmap.o
    0x000045c8   0x000045c8   0x00000090   Code   RO         1930    i.pin_mode          .\mbed\TARGET_LPC1768\TOOLCHAIN_ARM_STD\pinmap.o
    0x00004658   0x00004658   0x00000022   Code   RO         2144    i.pinmap_find_peripheral  .\mbed\TARGET_LPC1768\TOOLCHAIN_ARM_STD\mbed.ar(mbed_pinmap_common.o)
    0x0000467a   0x0000467a   0x00000002   PAD
    0x0000467c   0x0000467c   0x0000003c   Code   RO         2146    i.pinmap_merge      .\mbed\TARGET_LPC1768\TOOLCHAIN_ARM_STD\mbed.ar(mbed_pinmap_common.o)
    0x000046b8   0x000046b8   0x0000005c   Code   RO         2147    i.pinmap_peripheral  .\mbed\TARGET_LPC1768\TOOLCHAIN_ARM_STD\mbed.ar(mbed_pinmap_common.o)
    0x00004714   0x00004714   0x00000058   Code   RO         2148    i.pinmap_pinout     .\mbed\TARGET_LPC1768\TOOLCHAIN_ARM_STD\mbed.ar(mbed_pinmap_common.o)
    0x0000476c   0x0000476c   0x00000098   Code   RO          925    i.prvAddCurrentTaskToDelayedList  .\build\tasks.o
    0x00004804   0x00004804   0x000000b4   Code   RO          926    i.prvAddNewTaskToReadyList  .\build\tasks.o
    0x000048b8   0x000048b8   0x0000004c   Code   RO         1223    i.prvCheckForValidListAndQueue  .\build\timers.o
    0x00004904   0x00004904   0x00000064   Code   RO          927    i.prvCheckTasksWaitingTermination  .\build\tasks.o
    0x00004968   0x00004968   0x0000002a   Code   RO          766    i.prvCopyDataFromQueue  .\build\queue.o
    0x00004992   0x00004992   0x0000007c   Code   RO          767    i.prvCopyDataToQueue  .\build\queue.o
    0x00004a0e   0x00004a0e   0x00000012   Code   RO          928    i.prvDeleteTCB      .\build\tasks.o
    0x00004a20   0x00004a20   0x00000028   Code   RO         1224    i.prvGetNextExpireTime  .\build\timers.o
    0x00004a48   0x00004a48   0x00000028   Code   RO          929    i.prvIdleTask       .\build\tasks.o
    0x00004a70   0x00004a70   0x00000026   Code   RO          769    i.prvInitialiseNewQueue  .\build\queue.o
    0x00004a96   0x00004a96   0x000000b4   Code   RO          930    i.prvInitialiseNewTask  .\build\tasks.o
    0x00004b4a   0x00004b4a   0x00000002   PAD
    0x00004b4c   0x00004b4c   0x00000068   Code   RO          931    i.prvInitialiseTaskLists  .\build\tasks.o
    0x00004bb4   0x00004bb4   0x00000058   Code   RO         1226    i.prvInsertTimerInActiveList  .\build\timers.o
    0x00004c0c   0x00004c0c   0x0000001a   Code   RO          770    i.prvIsQueueEmpty   .\build\queue.o
    0x00004c26   0x00004c26   0x0000001e   Code   RO          771    i.prvIsQueueFull    .\build\queue.o
    0x00004c44   0x00004c44   0x00000064   Code   RO         1227    i.prvProcessExpiredTimer  .\build\timers.o
    0x00004ca8   0x00004ca8   0x000000f8   Code   RO         1228    i.prvProcessReceivedCommands  .\build\timers.o
    0x00004da0   0x00004da0   0x00000074   Code   RO         1229    i.prvProcessTimerOrBlockTask  .\build\timers.o
    0x00004e14   0x00004e14   0x00000034   Code   RO          932    i.prvResetNextTaskUnblockTime  .\build\tasks.o
    0x00004e48   0x00004e48   0x0000002c   Code   RO         1230    i.prvSampleTimeNow  .\build\timers.o
    0x00004e74   0x00004e74   0x000000a0   Code   RO         1231    i.prvSwitchTimerLists  .\build\timers.o
    0x00004f14   0x00004f14   0x00000040   Code   RO          557    i.prvTaskExitError  .\build\port.o
    0x00004f54   0x00004f54   0x00000058   Code   RO          933    i.prvTaskIsTaskSuspended  .\build\tasks.o
    0x00004fac   0x00004fac   0x0000001a   Code   RO         1232    i.prvTimerTask      .\build\timers.o
    0x00004fc6   0x00004fc6   0x0000007e   Code   RO          772    i.prvUnlockQueue    .\build\queue.o
    0x00005044   0x00005044   0x000000e0   Code   RO         1341    i.pvPortMalloc      .\build\heap_2.o
    0x00005124   0x00005124   0x00000020   Code   RO          934    i.pvTaskIncrementMutexHeldCount  .\build\tasks.o
    0x00005144   0x00005144   0x00000024   Code   RO          558    i.pxPortInitialiseStack  .\build\port.o
    0x00005168   0x00005168   0x000000e4   Code   RO         2203    i.schedule_interrupt  .\mbed\TARGET_LPC1768\TOOLCHAIN_ARM_STD\mbed.ar(mbed_ticker_api.o)
    0x0000524c   0x0000524c   0x00000010   Code   RO         2322    i.semihost_connected  .\mbed\TARGET_LPC1768\TOOLCHAIN_ARM_STD\mbed.ar(mbed_semihost_api.o)
    0x0000525c   0x0000525c   0x0000000c   Code   RO         2325    i.semihost_exit     .\mbed\TARGET_LPC1768\TOOLCHAIN_ARM_STD\mbed.ar(mbed_semihost_api.o)
    0x00005268   0x00005268   0x000001c4   Code   RO         2003    i.serial_baud       .\mbed\TARGET_LPC1768\TOOLCHAIN_ARM_STD\serial_api.o
    0x0000542c   0x0000542c   0x00000180   Code   RO         2010    i.serial_init       .\mbed\TARGET_LPC1768\TOOLCHAIN_ARM_STD\serial_api.o
    0x000055ac   0x000055ac   0x000000f8   Code   RO         2013    i.serial_irq_set_internal  .\mbed\TARGET_LPC1768\TOOLCHAIN_ARM_STD\serial_api.o
    0x000056a4   0x000056a4   0x00000068   Code   RO         2015    i.serial_putc       .\mbed\TARGET_LPC1768\TOOLCHAIN_ARM_STD\serial_api.o
    0x0000570c   0x0000570c   0x0000010c   Code   RO         2017    i.serial_set_flow_control  .\mbed\TARGET_LPC1768\TOOLCHAIN_ARM_STD\serial_api.o
    0x00005818   0x00005818   0x00000130   Code   RO         1385    i.tProgram_Handler  .\build\programs_file.o
    0x00005948   0x00005948   0x0000004e   Code   RO         2207    i.ticker_irq_handler  .\mbed\TARGET_LPC1768\TOOLCHAIN_ARM_STD\mbed.ar(mbed_ticker_api.o)
    0x00005996   0x00005996   0x0000001c   Code   RO         2208    i.ticker_read       .\mbed\TARGET_LPC1768\TOOLCHAIN_ARM_STD\mbed.ar(mbed_ticker_api.o)
    0x000059b2   0x000059b2   0x00000002   PAD
    0x000059b4   0x000059b4   0x00000014   Code   RO         2019    i.uart0_irq         .\mbed\TARGET_LPC1768\TOOLCHAIN_ARM_STD\serial_api.o
    0x000059c8   0x000059c8   0x00000014   Code   RO         2020    i.uart1_irq         .\mbed\TARGET_LPC1768\TOOLCHAIN_ARM_STD\serial_api.o
    0x000059dc   0x000059dc   0x00000014   Code   RO         2021    i.uart2_irq         .\mbed\TARGET_LPC1768\TOOLCHAIN_ARM_STD\serial_api.o
    0x000059f0   0x000059f0   0x00000014   Code   RO         2022    i.uart3_irq         .\mbed\TARGET_LPC1768\TOOLCHAIN_ARM_STD\serial_api.o
    0x00005a04   0x00005a04   0x00000068   Code   RO         2023    i.uart_irq          .\mbed\TARGET_LPC1768\TOOLCHAIN_ARM_STD\serial_api.o
    0x00005a6c   0x00005a6c   0x00000104   Code   RO         2212    i.update_present_time  .\mbed\TARGET_LPC1768\TOOLCHAIN_ARM_STD\mbed.ar(mbed_ticker_api.o)
    0x00005b70   0x00005b70   0x0000000c   Code   RO         2107    i.us_ticker_clear_interrupt  .\mbed\TARGET_LPC1768\TOOLCHAIN_ARM_STD\us_ticker.o
    0x00005b7c   0x00005b7c   0x00000010   Code   RO         2108    i.us_ticker_disable_interrupt  .\mbed\TARGET_LPC1768\TOOLCHAIN_ARM_STD\us_ticker.o
    0x00005b8c   0x00005b8c   0x0000000c   Code   RO         2109    i.us_ticker_fire_interrupt  .\mbed\TARGET_LPC1768\TOOLCHAIN_ARM_STD\us_ticker.o
    0x00005b98   0x00005b98   0x00000008   Code   RO         1789    i.us_ticker_get_info  .\mbed\TARGET_LPC1768\TOOLCHAIN_ARM_STD\mbed_retarget.o
    0x00005ba0   0x00005ba0   0x00000068   Code   RO         2110    i.us_ticker_init    .\mbed\TARGET_LPC1768\TOOLCHAIN_ARM_STD\us_ticker.o
    0x00005c08   0x00005c08   0x00000018   Code   RO         2163    i.us_ticker_irq_handler  .\mbed\TARGET_LPC1768\TOOLCHAIN_ARM_STD\mbed.ar(mbed_us_ticker_api.o)
    0x00005c20   0x00005c20   0x00000064   Code   RO         2111    i.us_ticker_read    .\mbed\TARGET_LPC1768\TOOLCHAIN_ARM_STD\us_ticker.o
    0x00005c84   0x00005c84   0x00000014   Code   RO         2112    i.us_ticker_set_interrupt  .\mbed\TARGET_LPC1768\TOOLCHAIN_ARM_STD\us_ticker.o
    0x00005c98   0x00005c98   0x00000028   Code   RO          730    i.uxListRemove      .\build\list.o
    0x00005cc0   0x00005cc0   0x0000002a   Code   RO          773    i.uxQueueMessagesWaiting  .\build\queue.o
    0x00005cea   0x00005cea   0x0000003e   Code   RO            5    i.vApplicationMallocFailedHook  .\build\main.o
    0x00005d28   0x00005d28   0x0000003e   Code   RO            6    i.vApplicationStackOverflowHook  .\build\main.o
    0x00005d66   0x00005d66   0x00000002   PAD
    0x00005d68   0x00005d68   0x0000002c   Code   RO         1477    i.vGetSensorData    .\build\sensor_file.o
    0x00005d94   0x00005d94   0x0000000c   Code   RO         1478    i.vGetSensorStatus  .\build\sensor_file.o
    0x00005da0   0x00005da0   0x0000001a   Code   RO          731    i.vListInitialise   .\build\list.o
    0x00005dba   0x00005dba   0x00000006   Code   RO          732    i.vListInitialiseItem  .\build\list.o
    0x00005dc0   0x00005dc0   0x00000034   Code   RO          733    i.vListInsert       .\build\list.o
    0x00005df4   0x00005df4   0x00000018   Code   RO          734    i.vListInsertEnd    .\build\list.o
    0x00005e0c   0x00005e0c   0x00000054   Code   RO          560    i.vPortEnterCritical  .\build\port.o
    0x00005e60   0x00005e60   0x0000003c   Code   RO          561    i.vPortExitCritical  .\build\port.o
    0x00005e9c   0x00005e9c   0x00000040   Code   RO         1342    i.vPortFree         .\build\heap_2.o
    0x00005edc   0x00005edc   0x00000020   Code   RO          562    i.vPortSetupTimerInterrupt  .\build\port.o
    0x00005efc   0x00005efc   0x00000078   Code   RO          563    i.vPortValidateInterruptPriority  .\build\port.o
    0x00005f74   0x00005f74   0x0000004a   Code   RO          777    i.vQueueWaitForMessageRestricted  .\build\queue.o
    0x00005fbe   0x00005fbe   0x00000002   PAD
    0x00005fc0   0x00005fc0   0x0000005c   Code   RO          940    i.vTaskDelay        .\build\tasks.o
    0x0000601c   0x0000601c   0x0000000c   Code   RO          944    i.vTaskMissedYield  .\build\tasks.o
    0x00006028   0x00006028   0x00000038   Code   RO          946    i.vTaskPlaceOnEventList  .\build\tasks.o
    0x00006060   0x00006060   0x00000040   Code   RO          947    i.vTaskPlaceOnEventListRestricted  .\build\tasks.o
    0x000060a0   0x000060a0   0x000000b0   Code   RO          949    i.vTaskPriorityInherit  .\build\tasks.o
    0x00006150   0x00006150   0x00000090   Code   RO          951    i.vTaskResume       .\build\tasks.o
    0x000061e0   0x000061e0   0x00000030   Code   RO          952    i.vTaskSetTimeOutState  .\build\tasks.o
    0x00006210   0x00006210   0x00000094   Code   RO          953    i.vTaskStartScheduler  .\build\tasks.o
    0x000062a4   0x000062a4   0x000000e4   Code   RO          954    i.vTaskSuspend      .\build\tasks.o
    0x00006388   0x00006388   0x00000010   Code   RO          955    i.vTaskSuspendAll   .\build\tasks.o
    0x00006398   0x00006398   0x000000c4   Code   RO          956    i.vTaskSwitchContext  .\build\tasks.o
    0x0000645c   0x0000645c   0x00000024   Code   RO         2362    i.wait_ms           .\mbed\TARGET_LPC1768\TOOLCHAIN_ARM_STD\mbed.ar(mbed_wait_api_no_rtos.o)
    0x00006480   0x00006480   0x000000a0   Code   RO          564    i.xPortStartScheduler  .\build\port.o
    0x00006520   0x00006520   0x00000058   Code   RO          780    i.xQueueGenericCreate  .\build\queue.o
    0x00006578   0x00006578   0x000001c4   Code   RO          781    i.xQueueGenericReceive  .\build\queue.o
    0x0000673c   0x0000673c   0x00000098   Code   RO          782    i.xQueueGenericReset  .\build\queue.o
    0x000067d4   0x000067d4   0x000001a8   Code   RO          783    i.xQueueGenericSend  .\build\queue.o
    0x0000697c   0x0000697c   0x000000f8   Code   RO          784    i.xQueueGenericSendFromISR  .\build\queue.o
    0x00006a74   0x00006a74   0x0000008c   Code   RO          957    i.xTaskCheckForTimeOut  .\build\tasks.o
    0x00006b00   0x00006b00   0x00000060   Code   RO          958    i.xTaskCreate       .\build\tasks.o
    0x00006b60   0x00006b60   0x00000020   Code   RO          962    i.xTaskGetSchedulerState  .\build\tasks.o
    0x00006b80   0x00006b80   0x0000000c   Code   RO          963    i.xTaskGetTickCount  .\build\tasks.o
    0x00006b8c   0x00006b8c   0x00000148   Code   RO          965    i.xTaskIncrementTick  .\build\tasks.o
    0x00006cd4   0x00006cd4   0x000000c8   Code   RO          968    i.xTaskPriorityDisinherit  .\build\tasks.o
    0x00006d9c   0x00006d9c   0x00000098   Code   RO          969    i.xTaskRemoveFromEventList  .\build\tasks.o
    0x00006e34   0x00006e34   0x00000104   Code   RO          971    i.xTaskResumeAll    .\build\tasks.o
    0x00006f38   0x00006f38   0x00000058   Code   RO         1236    i.xTimerCreateTimerTask  .\build\timers.o
    0x00006f90   0x00006f90   0x00000084   Code   RO         1237    i.xTimerGenericCommand  .\build\timers.o
    0x00007014   0x00007014   0x0000012c   Code   RO          493    i.yDigitalWrite     .\build\gpio_setup.o
    0x00007140   0x00007140   0x00000028   Code   RO         1387    i.ySetHWStatus      .\build\programs_file.o
    0x00007168   0x00007168   0x000001e4   Code   RO          494    i.ySetupDigitalI    .\build\gpio_setup.o
    0x0000734c   0x0000734c   0x000001e4   Code   RO          495    i.ySetupDigitalO    .\build\gpio_setup.o
    0x00007530   0x00007530   0x00000014   Code   RO          299    i.yUART_RxReady     .\build\uart_control.o
    0x00007544   0x00007544   0x00000020   Code   RO          300    i.yUART_TxReady     .\build\uart_control.o
    0x00007564   0x00007564   0x0000002c   Code   RO         3075    locale$$code        C:\Keil_v5\ARM\ARMCC\Bin\..\lib\armlib\c_w.l(lc_numeric_c.o)
    0x00007590   0x00007590   0x0000002c   Code   RO         3111    locale$$code        C:\Keil_v5\ARM\ARMCC\Bin\..\lib\armlib\c_w.l(lc_ctype_c.o)
    0x000075bc   0x000075bc   0x0000002c   Code   RO         2400    t._ZN12SingletonPtrI13PlatformMutexEptEv  .\mbed\TARGET_LPC1768\TOOLCHAIN_ARM_STD\mbed.ar(FileBase.o)
    0x000075e8   0x000075e8   0x00000018   Code   RO         2901    x$fpl$dcmpinf       C:\Keil_v5\ARM\ARMCC\Bin\..\lib\armlib\fz_ws.l(dcmpi.o)
    0x00007600   0x00007600   0x00000026   Code   RO         2636    x$fpl$dfltu         C:\Keil_v5\ARM\ARMCC\Bin\..\lib\armlib\fz_ws.l(dflt_clz.o)
    0x00007626   0x00007626   0x00000002   PAD
    0x00007628   0x00007628   0x00000078   Code   RO         2642    x$fpl$dleqf         C:\Keil_v5\ARM\ARMCC\Bin\..\lib\armlib\fz_ws.l(dleqf.o)
    0x000076a0   0x000076a0   0x0000009c   Code   RO         2903    x$fpl$dnaninf       C:\Keil_v5\ARM\ARMCC\Bin\..\lib\armlib\fz_ws.l(dnaninf.o)
    0x0000773c   0x0000773c   0x00000004   Code   RO         2913    x$fpl$printf1       C:\Keil_v5\ARM\ARMCC\Bin\..\lib\armlib\fz_ws.l(printf1.o)
    0x00007740   0x00007740   0x00000004   Code   RO         2915    x$fpl$printf2       C:\Keil_v5\ARM\ARMCC\Bin\..\lib\armlib\fz_ws.l(printf2.o)
    0x00007744   0x00007744   0x00000000   Code   RO         2921    x$fpl$usenofp       C:\Keil_v5\ARM\ARMCC\Bin\..\lib\armlib\fz_ws.l(usenofp.o)
    0x00007744   0x00007744   0x0000000e   Data   RO         1388    .constdata          .\build\programs_file.o
    0x00007752   0x00007752   0x00000002   PAD
    0x00007754   0x00007754   0x00000028   Data   RO         1835    .constdata          .\mbed\TARGET_LPC1768\TOOLCHAIN_ARM_STD\mbed_retarget.o
    0x0000777c   0x0000777c   0x00000120   Data   RO         2025    .constdata          .\mbed\TARGET_LPC1768\TOOLCHAIN_ARM_STD\serial_api.o
    0x0000789c   0x0000789c   0x0000001c   Data   RO         2165    .constdata          .\mbed\TARGET_LPC1768\TOOLCHAIN_ARM_STD\mbed.ar(mbed_us_ticker_api.o)
    0x000078b8   0x000078b8   0x00000008   Data   RO         2166    .constdata          .\mbed\TARGET_LPC1768\TOOLCHAIN_ARM_STD\mbed.ar(mbed_us_ticker_api.o)
    0x000078c0   0x000078c0   0x00000008   Data   RO         2730    .constdata          C:\Keil_v5\ARM\ARMCC\Bin\..\lib\armlib\c_w.l(_printf_wctomb.o)
    0x000078c8   0x000078c8   0x00000028   Data   RO         2759    .constdata          C:\Keil_v5\ARM\ARMCC\Bin\..\lib\armlib\c_w.l(_printf_hex_int_ll_ptr.o)
    0x000078f0   0x000078f0   0x00000011   Data   RO         2779    .constdata          C:\Keil_v5\ARM\ARMCC\Bin\..\lib\armlib\c_w.l(__printf_flags_ss_wp.o)
    0x00007901   0x00007901   0x00000026   Data   RO         2956    .constdata          C:\Keil_v5\ARM\ARMCC\Bin\..\lib\armlib\c_w.l(_printf_fp_hex.o)
    0x00007927   0x00007927   0x00000001   PAD
    0x00007928   0x00007928   0x00000094   Data   RO         3050    .constdata          C:\Keil_v5\ARM\ARMCC\Bin\..\lib\armlib\c_w.l(bigflt0.o)
    0x000079bc   0x000079bc   0x00000014   Data   RO         1906    .constdata__ZZN12SingletonPtrI13PlatformMutexE3getEvEs  .\mbed\TARGET_LPC1768\TOOLCHAIN_ARM_STD\mbed_retarget.o
    0x000079d0   0x000079d0   0x0000005d   Data   RO         1907    .constdata__ZZN12SingletonPtrI13PlatformMutexE3getEvEs_0  .\mbed\TARGET_LPC1768\TOOLCHAIN_ARM_STD\mbed_retarget.o
    0x00007a2d   0x00007a2d   0x00000003   PAD
    0x00007a30   0x00007a30   0x00000067   Data   RO         1666    .conststring        .\mbed\TARGET_LPC1768\TOOLCHAIN_ARM_STD\gpio_api.o
    0x00007a97   0x00007a97   0x00000001   PAD
    0x00007a98   0x00007a98   0x0000007c   Data   RO         1736    .conststring        .\mbed\TARGET_LPC1768\TOOLCHAIN_ARM_STD\mbed_board.o
    0x00007b14   0x00007b14   0x00000065   Data   RO         1931    .conststring        .\mbed\TARGET_LPC1768\TOOLCHAIN_ARM_STD\pinmap.o
    0x00007b79   0x00007b79   0x00000003   PAD
    0x00007b7c   0x00007b7c   0x00000069   Data   RO         2026    .conststring        .\mbed\TARGET_LPC1768\TOOLCHAIN_ARM_STD\serial_api.o
    0x00007be5   0x00007be5   0x00000003   PAD
    0x00007be8   0x00007be8   0x00000050   Data   RO         2213    .conststring        .\mbed\TARGET_LPC1768\TOOLCHAIN_ARM_STD\mbed.ar(mbed_ticker_api.o)
    0x00007c38   0x00007c38   0x00000053   Data   RO         2270    .conststring        .\mbed\TARGET_LPC1768\TOOLCHAIN_ARM_STD\mbed.ar(mbed_critical.o)
    0x00007c8b   0x00007c8b   0x00000001   PAD
    0x00007c8c   0x00007c8c   0x00000020   Data   RO         3142    Region$$Table       anon$$obj.o
    0x00007cac   0x00007cac   0x0000001c   Data   RO         3074    locale$$data        C:\Keil_v5\ARM\ARMCC\Bin\..\lib\armlib\c_w.l(lc_numeric_c.o)
    0x00007cc8   0x00007cc8   0x00000110   Data   RO         3110    locale$$data        C:\Keil_v5\ARM\ARMCC\Bin\..\lib\armlib\c_w.l(lc_ctype_c.o)


    Execution Region RW_IRAM1 (Exec base: 0x100000c8, Load base: 0x00007dd8, Size: 0x000049d8, Max: 0x00007f18, ABSOLUTE, COMPRESSED[0x00000160])

    Exec Addr    Load Addr    Size         Type   Attr      Idx    E Section Name        Object

    0x100000c8   COMPRESSED   0x0000002c   Data   RW          141    .data               .\build\led_control.o
    0x100000f4   COMPRESSED   0x000002a9   Data   RW          302    .data               .\build\uart_control.o
    0x1000039d   COMPRESSED   0x00000001   Data   RW          497    .data               .\build\gpio_setup.o
    0x1000039e   COMPRESSED   0x00000002   PAD
    0x100003a0   COMPRESSED   0x0000000c   Data   RW          565    .data               .\build\port.o
    0x100003ac   COMPRESSED   0x0000003c   Data   RW          974    .data               .\build\tasks.o
    0x100003e8   COMPRESSED   0x00000014   Data   RW         1243    .data               .\build\timers.o
    0x100003fc   COMPRESSED   0x00000018   Data   RW         1346    .data               .\build\heap_2.o
    0x10000414   COMPRESSED   0x000000ae   Data   RW         1389    .data               .\build\programs_file.o
    0x100004c2   COMPRESSED   0x00000002   PAD
    0x100004c4   COMPRESSED   0x00000066   Data   RW         1480    .data               .\build\sensor_file.o
    0x1000052a   COMPRESSED   0x00000002   PAD
    0x1000052c   COMPRESSED   0x00000010   Data   RW         1839    .data               .\mbed\TARGET_LPC1768\TOOLCHAIN_ARM_STD\mbed_retarget.o
    0x1000053c   COMPRESSED   0x00000010   Data   RW         2027    .data               .\mbed\TARGET_LPC1768\TOOLCHAIN_ARM_STD\serial_api.o
    0x1000054c   COMPRESSED   0x00000004   Data   RW         2098    .data               .\mbed\TARGET_LPC1768\TOOLCHAIN_ARM_STD\system_LPC17xx.o
    0x10000550   COMPRESSED   0x00000004   Data   RW         2113    .data               .\mbed\TARGET_LPC1768\TOOLCHAIN_ARM_STD\us_ticker.o
    0x10000554   COMPRESSED   0x00000004   Data   RW         2167    .data               .\mbed\TARGET_LPC1768\TOOLCHAIN_ARM_STD\mbed.ar(mbed_us_ticker_api.o)
    0x10000558   COMPRESSED   0x00000001   Data   RW         2193    .data               .\mbed\TARGET_LPC1768\TOOLCHAIN_ARM_STD\mbed.ar(mbed_error.o)
    0x10000559   COMPRESSED   0x00000003   PAD
    0x1000055c   COMPRESSED   0x00000008   Data   RW         2271    .data               .\mbed\TARGET_LPC1768\TOOLCHAIN_ARM_STD\mbed.ar(mbed_critical.o)
    0x10000564   COMPRESSED   0x0000000c   Data   RW         2387    .data               .\mbed\TARGET_LPC1768\TOOLCHAIN_ARM_STD\mbed.ar(FileBase.o)
    0x10000570   COMPRESSED   0x00000004   Data   RW         2501    .data               C:\Keil_v5\ARM\ARMCC\Bin\..\lib\armlib\c_w.l(stdio_streams.o)
    0x10000574   COMPRESSED   0x00000004   Data   RW         2502    .data               C:\Keil_v5\ARM\ARMCC\Bin\..\lib\armlib\c_w.l(stdio_streams.o)
    0x10000578   COMPRESSED   0x00000004   Data   RW         2503    .data               C:\Keil_v5\ARM\ARMCC\Bin\..\lib\armlib\c_w.l(stdio_streams.o)
    0x1000057c   COMPRESSED   0x00000004   Data   RW         2994    .data               C:\Keil_v5\ARM\ARMCC\Bin\..\lib\armlib\c_w.l(heapauxa.o)
    0x10000580        -       0x000000a0   Zero   RW          496    .bss                .\build\gpio_setup.o
    0x10000620        -       0x000000c8   Zero   RW          973    .bss                .\build\tasks.o
    0x100006e8        -       0x00000028   Zero   RW         1242    .bss                .\build\timers.o
    0x10000710        -       0x00004000   Zero   RW         1345    .bss                .\build\heap_2.o
    0x10004710        -       0x00000010   Zero   RW         1479    .bss                .\build\sensor_file.o
    0x10004720        -       0x00000144   Zero   RW         1834    .bss                .\mbed\TARGET_LPC1768\TOOLCHAIN_ARM_STD\mbed_retarget.o
    0x10004864        -       0x000000e0   Zero   RW         2024    .bss                .\mbed\TARGET_LPC1768\TOOLCHAIN_ARM_STD\serial_api.o
    0x10004944   COMPRESSED   0x00000004   PAD
    0x10004948        -       0x00000040   Zero   RW         2164    .bss                .\mbed\TARGET_LPC1768\TOOLCHAIN_ARM_STD\mbed.ar(mbed_us_ticker_api.o)
    0x10004988        -       0x00000004   Zero   RW         2410    .bss                C:\Keil_v5\ARM\ARMCC\Bin\..\lib\armlib\c_w.l(rt_errno_addr.o)
    0x1000498c        -       0x00000054   Zero   RW         2498    .bss                C:\Keil_v5\ARM\ARMCC\Bin\..\lib\armlib\c_w.l(stdio_streams.o)
    0x100049e0        -       0x00000054   Zero   RW         2499    .bss                C:\Keil_v5\ARM\ARMCC\Bin\..\lib\armlib\c_w.l(stdio_streams.o)
    0x10004a34        -       0x00000054   Zero   RW         2500    .bss                C:\Keil_v5\ARM\ARMCC\Bin\..\lib\armlib\c_w.l(stdio_streams.o)
    0x10004a88        -       0x00000004   Zero   RW         2687    .bss                C:\Keil_v5\ARM\ARMCC\Bin\..\lib\armlib\c_w.l(rt_heap_descriptor.o)
    0x10004a8c        -       0x00000014   Zero   RW         3036    .bss                C:\Keil_v5\ARM\ARMCC\Bin\..\lib\armlib\c_w.l(rt_locale.o)


    Execution Region RW_IRAM2 (Exec base: 0x2007c000, Load base: 0x00007f38, Size: 0x00000000, Max: 0x00004000, ABSOLUTE)

    **** No section assigned to this execution region ****


    Execution Region RW_IRAM3 (Exec base: 0x20080000, Load base: 0x00007f38, Size: 0x00000000, Max: 0x00004000, ABSOLUTE)

    **** No section assigned to this execution region ****


    Execution Region RW_IRAM4 (Exec base: 0x40038000, Load base: 0x00007f38, Size: 0x00000000, Max: 0x00000800, ABSOLUTE)

    **** No section assigned to this execution region ****

