Component: ARM Compiler 5.06 update 5 (build 528) Tool: armlink [4d35e2]

==============================================================================

Section Cross References

    .\build\main.o(i.main) refers to .\mbed\TARGET_LPC1768\TOOLCHAIN_ARM_STD\system_LPC17xx.o(i.SystemInit) for SystemInit
    .\build\main.o(i.main) refers to .\build\uart_control.o(i.nUART0_init) for nUART0_init
    .\build\main.o(i.main) refers to .\build\tasks.o(i.xTaskCreate) for xTaskCreate
    .\build\main.o(i.main) refers to .\build\queue.o(i.xQueueGenericCreate) for xQueueGenericCreate
    .\build\main.o(i.main) refers to .\build\tasks.o(i.vTaskStartScheduler) for vTaskStartScheduler
    .\build\main.o(i.main) refers to .\build\uart_control.o(i.tUART_RxTask) for tUART_RxTask
    .\build\main.o(i.main) refers to .\build\uart_control.o(.data) for qUART_RxQ
    .\build\main.o(i.main) refers to .\build\sensor_file.o(.data) for SensorQ
    .\build\main.o(i.main) refers to .\build\programs_file.o(.data) for ProgramHandlerQ
    .\build\main.o(i.vApplicationMallocFailedHook) refers to .\build\led_control.o(i.nLED_SET) for nLED_SET
    .\build\main.o(i.vApplicationMallocFailedHook) refers to .\build\utilities.o(i.delay_ms) for delay_ms
    .\build\main.o(i.vApplicationStackOverflowHook) refers to .\build\led_control.o(i.nLED_SET) for nLED_SET
    .\build\main.o(i.vApplicationStackOverflowHook) refers to .\build\utilities.o(i.delay_ms) for delay_ms
    .\build\led_control.o(i.nAliveResume) refers to .\build\tasks.o(i.vTaskResume) for vTaskResume
    .\build\led_control.o(i.nAliveResume) refers to .\build\led_control.o(.data) for AliveHandle
    .\build\led_control.o(i.nAliveSuspend) refers to .\build\tasks.o(i.vTaskSuspend) for vTaskSuspend
    .\build\led_control.o(i.nAliveSuspend) refers to .\build\led_control.o(.data) for AliveHandle
    .\build\led_control.o(i.nLEDFlip) refers to .\build\led_control.o(i.nLED_SET) for nLED_SET
    .\build\led_control.o(i.nLEDFlip) refers to .\build\led_control.o(.data) for LED_status
    .\build\led_control.o(i.nLED_SET) refers to .\build\led_control.o(i.led_delay_ms) for led_delay_ms
    .\build\led_control.o(i.nLED_SET) refers to .\build\led_control.o(.data) for LED_status
    .\build\led_control.o(i.nPrintAlive) refers to .\build\uart_control.o(i.nUART_TxString) for nUART_TxString
    .\build\led_control.o(i.nPrintAlive) refers to .\build\uart_control.o(i.nUART_TxChar) for nUART_TxChar
    .\build\led_control.o(i.nPrintAlive) refers to .\build\uart_control.o(i.nNewLine) for nNewLine
    .\build\led_control.o(i.nPrintAlive) refers to .\build\led_control.o(.data) for alive_timer
    .\build\led_control.o(i.tLEDAlive) refers to .\build\led_control.o(i.nLED_SET) for nLED_SET
    .\build\led_control.o(i.tLEDAlive) refers to .\build\tasks.o(i.vTaskDelayUntil) for vTaskDelayUntil
    .\build\led_control.o(i.tLEDAlive) refers to .\build\led_control.o(.data) for alive_timer
    .\build\uart_control.o(i.nADC_Status) refers to .\build\queue.o(i.xQueueGenericReceive) for xQueueGenericReceive
    .\build\uart_control.o(i.nADC_Status) refers to .\build\uart_control.o(i.nUART_TxString) for nUART_TxString
    .\build\uart_control.o(i.nADC_Status) refers to .\build\uart_control.o(i.nUART_TxChar) for nUART_TxChar
    .\build\uart_control.o(i.nADC_Status) refers to .\build\sensor_file.o(i.vGetSensorStatus) for vGetSensorStatus
    .\build\uart_control.o(i.nADC_Status) refers to .\build\queue.o(i.xQueueGenericSend) for xQueueGenericSend
    .\build\uart_control.o(i.nADC_Status) refers to .\build\uart_control.o(.data) for UART0_TxSemaphore
    .\build\uart_control.o(i.nGetAlive) refers to .\build\queue.o(i.xQueueGenericReceive) for xQueueGenericReceive
    .\build\uart_control.o(i.nGetAlive) refers to .\build\uart_control.o(i.nNewLine) for nNewLine
    .\build\uart_control.o(i.nGetAlive) refers to .\build\uart_control.o(i.nUART_TxString) for nUART_TxString
    .\build\uart_control.o(i.nGetAlive) refers to .\build\uart_control.o(i.nUART_TxChar) for nUART_TxChar
    .\build\uart_control.o(i.nGetAlive) refers to .\build\queue.o(i.xQueueGenericSend) for xQueueGenericSend
    .\build\uart_control.o(i.nGetAlive) refers to .\build\uart_control.o(.data) for UART0_TxSemaphore
    .\build\uart_control.o(i.nGetAlive) refers to .\build\led_control.o(.data) for alive_thousands
    .\build\uart_control.o(i.nNewLine) refers to .\build\uart_control.o(i.nUART_TxString) for nUART_TxString
    .\build\uart_control.o(i.nPinFlip_1) refers to .\build\queue.o(i.xQueueGenericReceive) for xQueueGenericReceive
    .\build\uart_control.o(i.nPinFlip_1) refers to .\build\uart_control.o(i.nUART_TxString) for nUART_TxString
    .\build\uart_control.o(i.nPinFlip_1) refers to .\build\queue.o(i.xQueueGenericSend) for xQueueGenericSend
    .\build\uart_control.o(i.nPinFlip_1) refers to .\build\gpio_setup.o(i.yDigitalWrite) for yDigitalWrite
    .\build\uart_control.o(i.nPinFlip_1) refers to .\build\uart_control.o(.data) for UART0_TxSemaphore
[...]
    pin_mode                                 0x000040a5   Thumb Code   120  .\mbed\TARGET_LPC1768\TOOLCHAIN_ARM_STD\pinmap.o(i.pin_mode)
    pinmap_find_peripheral                   0x00004135   Thumb Code    34  .\mbed\TARGET_LPC1768\TOOLCHAIN_ARM_STD\mbed.ar(mbed_pinmap_common.o)(i.pinmap_find_peripheral)
    pinmap_merge                             0x00004159   Thumb Code    38  .\mbed\TARGET_LPC1768\TOOLCHAIN_ARM_STD\mbed.ar(mbed_pinmap_common.o)(i.pinmap_merge)
    pinmap_peripheral                        0x00004195   Thumb Code    58  .\mbed\TARGET_LPC1768\TOOLCHAIN_ARM_STD\mbed.ar(mbed_pinmap_common.o)(i.pinmap_peripheral)
    pinmap_pinout                            0x000041f1   Thumb Code    66  .\mbed\TARGET_LPC1768\TOOLCHAIN_ARM_STD\mbed.ar(mbed_pinmap_common.o)(i.pinmap_pinout)
    pvPortMalloc                             0x00004b21   Thumb Code   204  .\build\heap_2.o(i.pvPortMalloc)
    pvTaskIncrementMutexHeldCount            0x00004c01   Thumb Code    26  .\build\tasks.o(i.pvTaskIncrementMutexHeldCount)
    pxPortInitialiseStack                    0x00004c21   Thumb Code    30  .\build\port.o(i.pxPortInitialiseStack)
    semihost_connected                       0x00004d29   Thumb Code    10  .\mbed\TARGET_LPC1768\TOOLCHAIN_ARM_STD\mbed.ar(mbed_semihost_api.o)(i.semihost_connected)
    semihost_exit                            0x00004d39   Thumb Code    12  .\mbed\TARGET_LPC1768\TOOLCHAIN_ARM_STD\mbed.ar(mbed_semihost_api.o)(i.semihost_exit)
    serial_baud                              0x00004d45   Thumb Code   408  .\mbed\TARGET_LPC1768\TOOLCHAIN_ARM_STD\serial_api.o(i.serial_baud)
    serial_init                              0x00004f09   Thumb Code   344  .\mbed\TARGET_LPC1768\TOOLCHAIN_ARM_STD\serial_api.o(i.serial_init)
    serial_putc                              0x00005181   Thumb Code   100  .\mbed\TARGET_LPC1768\TOOLCHAIN_ARM_STD\serial_api.o(i.serial_putc)
    serial_set_flow_control                  0x000051e9   Thumb Code   252  .\mbed\TARGET_LPC1768\TOOLCHAIN_ARM_STD\serial_api.o(i.serial_set_flow_control)
    tUART_RxTask                             0x000052f5   Thumb Code  1128  .\build\uart_control.o(i.tUART_RxTask)
    ticker_irq_handler                       0x0000575d   Thumb Code    78  .\mbed\TARGET_LPC1768\TOOLCHAIN_ARM_STD\mbed.ar(mbed_ticker_api.o)(i.ticker_irq_handler)
    ticker_read                              0x000057ab   Thumb Code    28  .\mbed\TARGET_LPC1768\TOOLCHAIN_ARM_STD\mbed.ar(mbed_ticker_api.o)(i.ticker_read)
    uart0_irq                                0x000057c9   Thumb Code    14  .\mbed\TARGET_LPC1768\TOOLCHAIN_ARM_STD\serial_api.o(i.uart0_irq)
    uart1_irq                                0x000057dd   Thumb Code    14  .\mbed\TARGET_LPC1768\TOOLCHAIN_ARM_STD\serial_api.o(i.uart1_irq)
    uart2_irq                                0x000057f1   Thumb Code    14  .\mbed\TARGET_LPC1768\TOOLCHAIN_ARM_STD\serial_api.o(i.uart2_irq)
    uart3_irq                                0x00005805   Thumb Code    14  .\mbed\TARGET_LPC1768\TOOLCHAIN_ARM_STD\serial_api.o(i.uart3_irq)
    us_ticker_clear_interrupt                0x00005985   Thumb Code     8  .\mbed\TARGET_LPC1768\TOOLCHAIN_ARM_STD\us_ticker.o(i.us_ticker_clear_interrupt)
    us_ticker_disable_interrupt              0x00005991   Thumb Code    12  .\mbed\TARGET_LPC1768\TOOLCHAIN_ARM_STD\us_ticker.o(i.us_ticker_disable_interrupt)
    us_ticker_fire_interrupt                 0x000059a1   Thumb Code    12  .\mbed\TARGET_LPC1768\TOOLCHAIN_ARM_STD\us_ticker.o(i.us_ticker_fire_interrupt)
    us_ticker_get_info                       0x000059ad   Thumb Code     4  .\mbed\TARGET_LPC1768\TOOLCHAIN_ARM_STD\mbed_retarget.o(i.us_ticker_get_info)
    us_ticker_init                           0x000059b5   Thumb Code    74  .\mbed\TARGET_LPC1768\TOOLCHAIN_ARM_STD\us_ticker.o(i.us_ticker_init)
    us_ticker_irq_handler                    0x00005a1d   Thumb Code    14  .\mbed\TARGET_LPC1768\TOOLCHAIN_ARM_STD\mbed.ar(mbed_us_ticker_api.o)(i.us_ticker_irq_handler)
    us_ticker_read                           0x00005a35   Thumb Code    72  .\mbed\TARGET_LPC1768\TOOLCHAIN_ARM_STD\us_ticker.o(i.us_ticker_read)
    us_ticker_set_interrupt                  0x00005a99   Thumb Code    14  .\mbed\TARGET_LPC1768\TOOLCHAIN_ARM_STD\us_ticker.o(i.us_ticker_set_interrupt)
    uxListRemove                             0x00005aad   Thumb Code    40  .\build\list.o(i.uxListRemove)
    uxQueueMessagesWaiting                   0x00005ad5   Thumb Code    42  .\build\queue.o(i.uxQueueMessagesWaiting)
    vApplicationMallocFailedHook             0x00005aff   Thumb Code    62  .\build\main.o(i.vApplicationMallocFailedHook)
    vApplicationStackOverflowHook            0x00005b3d   Thumb Code    62  .\build\main.o(i.vApplicationStackOverflowHook)
    vCheckPasscode                           0x00005b7d   Thumb Code    88  .\build\uart_control.o(i.vCheckPasscode)
    vCheckUsernames                          0x00005bdd   Thumb Code   104  .\build\uart_control.o(i.vCheckUsernames)
    vFindStringMatch                         0x00005c49   Thumb Code   114  .\build\uart_control.o(i.vFindStringMatch)
    vGetSensorStatus                         0x00005cc1   Thumb Code     8  .\build\sensor_file.o(i.vGetSensorStatus)
    vListInitialise                          0x00005ccd   Thumb Code    26  .\build\list.o(i.vListInitialise)
    vListInitialiseItem                      0x00005ce7   Thumb Code     6  .\build\list.o(i.vListInitialiseItem)
    vListInsert                              0x00005ced   Thumb Code    52  .\build\list.o(i.vListInsert)
    vListInsertEnd                           0x00005d21   Thumb Code    24  .\build\list.o(i.vListInsertEnd)
    vPortEnterCritical                       0x00005d39   Thumb Code    76  .\build\port.o(i.vPortEnterCritical)
    vPortExitCritical                        0x00005d8d   Thumb Code    56  .\build\port.o(i.vPortExitCritical)
    vPortFree                                0x00005dc9   Thumb Code    56  .\build\heap_2.o(i.vPortFree)
    vPortSetupTimerInterrupt                 0x00005e09   Thumb Code    26  .\build\port.o(i.vPortSetupTimerInterrupt)
    vPortValidateInterruptPriority           0x00005e29   Thumb Code   106  .\build\port.o(i.vPortValidateInterruptPriority)
    vQueueWaitForMessageRestricted           0x00005ea1   Thumb Code    74  .\build\queue.o(i.vQueueWaitForMessageRestricted)
    vTaskDelay                               0x00005eed   Thumb Code    82  .\build\tasks.o(i.vTaskDelay)
    vTaskMissedYield                         0x00005f49   Thumb Code     8  .\build\tasks.o(i.vTaskMissedYield)
    vTaskPlaceOnEventList                    0x00005f55   Thumb Code    52  .\build\tasks.o(i.vTaskPlaceOnEventList)
    vTaskPlaceOnEventListRestricted          0x00005f8d   Thumb Code    60  .\build\tasks.o(i.vTaskPlaceOnEventListRestricted)
    vTaskPriorityInherit                     0x00005fcd   Thumb Code   164  .\build\tasks.o(i.vTaskPriorityInherit)
    vTaskResume                              0x0000607d   Thumb Code   128  .\build\tasks.o(i.vTaskResume)
    vTaskSetTimeOutState                     0x0000610d   Thumb Code    38  .\build\tasks.o(i.vTaskSetTimeOutState)
    vTaskStartScheduler                      0x0000613d   Thumb Code   118  .\build\tasks.o(i.vTaskStartScheduler)
    vTaskSuspend                             0x000061d1   Thumb Code   196  .\build\tasks.o(i.vTaskSuspend)
    vTaskSuspendAll                          0x000062b5   Thumb Code    12  .\build\tasks.o(i.vTaskSuspendAll)
    vTaskSwitchContext                       0x000062c5   Thumb Code   174  .\build\tasks.o(i.vTaskSwitchContext)
    wait_ms                                  0x00006389   Thumb Code    36  .\mbed\TARGET_LPC1768\TOOLCHAIN_ARM_STD\mbed.ar(mbed_wait_api_no_rtos.o)(i.wait_ms)
    xPortStartScheduler                      0x000063ad   Thumb Code   140  .\build\port.o(i.xPortStartScheduler)
    xQueueGenericCreate                      0x0000644d   Thumb Code    88  .\build\queue.o(i.xQueueGenericCreate)
    xQueueGenericReceive                     0x000064a5   Thumb Code   446  .\build\queue.o(i.xQueueGenericReceive)
    xQueueGenericReset                       0x00006669   Thumb Code   146  .\build\queue.o(i.xQueueGenericReset)
    xQueueGenericSend                        0x00006701   Thumb Code   420  .\build\queue.o(i.xQueueGenericSend)
    xQueueGenericSendFromISR                 0x000068a9   Thumb Code   248  .\build\queue.o(i.xQueueGenericSendFromISR)
    xTaskCheckForTimeOut                     0x000069a1   Thumb Code   132  .\build\tasks.o(i.xTaskCheckForTimeOut)
    xTaskCreate                              0x00006a2d   Thumb Code    96  .\build\tasks.o(i.xTaskCreate)
    xTaskGetSchedulerState                   0x00006a8d   Thumb Code    24  .\build\tasks.o(i.xTaskGetSchedulerState)
    xTaskGetTickCount                        0x00006aad   Thumb Code     6  .\build\tasks.o(i.xTaskGetTickCount)
    xTaskIncrementTick                       0x00006ab9   Thumb Code   282  .\build\tasks.o(i.xTaskIncrementTick)
    xTaskPriorityDisinherit                  0x00006c01   Thumb Code   188  .\build\tasks.o(i.xTaskPriorityDisinherit)
    xTaskRemoveFromEventList                 0x00006cc9   Thumb Code   128  .\build\tasks.o(i.xTaskRemoveFromEventList)
    xTaskResumeAll                           0x00006d61   Thumb Code   224  .\build\tasks.o(i.xTaskResumeAll)
    xTimerCreateTimerTask                    0x00006e65   Thumb Code    66  .\build\timers.o(i.xTimerCreateTimerTask)
    xTimerGenericCommand                     0x00006ebd   Thumb Code   126  .\build\timers.o(i.xTimerGenericCommand)
    yDigitalWrite                            0x00006f41   Thumb Code   288  .\build\gpio_setup.o(i.yDigitalWrite)
    yKeyHit                                  0x0000706d   Thumb Code    14  .\build\uart_control.o(i.yKeyHit)
    ySetupDigitalO                           0x0000707d   Thumb Code   466  .\build\gpio_setup.o(i.ySetupDigitalO)
    yUART_RxReady                            0x00007261   Thumb Code    18  .\build\uart_control.o(i.yUART_RxReady)
    yUART_TxReady                            0x00007279   Thumb Code    26  .\build\uart_control.o(i.yUART_TxReady)
    _get_lc_numeric                          0x00007299   Thumb Code    44  C:\Keil_v5\ARM\ARMCC\Bin\..\lib\armlib\c_w.l(lc_numeric_c.o)(locale$$code)
    _get_lc_ctype                            0x000072c5   Thumb Code    44  C:\Keil_v5\ARM\ARMCC\Bin\..\lib\armlib\c_w.l(lc_ctype_c.o)(locale$$code)
    SingletonPtr<PlatformMutex>::operator ->() 0x000072f1   Thumb Code    36  .\mbed\TARGET_LPC1768\TOOLCHAIN_ARM_STD\mbed.ar(FileBase.o)(t._ZN12SingletonPtrI13PlatformMutexEptEv)
    _printf_fp_dec                           0x0000731d   Thumb Code     4  C:\Keil_v5\ARM\ARMCC\Bin\..\lib\armlib\fz_ws.l(printf1.o)(x$fpl$printf1)
    _printf_fp_hex                           0x00007321   Thumb Code     4  C:\Keil_v5\ARM\ARMCC\Bin\..\lib\armlib\fz_ws.l(printf2.o)(x$fpl$printf2)
    __I$use$fp                               0x00007324   Number         0  C:\Keil_v5\ARM\ARMCC\Bin\..\lib\armlib\fz_ws.l(usenofp.o)(x$fpl$usenofp)
    SENSORSKIP                               0x00007364   Data           1  .\build\programs_file.o(.constdata)
    TIMERSKIP                                0x00007365   Data           1  .\build\programs_file.o(.constdata)
    __stdin_name                             0x00007374   Data           7  .\mbed\TARGET_LPC1768\TOOLCHAIN_ARM_STD\mbed_retarget.o(.constdata)
    __stdout_name                            0x0000737b   Data           8  .\mbed\TARGET_LPC1768\TOOLCHAIN_ARM_STD\mbed_retarget.o(.constdata)
    __stderr_name                            0x00007383   Data           8  .\mbed\TARGET_LPC1768\TOOLCHAIN_ARM_STD\mbed_retarget.o(.constdata)
    SingletonPtr<PlatformMutex>::get()::string 0x000075dc   Data          20  .\mbed\TARGET_LPC1768\TOOLCHAIN_ARM_STD\mbed_retarget.o(.constdata__ZZN12SingletonPtrI13PlatformMutexE3getEvEs)
    SingletonPtr<PlatformMutex>::get()::string (instance 2) 0x000075f0   Data          93  .\mbed\TARGET_LPC1768\TOOLCHAIN_ARM_STD\mbed_retarget.o(.constdata__ZZN12SingletonPtrI13PlatformMutexE3getEvEs_0)
    Region$$Table$$Base                      0x000078ac   Number         0  anon$$obj.o(Region$$Table)
    Region$$Table$$Limit                     0x000078cc   Number         0  anon$$obj.o(Region$$Table)
    __ctype                                  0x000078f5   Data           0  C:\Keil_v5\ARM\ARMCC\Bin\..\lib\armlib\c_w.l(lc_ctype_c.o)(locale$$data)
    LED_status                               0x100000c8   Data           4  .\build\led_control.o(.data)
    LED_pins                                 0x100000cc   Data          16  .\build\led_control.o(.data)
    alive_timer                              0x100000dc   Data           4  .\build\led_control.o(.data)
    alive_ones                               0x100000e0   Data           4  .\build\led_control.o(.data)
    alive_tens                               0x100000e4   Data           4  .\build\led_control.o(.data)
    alive_hundreds                           0x100000e8   Data           4  .\build\led_control.o(.data)
    alive_thousands                          0x100000ec   Data           4  .\build\led_control.o(.data)
    AliveHandle                              0x100000f0   Data           4  .\build\led_control.o(.data)
    LOGGED_IN                                0x100000f4   Data           1  .\build\uart_control.o(.data)
    USERNAME_MATCHED                         0x100000f5   Data           1  .\build\uart_control.o(.data)
    PASSWORD_MATCHED                         0x100000f6   Data           1  .\build\uart_control.o(.data)
    qUART_TxQ                                0x100000f8   Data           4  .\build\uart_control.o(.data)
    qUART_RxQ                                0x100000fc   Data           4  .\build\uart_control.o(.data)
    UART0_TxSemaphore                        0x10000100   Data           4  .\build\uart_control.o(.data)
    USER_LIBRARY                             0x10000107   Data          40  .\build\uart_control.o(.data)
    PASS_LIBRARY                             0x1000012f   Data          40  .\build\uart_control.o(.data)
    USERS_NAMES                              0x10000157   Data         150  .\build\uart_control.o(.data)
    USER_PERMISSIONS                         0x100001ed   Data           5  .\build\uart_control.o(.data)
    branch_string                            0x100001f2   Data          20  .\build\uart_control.o(.data)
    keyword_strings                          0x10000206   Data         360  .\build\uart_control.o(.data)
    keyword_functions                        0x10000370   Data         120  .\build\uart_control.o(.data)
    PinLibrary_Initialized                   0x100003ed   Data           1  .\build\gpio_setup.o(.data)
    pxCurrentTCB                             0x100003fc   Data           4  .\build\tasks.o(.data)
    OperationQ                               0x10000464   Data           4  .\build\programs_file.o(.data)
    ProgramLibrary                           0x10000468   Data           4  .\build\programs_file.o(.data)
    ProgramHandlerQ                          0x1000046c   Data           4  .\build\programs_file.o(.data)
    CurrentProgram                           0x10000470   Data           1  .\build\programs_file.o(.data)
    ProgramTimerLibrary                      0x10000471   Data          96  .\build\programs_file.o(.data)
    HardwareLibrary                          0x100004d2   Data          64  .\build\programs_file.o(.data)
    SensorQ                                  0x10000514   Data           4  .\build\sensor_file.o(.data)
    ACTIVE_SENSORS                           0x10000518   Data           1  .\build\sensor_file.o(.data)
    SensorDataLibrary                        0x1000051a   Data          96  .\build\sensor_file.o(.data)
    stdio_uart_inited                        0x1000058c   Data           4  .\mbed\TARGET_LPC1768\TOOLCHAIN_ARM_STD\serial_api.o(.data)
    stdio_uart                               0x10000594   Data           8  .\mbed\TARGET_LPC1768\TOOLCHAIN_ARM_STD\serial_api.o(.data)
    SystemCoreClock                          0x1000059c   Data           4  .\mbed\TARGET_LPC1768\TOOLCHAIN_ARM_STD\system_LPC17xx.o(.data)
    us_ticker_inited                         0x100005a0   Data           4  .\mbed\TARGET_LPC1768\TOOLCHAIN_ARM_STD\us_ticker.o(.data)
    mbed::FileBase::_head                    0x100005b4   Data           4  .\mbed\TARGET_LPC1768\TOOLCHAIN_ARM_STD\mbed.ar(FileBase.o)(.data)
    mbed::FileBase::_mutex                   0x100005b8   Data           8  .\mbed\TARGET_LPC1768\TOOLCHAIN_ARM_STD\mbed.ar(FileBase.o)(.data)
    __aeabi_stdin                            0x100005c0   Data           4  C:\Keil_v5\ARM\ARMCC\Bin\..\lib\armlib\c_w.l(stdio_streams.o)(.data)
    __aeabi_stdout                           0x100005c4   Data           4  C:\Keil_v5\ARM\ARMCC\Bin\..\lib\armlib\c_w.l(stdio_streams.o)(.data)
    __aeabi_stderr                           0x100005c8   Data           4  C:\Keil_v5\ARM\ARMCC\Bin\..\lib\armlib\c_w.l(stdio_streams.o)(.data)
    input_buffer                             0x100005d0   Data          32  .\build\uart_control.o(.bss)
    PinLibrary                               0x100005f0   Data         160  .\build\gpio_setup.o(.bss)
    SensorStatusLibrary                      0x10004780   Data          16  .\build\sensor_file.o(.bss)
    __stdin                                  0x100049fc   Data          84  C:\Keil_v5\ARM\ARMCC\Bin\..\lib\armlib\c_w.l(stdio_streams.o)(.bss)
    __stdout                                 0x10004a50   Data          84  C:\Keil_v5\ARM\ARMCC\Bin\..\lib\armlib\c_w.l(stdio_streams.o)(.bss)
    __stderr                                 0x10004aa4   Data          84  C:\Keil_v5\ARM\ARMCC\Bin\..\lib\armlib\c_w.l(stdio_streams.o)(.bss)
    Image$$RW_IRAM1$$ZI$$Limit               0x10004b10   Number         0  anon$$obj.o ABSOLUTE



==============================================================================

Memory Map of the image

  Image Entry point : 0x00000301

  Load Region LR_IROM1 (Base: 0x00000000, Size: 0x00007f00, Max: 0x00080000, ABSOLUTE, COMPRESSED[0x00007b74])

    Execution Region ER_IROM0 (Exec base: 0x00000000, Load base: 0x00000000, Size: 0x000000c4, Max: 0x000002fc, ABSOLUTE)

    Exec Addr    Load Addr    Size         Type   Attr      Idx    E Section Name        Object

    0x00000000   0x00000000   0x000000c4   Data   RO         2109    RESET               .\mbed\TARGET_LPC1768\TOOLCHAIN_ARM_STD\startup_LPC17xx.o


    Execution Region ER_CRP (Exec base: 0x000002fc, Load base: 0x000002fc, Size: 0x00000004, Max: 0x00000004, ABSOLUTE, FIXED)

    Exec Addr    Load Addr    Size         Type   Attr      Idx    E Section Name        Object

    0x000002fc   0x000002fc   0x00000004   Data   RO         1622    .CRPSection         .\mbed\TARGET_LPC1768\TOOLCHAIN_ARM_STD\CRP.o


    Execution Region ER_IROM1 (Exec base: 0x00000300, Load base: 0x00000300, Size: 0x000076f8, Max: 0x0007fd00, ABSOLUTE, FIXED)

    Exec Addr    Load Addr    Size         Type   Attr      Idx    E Section Name        Object

    0x00000300   0x00000300   0x00000008   Code   RO         2543  * !!!main             C:\Keil_v5\ARM\ARMCC\Bin\..\lib\armlib\c_w.l(__main.o)
    0x00000308   0x00000308   0x00000034   Code   RO         3165    !!!scatter          C:\Keil_v5\ARM\ARMCC\Bin\..\lib\armlib\c_w.l(__scatter.o)
    0x0000033c   0x0000033c   0x0000005a   Code   RO         3163    !!dczerorl2         C:\Keil_v5\ARM\ARMCC\Bin\..\lib\armlib\c_w.l(__dczerorl2.o)
    0x00000396   0x00000396   0x00000002   PAD
    0x00000398   0x00000398   0x0000001c   Code   RO         3167    !!handler_zi        C:\Keil_v5\ARM\ARMCC\Bin\..\lib\armlib\c_w.l(__scatter_zi.o)
    0x000003b4   0x000003b4   0x00000000   Code   RO         2813    .ARM.Collect$$_printf_percent$$00000000  C:\Keil_v5\ARM\ARMCC\Bin\..\lib\armlib\c_w.l(_printf_percent.o)
    0x000003b4   0x000003b4   0x00000006   Code   RO         2802    .ARM.Collect$$_printf_percent$$00000001  C:\Keil_v5\ARM\ARMCC\Bin\..\lib\armlib\c_w.l(_printf_n.o)
    0x000003ba   0x000003ba   0x00000006   Code   RO         2804    .ARM.Collect$$_printf_percent$$00000002  C:\Keil_v5\ARM\ARMCC\Bin\..\lib\armlib\c_w.l(_printf_p.o)
    0x000003c0   0x000003c0   0x00000006   Code   RO         2809    .ARM.Collect$$_printf_percent$$00000003  C:\Keil_v5\ARM\ARMCC\Bin\..\lib\armlib\c_w.l(_printf_f.o)
    0x000003c6   0x000003c6   0x00000006   Code   RO         2810    .ARM.Collect$$_printf_percent$$00000004  C:\Keil_v5\ARM\ARMCC\Bin\..\lib\armlib\c_w.l(_printf_e.o)
    0x000003cc   0x000003cc   0x00000006   Code   RO         2811    .ARM.Collect$$_printf_percent$$00000005  C:\Keil_v5\ARM\ARMCC\Bin\..\lib\armlib\c_w.l(_printf_g.o)
    0x000003d2   0x000003d2   0x00000006   Code   RO         2812    .ARM.Collect$$_printf_percent$$00000006  C:\Keil_v5\ARM\ARMCC\Bin\..\lib\armlib\c_w.l(_printf_a.o)
    0x000003d8   0x000003d8   0x0000000a   Code   RO         2817    .ARM.Collect$$_printf_percent$$00000007  C:\Keil_v5\ARM\ARMCC\Bin\..\lib\armlib\c_w.l(_printf_ll.o)
    0x000003e2   0x000003e2   0x00000006   Code   RO         2806    .ARM.Collect$$_printf_percent$$00000008  C:\Keil_v5\ARM\ARMCC\Bin\..\lib\armlib\c_w.l(_printf_i.o)
    0x000003e8   0x000003e8   0x00000006   Code   RO         2807    .ARM.Collect$$_printf_percent$$00000009  C:\Keil_v5\ARM\ARMCC\Bin\..\lib\armlib\c_w.l(_printf_d.o)
    0x000003ee   0x000003ee   0x00000006   Code   RO         2808    .ARM.Collect$$_printf_percent$$0000000A  C:\Keil_v5\ARM\ARMCC\Bin\..\lib\armlib\c_w.l(_printf_u.o)
    0x000003f4   0x000003f4   0x00000006   Code   RO         2805    .ARM.Collect$$_printf_percent$$0000000B  C:\Keil_v5\ARM\ARMCC\Bin\..\lib\armlib\c_w.l(_printf_o.o)
    0x000003fa   0x000003fa   0x00000006   Code   RO         2803    .ARM.Collect$$_printf_percent$$0000000C  C:\Keil_v5\ARM\ARMCC\Bin\..\lib\armlib\c_w.l(_printf_x.o)
    0x00000400   0x00000400   0x00000006   Code   RO         2814    .ARM.Collect$$_printf_percent$$0000000D  C:\Keil_v5\ARM\ARMCC\Bin\..\lib\armlib\c_w.l(_printf_lli.o)
    0x00000406   0x00000406   0x00000006   Code   RO         2815    .ARM.Collect$$_printf_percent$$0000000E  C:\Keil_v5\ARM\ARMCC\Bin\..\lib\armlib\c_w.l(_printf_lld.o)
    0x0000040c   0x0000040c   0x00000006   Code   RO         2816    .ARM.Collect$$_printf_percent$$0000000F  C:\Keil_v5\ARM\ARMCC\Bin\..\lib\armlib\c_w.l(_printf_llu.o)
    0x00000412   0x00000412   0x00000006   Code   RO         2821    .ARM.Collect$$_printf_percent$$00000010  C:\Keil_v5\ARM\ARMCC\Bin\..\lib\armlib\c_w.l(_printf_llo.o)
    0x00000418   0x00000418   0x00000006   Code   RO         2822    .ARM.Collect$$_printf_percent$$00000011  C:\Keil_v5\ARM\ARMCC\Bin\..\lib\armlib\c_w.l(_printf_llx.o)
    0x0000041e   0x0000041e   0x0000000a   Code   RO         2818    .ARM.Collect$$_printf_percent$$00000012  C:\Keil_v5\ARM\ARMCC\Bin\..\lib\armlib\c_w.l(_printf_l.o)
    0x00000428   0x00000428   0x00000006   Code   RO         2800    .ARM.Collect$$_printf_percent$$00000013  C:\Keil_v5\ARM\ARMCC\Bin\..\lib\armlib\c_w.l(_printf_c.o)
    0x0000042e   0x0000042e   0x00000006   Code   RO         2801    .ARM.Collect$$_printf_percent$$00000014  C:\Keil_v5\ARM\ARMCC\Bin\..\lib\armlib\c_w.l(_printf_s.o)
    0x00000434   0x00000434   0x00000006   Code   RO         2819    .ARM.Collect$$_printf_percent$$00000015  C:\Keil_v5\ARM\ARMCC\Bin\..\lib\armlib\c_w.l(_printf_lc.o)
    0x0000043a   0x0000043a   0x00000006   Code   RO         2820    .ARM.Collect$$_printf_percent$$00000016  C:\Keil_v5\ARM\ARMCC\Bin\..\lib\armlib\c_w.l(_printf_ls.o)
    0x00000440   0x00000440   0x00000004   Code   RO         2983    .ARM.Collect$$_printf_percent$$00000017  C:\Keil_v5\ARM\ARMCC\Bin\..\lib\armlib\c_w.l(_printf_percent_end.o)
    0x00000444   0x00000444   0x00000002   Code   RO         3115    .ARM.Collect$$libinit$$00000000  C:\Keil_v5\ARM\ARMCC\Bin\..\lib\armlib\c_w.l(libinit.o)
    0x00000446   0x00000446   0x00000000   Code   RO         2855    .ARM.Collect$$libinit$$00000002  C:\Keil_v5\ARM\ARMCC\Bin\..\lib\armlib\c_w.l(libinit2.o)
    0x00000446   0x00000446   0x00000000   Code   RO         2857    .ARM.Collect$$libinit$$00000004  C:\Keil_v5\ARM\ARMCC\Bin\..\lib\armlib\c_w.l(libinit2.o)
    0x00000446   0x00000446   0x00000008   Code   RO         2858    .ARM.Collect$$libinit$$00000005  C:\Keil_v5\ARM\ARMCC\Bin\..\lib\armlib\c_w.l(libinit2.o)
    0x0000044e   0x0000044e   0x00000000   Code   RO         2860    .ARM.Collect$$libinit$$0000000A  C:\Keil_v5\ARM\ARMCC\Bin\..\lib\armlib\c_w.l(libinit2.o)
    0x0000044e   0x0000044e   0x00000000   Code   RO         2862    .ARM.Collect$$libinit$$0000000C  C:\Keil_v5\ARM\ARMCC\Bin\..\lib\armlib\c_w.l(libinit2.o)
    0x0000044e   0x0000044e   0x00000000   Code   RO         2864    .ARM.Collect$$libinit$$0000000E  C:\Keil_v5\ARM\ARMCC\Bin\..\lib\armlib\c_w.l(libinit2.o)
    0x0000044e   0x0000044e   0x00000006   Code   RO         2865    .ARM.Collect$$libinit$$0000000F  C:\Keil_v5\ARM\ARMCC\Bin\..\lib\armlib\c_w.l(libinit2.o)
    0x00000454   0x00000454   0x00000000   Code   RO         2867    .ARM.Collect$$libinit$$00000011  C:\Keil_v5\ARM\ARMCC\Bin\..\lib\armlib\c_w.l(libinit2.o)
    0x00000454   0x00000454   0x0000000c   Code   RO         2868    .ARM.Collect$$libinit$$00000012  C:\Keil_v5\ARM\ARMCC\Bin\..\lib\armlib\c_w.l(libinit2.o)
    0x00000460   0x00000460   0x00000000   Code   RO         2869    .ARM.Collect$$libinit$$00000013  C:\Keil_v5\ARM\ARMCC\Bin\..\lib\armlib\c_w.l(libinit2.o)
    0x00000460   0x00000460   0x00000000   Code   RO         2871    .ARM.Collect$$libinit$$00000015  C:\Keil_v5\ARM\ARMCC\Bin\..\lib\armlib\c_w.l(libinit2.o)
    0x00000460   0x00000460   0x0000000a   Code   RO         2872    .ARM.Collect$$libinit$$00000016  C:\Keil_v5\ARM\ARMCC\Bin\..\lib\armlib\c_w.l(libinit2.o)
    0x0000046a   0x0000046a   0x00000000   Code   RO         2873    .ARM.Collect$$libinit$$00000017  C:\Keil_v5\ARM\ARMCC\Bin\..\lib\armlib\c_w.l(libinit2.o)
    0x0000046a   0x0000046a   0x00000000   Code   RO         2875    .ARM.Collect$$libinit$$00000019  C:\Keil_v5\ARM\ARMCC\Bin\..\lib\armlib\c_w.l(libinit2.o)
    0x0000046a   0x0000046a   0x00000000   Code   RO         2877    .ARM.Collect$$libinit$$0000001B  C:\Keil_v5\ARM\ARMCC\Bin\..\lib\armlib\c_w.l(libinit2.o)
    0x0000046a   0x0000046a   0x00000000   Code   RO         2879    .ARM.Collect$$libinit$$0000001D  C:\Keil_v5\ARM\ARMCC\Bin\..\lib\armlib\c_w.l(libinit2.o)
    0x0000046a   0x0000046a   0x00000000   Code   RO         2881    .ARM.Collect$$libinit$$0000001F  C:\Keil_v5\ARM\ARMCC\Bin\..\lib\armlib\c_w.l(libinit2.o)
    0x0000046a   0x0000046a   0x00000000   Code   RO         2883    .ARM.Collect$$libinit$$00000021  C:\Keil_v5\ARM\ARMCC\Bin\..\lib\armlib\c_w.l(libinit2.o)
    0x0000046a   0x0000046a   0x00000000   Code   RO         2885    .ARM.Collect$$libinit$$00000023  C:\Keil_v5\ARM\ARMCC\Bin\..\lib\armlib\c_w.l(libinit2.o)
    0x0000046a   0x0000046a   0x00000004   Code   RO         2886    .ARM.Collect$$libinit$$00000024  C:\Keil_v5\ARM\ARMCC\Bin\..\lib\armlib\c_w.l(libinit2.o)
    0x0000046e   0x0000046e   0x00000000   Code   RO         2887    .ARM.Collect$$libinit$$00000025  C:\Keil_v5\ARM\ARMCC\Bin\..\lib\armlib\c_w.l(libinit2.o)
    0x0000046e   0x0000046e   0x00000000   Code   RO         2891    .ARM.Collect$$libinit$$0000002C  C:\Keil_v5\ARM\ARMCC\Bin\..\lib\armlib\c_w.l(libinit2.o)
    0x0000046e   0x0000046e   0x00000000   Code   RO         2893    .ARM.Collect$$libinit$$0000002E  C:\Keil_v5\ARM\ARMCC\Bin\..\lib\armlib\c_w.l(libinit2.o)
    0x0000046e   0x0000046e   0x00000000   Code   RO         2895    .ARM.Collect$$libinit$$00000030  C:\Keil_v5\ARM\ARMCC\Bin\..\lib\armlib\c_w.l(libinit2.o)
    0x0000046e   0x0000046e   0x00000000   Code   RO         2897    .ARM.Collect$$libinit$$00000032  C:\Keil_v5\ARM\ARMCC\Bin\..\lib\armlib\c_w.l(libinit2.o)
    0x0000046e   0x0000046e   0x00000002   Code   RO         2898    .ARM.Collect$$libinit$$00000033  C:\Keil_v5\ARM\ARMCC\Bin\..\lib\armlib\c_w.l(libinit2.o)
    0x00000470   0x00000470   0x00000000   Code   RO         3022    .ARM.Collect$$libshutdown$$00000004  C:\Keil_v5\ARM\ARMCC\Bin\..\lib\armlib\c_w.l(libshutdown2.o)
    0x00000470   0x00000470   0x00000000   Code   RO         2700    .ARM.Collect$$rtentry$$00000000  C:\Keil_v5\ARM\ARMCC\Bin\..\lib\armlib\c_w.l(__rtentry.o)
    0x00000470   0x00000470   0x00000000   Code   RO         2942    .ARM.Collect$$rtentry$$00000002  C:\Keil_v5\ARM\ARMCC\Bin\..\lib\armlib\c_w.l(__rtentry2.o)
    0x00000470   0x00000470   0x00000006   Code   RO         2954    .ARM.Collect$$rtentry$$00000004  C:\Keil_v5\ARM\ARMCC\Bin\..\lib\armlib\c_w.l(__rtentry4.o)
    0x00000476   0x00000476   0x00000008   Code   RO         2943    .ARM.Collect$$rtentry$$00000008  C:\Keil_v5\ARM\ARMCC\Bin\..\lib\armlib\c_w.l(__rtentry2.o)
    0x0000047e   0x0000047e   0x00000004   Code   RO         2945    .ARM.Collect$$rtentry$$0000000A  C:\Keil_v5\ARM\ARMCC\Bin\..\lib\armlib\c_w.l(__rtentry2.o)
    0x00000482   0x00000482   0x00000000   Code   RO         2947    .ARM.Collect$$rtentry$$0000000C  C:\Keil_v5\ARM\ARMCC\Bin\..\lib\armlib\c_w.l(__rtentry2.o)
    0x00000482   0x00000482   0x00000008   Code   RO         2948    .ARM.Collect$$rtentry$$0000000D  C:\Keil_v5\ARM\ARMCC\Bin\..\lib\armlib\c_w.l(__rtentry2.o)
    0x0000048a   0x0000048a   0x00000002   PAD
    0x0000048c   0x0000048c   0x00000096   Code   RO          574    .emb_text           .\build\port.o
    0x00000522   0x00000522   0x00000002   PAD
    0x00000524   0x00000524   0x00000000   Code   RO         2960    .emb_text           C:\Keil_v5\ARM\ARMCC\Bin\..\lib\armlib\c_w.l(maybetermalloc1.o)
    0x00000524   0x00000524   0x00000024   Code   RO         2110    .text               .\mbed\TARGET_LPC1768\TOOLCHAIN_ARM_STD\startup_LPC17xx.o
    0x00000548   0x00000548   0x00000008   Code   RO         2428    .text               C:\Keil_v5\ARM\ARMCC\Bin\..\lib\armlib\c_w.l(rt_errno_addr.o)
    0x00000550   0x00000550   0x0000005e   Code   RO         2437    .text               C:\Keil_v5\ARM\ARMCC\Bin\..\lib\armlib\c_w.l(h1_alloc.o)
    0x000005ae   0x000005ae   0x0000004e   Code   RO         2439    .text               C:\Keil_v5\ARM\ARMCC\Bin\..\lib\armlib\c_w.l(h1_free.o)
    0x000005fc   0x000005fc   0x000000ee   Code   RO         2495    .text               C:\Keil_v5\ARM\ARMCC\Bin\..\lib\armlib\c_w.l(lludivv7m.o)
    0x000006ea   0x000006ea   0x00000026   Code   RO         2497    .text               C:\Keil_v5\ARM\ARMCC\Bin\..\lib\armlib\c_w.l(llshl.o)
    0x00000710   0x00000710   0x00000034   Code   RO         2499    .text               C:\Keil_v5\ARM\ARMCC\Bin\..\lib\armlib\c_w.l(vsnprintf.o)
    0x00000744   0x00000744   0x00000064   Code   RO         2505    .text               C:\Keil_v5\ARM\ARMCC\Bin\..\lib\armlib\c_w.l(fflush.o)
    0x000007a8   0x000007a8   0x000000ec   Code   RO         2513    .text               C:\Keil_v5\ARM\ARMCC\Bin\..\lib\armlib\c_w.l(fopen.o)
    0x00000894   0x00000894   0x0000003e   Code   RO         2529    .text               C:\Keil_v5\ARM\ARMCC\Bin\..\lib\armlib\c_w.l(strlen.o)
    0x000008d2   0x000008d2   0x00000096   Code   RO         2531    .text               C:\Keil_v5\ARM\ARMCC\Bin\..\lib\armlib\c_w.l(strncmp.o)
    0x00000968   0x00000968   0x0000008a   Code   RO         2533    .text               C:\Keil_v5\ARM\ARMCC\Bin\..\lib\armlib\c_w.l(rt_memcpy_v6.o)
    0x000009f2   0x000009f2   0x00000064   Code   RO         2535    .text               C:\Keil_v5\ARM\ARMCC\Bin\..\lib\armlib\c_w.l(rt_memcpy_w.o)
    0x00000a56   0x00000a56   0x00000010   Code   RO         2537    .text               C:\Keil_v5\ARM\ARMCC\Bin\..\lib\armlib\c_w.l(aeabi_memset.o)
    0x00000a66   0x00000a66   0x00000044   Code   RO         2539    .text               C:\Keil_v5\ARM\ARMCC\Bin\..\lib\armlib\c_w.l(rt_memclr.o)
    0x00000aaa   0x00000aaa   0x00000002   PAD
    0x00000aac   0x00000aac   0x00000080   Code   RO         2541    .text               C:\Keil_v5\ARM\ARMCC\Bin\..\lib\armlib\c_w.l(strcmpv7m.o)
    0x00000b2c   0x00000b2c   0x00000008   Code   RO         2705    .text               C:\Keil_v5\ARM\ARMCC\Bin\..\lib\armlib\c_w.l(rt_heap_descriptor.o)
    0x00000b34   0x00000b34   0x00000004   Code   RO         2710    .text               C:\Keil_v5\ARM\ARMCC\Bin\..\lib\armlib\c_w.l(hguard.o)
    0x00000b38   0x00000b38   0x0000008a   Code   RO         2712    .text               C:\Keil_v5\ARM\ARMCC\Bin\..\lib\armlib\c_w.l(init_alloc.o)
    0x00000bc2   0x00000bc2   0x0000000e   Code   RO         2716    .text               C:\Keil_v5\ARM\ARMCC\Bin\..\lib\armlib\c_w.l(h1_init.o)
    0x00000bd0   0x00000bd0   0x0000004e   Code   RO         2732    .text               C:\Keil_v5\ARM\ARMCC\Bin\..\lib\armlib\c_w.l(_printf_pad.o)
    0x00000c1e   0x00000c1e   0x00000024   Code   RO         2734    .text               C:\Keil_v5\ARM\ARMCC\Bin\..\lib\armlib\c_w.l(_printf_truncate.o)
    0x00000c42   0x00000c42   0x00000052   Code   RO         2736    .text               C:\Keil_v5\ARM\ARMCC\Bin\..\lib\armlib\c_w.l(_printf_str.o)
    0x00000c94   0x00000c94   0x00000078   Code   RO         2738    .text               C:\Keil_v5\ARM\ARMCC\Bin\..\lib\armlib\c_w.l(_printf_dec.o)
    0x00000d0c   0x00000d0c   0x00000028   Code   RO         2740    .text               C:\Keil_v5\ARM\ARMCC\Bin\..\lib\armlib\c_w.l(_printf_charcount.o)
    0x00000d34   0x00000d34   0x00000030   Code   RO         2742    .text               C:\Keil_v5\ARM\ARMCC\Bin\..\lib\armlib\c_w.l(_printf_char_common.o)
    0x00000d64   0x00000d64   0x0000000a   Code   RO         2744    .text               C:\Keil_v5\ARM\ARMCC\Bin\..\lib\armlib\c_w.l(_sputc.o)
    0x00000d6e   0x00000d6e   0x00000010   Code   RO         2746    .text               C:\Keil_v5\ARM\ARMCC\Bin\..\lib\armlib\c_w.l(_snputc.o)
    0x00000d7e   0x00000d7e   0x00000002   PAD
    0x00000d80   0x00000d80   0x000000bc   Code   RO         2748    .text               C:\Keil_v5\ARM\ARMCC\Bin\..\lib\armlib\c_w.l(_printf_wctomb.o)
    0x00000e3c   0x00000e3c   0x0000007c   Code   RO         2751    .text               C:\Keil_v5\ARM\ARMCC\Bin\..\lib\armlib\c_w.l(_printf_longlong_dec.o)
    0x00000eb8   0x00000eb8   0x00000070   Code   RO         2757    .text               C:\Keil_v5\ARM\ARMCC\Bin\..\lib\armlib\c_w.l(_printf_oct_int_ll.o)
    0x00000f28   0x00000f28   0x00000094   Code   RO         2777    .text               C:\Keil_v5\ARM\ARMCC\Bin\..\lib\armlib\c_w.l(_printf_hex_int_ll_ptr.o)
    0x00000fbc   0x00000fbc   0x00000188   Code   RO         2797    .text               C:\Keil_v5\ARM\ARMCC\Bin\..\lib\armlib\c_w.l(__printf_flags_ss_wp.o)
    0x00001144   0x00001144   0x000000f8   Code   RO         2833    .text               C:\Keil_v5\ARM\ARMCC\Bin\..\lib\armlib\c_w.l(fseek.o)
    0x0000123c   0x0000123c   0x00000046   Code   RO         2835    .text               C:\Keil_v5\ARM\ARMCC\Bin\..\lib\armlib\c_w.l(setvbuf.o)
    0x00001282   0x00001282   0x00000002   PAD
    0x00001284   0x00001284   0x000000f0   Code   RO         2837    .text               C:\Keil_v5\ARM\ARMCC\Bin\..\lib\armlib\c_w.l(stdio.o)
    0x00001374   0x00001374   0x00000138   Code   RO         2840    .text               C:\Keil_v5\ARM\ARMCC\Bin\..\lib\armlib\c_w.l(initio.o)
    0x000014ac   0x000014ac   0x0000004c   Code   RO         2842    .text               C:\Keil_v5\ARM\ARMCC\Bin\..\lib\armlib\c_w.l(fclose.o)
    0x000014f8   0x000014f8   0x0000004e   Code   RO         2850    .text               C:\Keil_v5\ARM\ARMCC\Bin\..\lib\armlib\c_w.l(rt_memclr_w.o)
    0x00001546   0x00001546   0x00000034   Code   RO         2962    .text               C:\Keil_v5\ARM\ARMCC\Bin\..\lib\armlib\c_w.l(h1_extend.o)
    0x0000157a   0x0000157a   0x0000008a   Code   RO         2966    .text               C:\Keil_v5\ARM\ARMCC\Bin\..\lib\armlib\c_w.l(lludiv10.o)
    0x00001604   0x00001604   0x000000b2   Code   RO         2970    .text               C:\Keil_v5\ARM\ARMCC\Bin\..\lib\armlib\c_w.l(_printf_intcommon.o)
    0x000016b6   0x000016b6   0x0000041e   Code   RO         2972    .text               C:\Keil_v5\ARM\ARMCC\Bin\..\lib\armlib\c_w.l(_printf_fp_dec.o)
    0x00001ad4   0x00001ad4   0x000002fc   Code   RO         2974    .text               C:\Keil_v5\ARM\ARMCC\Bin\..\lib\armlib\c_w.l(_printf_fp_hex.o)
    0x00001dd0   0x00001dd0   0x0000002c   Code   RO         2979    .text               C:\Keil_v5\ARM\ARMCC\Bin\..\lib\armlib\c_w.l(_printf_char.o)
    0x00001dfc   0x00001dfc   0x0000002c   Code   RO         2981    .text               C:\Keil_v5\ARM\ARMCC\Bin\..\lib\armlib\c_w.l(_printf_wchar.o)
    0x00001e28   0x00001e28   0x00000042   Code   RO         2986    .text               C:\Keil_v5\ARM\ARMCC\Bin\..\lib\armlib\c_w.l(ftell.o)
    0x00001e6a   0x00001e6a   0x00000040   Code   RO         3002    .text               C:\Keil_v5\ARM\ARMCC\Bin\..\lib\armlib\c_w.l(_wcrtomb.o)
    0x00001eaa   0x00001eaa   0x0000000e   Code   RO         3004    .text               C:\Keil_v5\ARM\ARMCC\Bin\..\lib\armlib\c_w.l(defsig_rtred_outer.o)
    0x00001eb8   0x00001eb8   0x0000000e   Code   RO         3008    .text               C:\Keil_v5\ARM\ARMCC\Bin\..\lib\armlib\c_w.l(defsig_rtmem_outer.o)
    0x00001ec6   0x00001ec6   0x00000002   PAD
    0x00001ec8   0x00001ec8   0x00000050   Code   RO         3012    .text               C:\Keil_v5\ARM\ARMCC\Bin\..\lib\armlib\c_w.l(heapauxa.o)
    0x00001f18   0x00001f18   0x00000010   Code   RO         3050    .text               C:\Keil_v5\ARM\ARMCC\Bin\..\lib\armlib\c_w.l(rt_ctype_table.o)
    0x00001f28   0x00001f28   0x00000008   Code   RO         3054    .text               C:\Keil_v5\ARM\ARMCC\Bin\..\lib\armlib\c_w.l(rt_locale.o)
    0x00001f30   0x00001f30   0x00000080   Code   RO         3066    .text               C:\Keil_v5\ARM\ARMCC\Bin\..\lib\armlib\c_w.l(_printf_fp_infnan.o)
    0x00001fb0   0x00001fb0   0x000000e4   Code   RO         3068    .text               C:\Keil_v5\ARM\ARMCC\Bin\..\lib\armlib\c_w.l(bigflt0.o)
    0x00002094   0x00002094   0x0000000a   Code   RO         3098    .text               C:\Keil_v5\ARM\ARMCC\Bin\..\lib\armlib\c_w.l(defsig_exit.o)
    0x0000209e   0x0000209e   0x00000002   PAD
    0x000020a0   0x000020a0   0x00000034   Code   RO         3104    .text               C:\Keil_v5\ARM\ARMCC\Bin\..\lib\armlib\c_w.l(defsig_rtred_inner.o)
    0x000020d4   0x000020d4   0x00000050   Code   RO         3106    .text               C:\Keil_v5\ARM\ARMCC\Bin\..\lib\armlib\c_w.l(defsig_rtmem_inner.o)
    0x00002124   0x00002124   0x0000000c   Code   RO         3123    .text               C:\Keil_v5\ARM\ARMCC\Bin\..\lib\armlib\c_w.l(sys_exit.o)
    0x00002130   0x00002130   0x00000032   Code   RO         3134    .text               C:\Keil_v5\ARM\ARMCC\Bin\..\lib\armlib\c_w.l(defsig_general.o)
    0x00002162   0x00002162   0x0000000e   Code   RO         3142    .text               C:\Keil_v5\ARM\ARMCC\Bin\..\lib\armlib\c_w.l(sys_wrch.o)
    0x00002170   0x00002170   0x00000002   Code   RO         3144    .text               C:\Keil_v5\ARM\ARMCC\Bin\..\lib\armlib\c_w.l(use_no_semi.o)
    0x00002172   0x00002172   0x00000000   Code   RO         3146    .text               C:\Keil_v5\ARM\ARMCC\Bin\..\lib\armlib\c_w.l(indicate_semi.o)
    0x00002172   0x00002172   0x0000003e   Code   RO         3071    CL$$btod_d2e        C:\Keil_v5\ARM\ARMCC\Bin\..\lib\armlib\c_w.l(btod.o)
    0x000021b0   0x000021b0   0x00000046   Code   RO         3073    CL$$btod_d2e_denorm_low  C:\Keil_v5\ARM\ARMCC\Bin\..\lib\armlib\c_w.l(btod.o)
    0x000021f6   0x000021f6   0x00000060   Code   RO         3072    CL$$btod_d2e_norm_op1  C:\Keil_v5\ARM\ARMCC\Bin\..\lib\armlib\c_w.l(btod.o)
    0x00002256   0x00002256   0x00000338   Code   RO         3081    CL$$btod_div_common  C:\Keil_v5\ARM\ARMCC\Bin\..\lib\armlib\c_w.l(btod.o)
    0x0000258e   0x0000258e   0x000000dc   Code   RO         3078    CL$$btod_e2e        C:\Keil_v5\ARM\ARMCC\Bin\..\lib\armlib\c_w.l(btod.o)
    0x0000266a   0x0000266a   0x0000002a   Code   RO         3075    CL$$btod_ediv       C:\Keil_v5\ARM\ARMCC\Bin\..\lib\armlib\c_w.l(btod.o)
    0x00002694   0x00002694   0x0000002a   Code   RO         3074    CL$$btod_emul       C:\Keil_v5\ARM\ARMCC\Bin\..\lib\armlib\c_w.l(btod.o)
    0x000026be   0x000026be   0x00000244   Code   RO         3080    CL$$btod_mult_common  C:\Keil_v5\ARM\ARMCC\Bin\..\lib\armlib\c_w.l(btod.o)
    0x00002902   0x00002902   0x0000000e   Code   RO         1930    i.$Sub$$main        .\mbed\TARGET_LPC1768\TOOLCHAIN_ARM_STD\mbed_sdk_boot.o
    0x00002910   0x00002910   0x00000034   Code   RO          575    i.SysTick_Handler   .\build\port.o
    0x00002944   0x00002944   0x000000a0   Code   RO         2116    i.SystemInit        .\mbed\TARGET_LPC1768\TOOLCHAIN_ARM_STD\system_LPC17xx.o
    0x000029e4   0x000029e4   0x00000004   Code   RO         2392    i._ZN4mbed8FileBase11getPathTypeEv  .\mbed\TARGET_LPC1768\TOOLCHAIN_ARM_STD\mbed.ar(FileBase.o)
    0x000029e8   0x000029e8   0x0000006c   Code   RO         2394    i._ZN4mbed8FileBase6lookupEPKcj  .\mbed\TARGET_LPC1768\TOOLCHAIN_ARM_STD\mbed.ar(FileBase.o)
    0x00002a54   0x00002a54   0x0000001e   Code   RO         2313    i._ZN4mbed8FilePath10fileSystemEv  .\mbed\TARGET_LPC1768\TOOLCHAIN_ARM_STD\mbed.ar(FilePath.o)
    0x00002a72   0x00002a72   0x0000001c   Code   RO         2315    i._ZN4mbed8FilePath4fileEv  .\mbed\TARGET_LPC1768\TOOLCHAIN_ARM_STD\mbed.ar(FilePath.o)
    0x00002a8e   0x00002a8e   0x0000000a   Code   RO         2316    i._ZN4mbed8FilePath6existsEv  .\mbed\TARGET_LPC1768\TOOLCHAIN_ARM_STD\mbed.ar(FilePath.o)
    0x00002a98   0x00002a98   0x00000018   Code   RO         2317    i._ZN4mbed8FilePath6isFileEv  .\mbed\TARGET_LPC1768\TOOLCHAIN_ARM_STD\mbed.ar(FilePath.o)
    0x00002ab0   0x00002ab0   0x00000004   Code   RO         2318    i._ZN4mbed8FilePath8fileNameEv  .\mbed\TARGET_LPC1768\TOOLCHAIN_ARM_STD\mbed.ar(FilePath.o)
    0x00002ab4   0x00002ab4   0x00000040   Code   RO         2319    i._ZN4mbed8FilePathC1EPKc  .\mbed\TARGET_LPC1768\TOOLCHAIN_ARM_STD\mbed.ar(FilePath.o)
    0x00002af4   0x00002af4   0x00000028   Code   RO         3121    i.__ARM_fpclassify  C:\Keil_v5\ARM\ARMCC\Bin\..\lib\armlib\m_ws.l(fpclassify.o)
    0x00002b1c   0x00002b1c   0x00000008   Code   RO         1783    i.__user_setup_stackheap  .\mbed\TARGET_LPC1768\TOOLCHAIN_ARM_STD\mbed_retarget.o
    0x00002b24   0x00002b24   0x0000000e   Code   RO         2790    i._is_digit         C:\Keil_v5\ARM\ARMCC\Bin\..\lib\armlib\c_w.l(__printf_wp.o)
    0x00002b32   0x00002b32   0x00000002   PAD
    0x00002b34   0x00002b34   0x00000010   Code   RO         1784    i._mbed_user_setup_stackheap  .\mbed\TARGET_LPC1768\TOOLCHAIN_ARM_STD\mbed_retarget.o
    0x00002b44   0x00002b44   0x0000001c   Code   RO         1931    i._platform_post_stackheap_init  .\mbed\TARGET_LPC1768\TOOLCHAIN_ARM_STD\mbed_sdk_boot.o
    0x00002b60   0x00002b60   0x0000004c   Code   RO         1785    i._sys_close        .\mbed\TARGET_LPC1768\TOOLCHAIN_ARM_STD\mbed_retarget.o
    0x00002bac   0x00002bac   0x0000004c   Code   RO         1788    i._sys_flen         .\mbed\TARGET_LPC1768\TOOLCHAIN_ARM_STD\mbed_retarget.o
    0x00002bf8   0x00002bf8   0x00000040   Code   RO         1789    i._sys_istty        .\mbed\TARGET_LPC1768\TOOLCHAIN_ARM_STD\mbed_retarget.o
    0x00002c38   0x00002c38   0x00000208   Code   RO         1790    i._sys_open         .\mbed\TARGET_LPC1768\TOOLCHAIN_ARM_STD\mbed_retarget.o
    0x00002e40   0x00002e40   0x00000050   Code   RO         1792    i._sys_seek         .\mbed\TARGET_LPC1768\TOOLCHAIN_ARM_STD\mbed_retarget.o
    0x00002e90   0x00002e90   0x00000080   Code   RO         1793    i._sys_write        .\mbed\TARGET_LPC1768\TOOLCHAIN_ARM_STD\mbed_retarget.o
    0x00002f10   0x00002f10   0x0000008c   Code   RO         2286    i.core_util_critical_section_enter  .\mbed\TARGET_LPC1768\TOOLCHAIN_ARM_STD\mbed.ar(mbed_critical.o)
    0x00002f9c   0x00002f9c   0x00000058   Code   RO         2287    i.core_util_critical_section_exit  .\mbed\TARGET_LPC1768\TOOLCHAIN_ARM_STD\mbed.ar(mbed_critical.o)
    0x00002ff4   0x00002ff4   0x00000012   Code   RO          237    i.delay_ms          .\build\utilities.o
    0x00003006   0x00003006   0x00000002   PAD
    0x00003008   0x00003008   0x00000028   Code   RO         2211    i.error             .\mbed\TARGET_LPC1768\TOOLCHAIN_ARM_STD\mbed.ar(mbed_error.o)
    0x00003030   0x00003030   0x0000002c   Code   RO         1796    i.exit              .\mbed\TARGET_LPC1768\TOOLCHAIN_ARM_STD\mbed_retarget.o
    0x0000305c   0x0000305c   0x00000008   Code   RO         2180    i.get_us_ticker_data  .\mbed\TARGET_LPC1768\TOOLCHAIN_ARM_STD\mbed.ar(mbed_us_ticker_api.o)
    0x00003064   0x00003064   0x00000054   Code   RO         1681    i.gpio_dir          .\mbed\TARGET_LPC1768\TOOLCHAIN_ARM_STD\gpio_api.o
    0x000030b8   0x000030b8   0x0000003a   Code   RO         1682    i.gpio_init         .\mbed\TARGET_LPC1768\TOOLCHAIN_ARM_STD\gpio_api.o
    0x000030f2   0x000030f2   0x00000028   Code   RO         2145    i.gpio_init_in      .\mbed\TARGET_LPC1768\TOOLCHAIN_ARM_STD\mbed.ar(mbed_gpio.o)
    0x0000311a   0x0000311a   0x00000002   PAD
    0x0000311c   0x0000311c   0x00000048   Code   RO         2148    i.gpio_init_out     .\mbed\TARGET_LPC1768\TOOLCHAIN_ARM_STD\mbed.ar(mbed_gpio.o)
    0x00003164   0x00003164   0x00000068   Code   RO         2149    i.gpio_init_out_ex  .\mbed\TARGET_LPC1768\TOOLCHAIN_ARM_STD\mbed.ar(mbed_gpio.o)
    0x000031cc   0x000031cc   0x00000006   Code   RO         1683    i.gpio_mode         .\mbed\TARGET_LPC1768\TOOLCHAIN_ARM_STD\gpio_api.o
    0x000031d2   0x000031d2   0x00000002   PAD
    0x000031d4   0x000031d4   0x000000d4   Code   RO         2221    i.initialize        .\mbed\TARGET_LPC1768\TOOLCHAIN_ARM_STD\mbed.ar(mbed_ticker_api.o)
    0x000032a8   0x000032a8   0x00000012   Code   RO          134    i.led_delay_ms      .\build\led_control.o
    0x000032ba   0x000032ba   0x00000002   PAD
    0x000032bc   0x000032bc   0x000000b0   Code   RO            4    i.main              .\build\main.o
    0x0000336c   0x0000336c   0x00000054   Code   RO         2203    i.mbed_assert_internal  .\mbed\TARGET_LPC1768\TOOLCHAIN_ARM_STD\mbed.ar(mbed_assert.o)
    0x000033c0   0x000033c0   0x000000bc   Code   RO         1752    i.mbed_die          .\mbed\TARGET_LPC1768\TOOLCHAIN_ARM_STD\mbed_board.o
    0x0000347c   0x0000347c   0x00000058   Code   RO         1753    i.mbed_error_printf  .\mbed\TARGET_LPC1768\TOOLCHAIN_ARM_STD\mbed_board.o
    0x000034d4   0x000034d4   0x00000054   Code   RO         1754    i.mbed_error_vfprintf  .\mbed\TARGET_LPC1768\TOOLCHAIN_ARM_STD\mbed_board.o
    0x00003528   0x00003528   0x00000004   Code   RO         2251    i.mbed_interface_connected  .\mbed\TARGET_LPC1768\TOOLCHAIN_ARM_STD\mbed.ar(mbed_interface.o)
    0x0000352c   0x0000352c   0x00000002   Code   RO         1933    i.mbed_main         .\mbed\TARGET_LPC1768\TOOLCHAIN_ARM_STD\mbed_sdk_boot.o
    0x0000352e   0x0000352e   0x00000002   Code   RO         1934    i.mbed_sdk_init     .\mbed\TARGET_LPC1768\TOOLCHAIN_ARM_STD\mbed_sdk_boot.o
    0x00003530   0x00003530   0x000000c4   Code   RO          282    i.nADC_Status       .\build\uart_control.o
    0x000035f4   0x000035f4   0x00000010   Code   RO          135    i.nAliveResume      .\build\led_control.o
    0x00003604   0x00003604   0x00000010   Code   RO          136    i.nAliveSuspend     .\build\led_control.o
    0x00003614   0x00003614   0x0000003c   Code   RO          508    i.nGPIO_STOP        .\build\gpio_setup.o
    0x00003650   0x00003650   0x00000030   Code   RO          509    i.nInitializePinLibrary  .\build\gpio_setup.o
    0x00003680   0x00003680   0x0000003c   Code   RO          138    i.nLEDFlip          .\build\led_control.o
    0x000036bc   0x000036bc   0x00000088   Code   RO          140    i.nLED_SET          .\build\led_control.o
    0x00003744   0x00003744   0x0000001c   Code   RO          284    i.nNewLine          .\build\uart_control.o
    0x00003760   0x00003760   0x00000064   Code   RO          285    i.nPinFlip_1        .\build\uart_control.o
    0x000037c4   0x000037c4   0x00000060   Code   RO          286    i.nPinFlip_2        .\build\uart_control.o
    0x00003824   0x00003824   0x0000000c   Code   RO          287    i.nPinSetup_1       .\build\uart_control.o
    0x00003830   0x00003830   0x0000000c   Code   RO          288    i.nPinSetup_2       .\build\uart_control.o
    0x0000383c   0x0000383c   0x000001ac   Code   RO          141    i.nPrintAlive       .\build\led_control.o
    0x000039e8   0x000039e8   0x000001d4   Code   RO         1493    i.nSensorData       .\build\sensor_file.o
    0x00003bbc   0x00003bbc   0x0000006c   Code   RO          289    i.nStartWash        .\build\uart_control.o
    0x00003c28   0x00003c28   0x00000018   Code   RO          290    i.nTerminalClear    .\build\uart_control.o
    0x00003c40   0x00003c40   0x0000008c   Code   RO          291    i.nTerminalHelp     .\build\uart_control.o
    0x00003ccc   0x00003ccc   0x00000050   Code   RO          292    i.nTerminalLogout   .\build\uart_control.o
    0x00003d1c   0x00003d1c   0x00000070   Code   RO          294    i.nTerminalStatus   .\build\uart_control.o
    0x00003d8c   0x00003d8c   0x0000002c   Code   RO          295    i.nTerminalUndefined  .\build\uart_control.o
    0x00003db8   0x00003db8   0x00000018   Code   RO          296    i.nTerminal_LED_1_ON  .\build\uart_control.o
    0x00003dd0   0x00003dd0   0x00000018   Code   RO          297    i.nTerminal_LED_2_ON  .\build\uart_control.o
    0x00003de8   0x00003de8   0x00000018   Code   RO          298    i.nTerminal_LED_3_ON  .\build\uart_control.o
    0x00003e00   0x00003e00   0x00000018   Code   RO          299    i.nTerminal_LED_4_ON  .\build\uart_control.o
    0x00003e18   0x00003e18   0x00000010   Code   RO          300    i.nTerminal_LED_ALL_ON  .\build\uart_control.o
    0x00003e28   0x00003e28   0x00000010   Code   RO          301    i.nTerminal_LED_OFF  .\build\uart_control.o
    0x00003e38   0x00003e38   0x00000088   Code   RO          302    i.nUART0_init       .\build\uart_control.o
    0x00003ec0   0x00003ec0   0x00000028   Code   RO          303    i.nUART_RxChar      .\build\uart_control.o
    0x00003ee8   0x00003ee8   0x00000014   Code   RO          304    i.nUART_TxChar      .\build\uart_control.o
    0x00003efc   0x00003efc   0x00000018   Code   RO          305    i.nUART_TxString    .\build\uart_control.o
    0x00003f14   0x00003f14   0x00000134   Code   RO         1402    i.nWashProgram_2    .\build\programs_file.o
    0x00004048   0x00004048   0x0000005c   Code   RO         1948    i.pin_function      .\mbed\TARGET_LPC1768\TOOLCHAIN_ARM_STD\pinmap.o
    0x000040a4   0x000040a4   0x00000090   Code   RO         1949    i.pin_mode          .\mbed\TARGET_LPC1768\TOOLCHAIN_ARM_STD\pinmap.o
    0x00004134   0x00004134   0x00000022   Code   RO         2163    i.pinmap_find_peripheral  .\mbed\TARGET_LPC1768\TOOLCHAIN_ARM_STD\mbed.ar(mbed_pinmap_common.o)
    0x00004156   0x00004156   0x00000002   PAD
    0x00004158   0x00004158   0x0000003c   Code   RO         2165    i.pinmap_merge      .\mbed\TARGET_LPC1768\TOOLCHAIN_ARM_STD\mbed.ar(mbed_pinmap_common.o)
    0x00004194   0x00004194   0x0000005c   Code   RO         2166    i.pinmap_peripheral  .\mbed\TARGET_LPC1768\TOOLCHAIN_ARM_STD\mbed.ar(mbed_pinmap_common.o)
    0x000041f0   0x000041f0   0x00000058   Code   RO         2167    i.pinmap_pinout     .\mbed\TARGET_LPC1768\TOOLCHAIN_ARM_STD\mbed.ar(mbed_pinmap_common.o)
    0x00004248   0x00004248   0x00000098   Code   RO          944    i.prvAddCurrentTaskToDelayedList  .\build\tasks.o
    0x000042e0   0x000042e0   0x000000b4   Code   RO          945    i.prvAddNewTaskToReadyList  .\build\tasks.o
    0x00004394   0x00004394   0x0000004c   Code   RO         1242    i.prvCheckForValidListAndQueue  .\build\timers.o
    0x000043e0   0x000043e0   0x00000064   Code   RO          946    i.prvCheckTasksWaitingTermination  .\build\tasks.o
    0x00004444   0x00004444   0x0000002a   Code   RO          785    i.prvCopyDataFromQueue  .\build\queue.o
    0x0000446e   0x0000446e   0x0000007c   Code   RO          786    i.prvCopyDataToQueue  .\build\queue.o
    0x000044ea   0x000044ea   0x00000012   Code   RO          947    i.prvDeleteTCB      .\build\tasks.o
    0x000044fc   0x000044fc   0x00000028   Code   RO         1243    i.prvGetNextExpireTime  .\build\timers.o
    0x00004524   0x00004524   0x00000028   Code   RO          948    i.prvIdleTask       .\build\tasks.o
    0x0000454c   0x0000454c   0x00000026   Code   RO          788    i.prvInitialiseNewQueue  .\build\queue.o
    0x00004572   0x00004572   0x000000b4   Code   RO          949    i.prvInitialiseNewTask  .\build\tasks.o
    0x00004626   0x00004626   0x00000002   PAD
    0x00004628   0x00004628   0x00000068   Code   RO          950    i.prvInitialiseTaskLists  .\build\tasks.o
    0x00004690   0x00004690   0x00000058   Code   RO         1245    i.prvInsertTimerInActiveList  .\build\timers.o
    0x000046e8   0x000046e8   0x0000001a   Code   RO          789    i.prvIsQueueEmpty   .\build\queue.o
    0x00004702   0x00004702   0x0000001e   Code   RO          790    i.prvIsQueueFull    .\build\queue.o
    0x00004720   0x00004720   0x00000064   Code   RO         1246    i.prvProcessExpiredTimer  .\build\timers.o
    0x00004784   0x00004784   0x000000f8   Code   RO         1247    i.prvProcessReceivedCommands  .\build\timers.o
    0x0000487c   0x0000487c   0x00000074   Code   RO         1248    i.prvProcessTimerOrBlockTask  .\build\timers.o
    0x000048f0   0x000048f0   0x00000034   Code   RO          951    i.prvResetNextTaskUnblockTime  .\build\tasks.o
    0x00004924   0x00004924   0x0000002c   Code   RO         1249    i.prvSampleTimeNow  .\build\timers.o
    0x00004950   0x00004950   0x000000a0   Code   RO         1250    i.prvSwitchTimerLists  .\build\timers.o
    0x000049f0   0x000049f0   0x00000040   Code   RO          576    i.prvTaskExitError  .\build\port.o
    0x00004a30   0x00004a30   0x00000058   Code   RO          952    i.prvTaskIsTaskSuspended  .\build\tasks.o
    0x00004a88   0x00004a88   0x0000001a   Code   RO         1251    i.prvTimerTask      .\build\timers.o
    0x00004aa2   0x00004aa2   0x0000007e   Code   RO          791    i.prvUnlockQueue    .\build\queue.o
    0x00004b20   0x00004b20   0x000000e0   Code   RO         1360    i.pvPortMalloc      .\build\heap_2.o
    0x00004c00   0x00004c00   0x00000020   Code   RO          953    i.pvTaskIncrementMutexHeldCount  .\build\tasks.o
    0x00004c20   0x00004c20   0x00000024   Code   RO          577    i.pxPortInitialiseStack  .\build\port.o
    0x00004c44   0x00004c44   0x000000e4   Code   RO         2222    i.schedule_interrupt  .\mbed\TARGET_LPC1768\TOOLCHAIN_ARM_STD\mbed.ar(mbed_ticker_api.o)
    0x00004d28   0x00004d28   0x00000010   Code   RO         2341    i.semihost_connected  .\mbed\TARGET_LPC1768\TOOLCHAIN_ARM_STD\mbed.ar(mbed_semihost_api.o)
    0x00004d38   0x00004d38   0x0000000c   Code   RO         2344    i.semihost_exit     .\mbed\TARGET_LPC1768\TOOLCHAIN_ARM_STD\mbed.ar(mbed_semihost_api.o)
    0x00004d44   0x00004d44   0x000001c4   Code   RO         2022    i.serial_baud       .\mbed\TARGET_LPC1768\TOOLCHAIN_ARM_STD\serial_api.o
    0x00004f08   0x00004f08   0x00000180   Code   RO         2029    i.serial_init       .\mbed\TARGET_LPC1768\TOOLCHAIN_ARM_STD\serial_api.o
    0x00005088   0x00005088   0x000000f8   Code   RO         2032    i.serial_irq_set_internal  .\mbed\TARGET_LPC1768\TOOLCHAIN_ARM_STD\serial_api.o
    0x00005180   0x00005180   0x00000068   Code   RO         2034    i.serial_putc       .\mbed\TARGET_LPC1768\TOOLCHAIN_ARM_STD\serial_api.o
    0x000051e8   0x000051e8   0x0000010c   Code   RO         2036    i.serial_set_flow_control  .\mbed\TARGET_LPC1768\TOOLCHAIN_ARM_STD\serial_api.o
    0x000052f4   0x000052f4   0x00000468   Code   RO          306    i.tUART_RxTask      .\build\uart_control.o
    0x0000575c   0x0000575c   0x0000004e   Code   RO         2226    i.ticker_irq_handler  .\mbed\TARGET_LPC1768\TOOLCHAIN_ARM_STD\mbed.ar(mbed_ticker_api.o)
    0x000057aa   0x000057aa   0x0000001c   Code   RO         2227    i.ticker_read       .\mbed\TARGET_LPC1768\TOOLCHAIN_ARM_STD\mbed.ar(mbed_ticker_api.o)
    0x000057c6   0x000057c6   0x00000002   PAD
    0x000057c8   0x000057c8   0x00000014   Code   RO         2038    i.uart0_irq         .\mbed\TARGET_LPC1768\TOOLCHAIN_ARM_STD\serial_api.o
    0x000057dc   0x000057dc   0x00000014   Code   RO         2039    i.uart1_irq         .\mbed\TARGET_LPC1768\TOOLCHAIN_ARM_STD\serial_api.o
    0x000057f0   0x000057f0   0x00000014   Code   RO         2040    i.uart2_irq         .\mbed\TARGET_LPC1768\TOOLCHAIN_ARM_STD\serial_api.o
    0x00005804   0x00005804   0x00000014   Code   RO         2041    i.uart3_irq         .\mbed\TARGET_LPC1768\TOOLCHAIN_ARM_STD\serial_api.o
    0x00005818   0x00005818   0x00000068   Code   RO         2042    i.uart_irq          .\mbed\TARGET_LPC1768\TOOLCHAIN_ARM_STD\serial_api.o
    0x00005880   0x00005880   0x00000104   Code   RO         2231    i.update_present_time  .\mbed\TARGET_LPC1768\TOOLCHAIN_ARM_STD\mbed.ar(mbed_ticker_api.o)
    0x00005984   0x00005984   0x0000000c   Code   RO         2126    i.us_ticker_clear_interrupt  .\mbed\TARGET_LPC1768\TOOLCHAIN_ARM_STD\us_ticker.o
    0x00005990   0x00005990   0x00000010   Code   RO         2127    i.us_ticker_disable_interrupt  .\mbed\TARGET_LPC1768\TOOLCHAIN_ARM_STD\us_ticker.o
    0x000059a0   0x000059a0   0x0000000c   Code   RO         2128    i.us_ticker_fire_interrupt  .\mbed\TARGET_LPC1768\TOOLCHAIN_ARM_STD\us_ticker.o
    0x000059ac   0x000059ac   0x00000008   Code   RO         1808    i.us_ticker_get_info  .\mbed\TARGET_LPC1768\TOOLCHAIN_ARM_STD\mbed_retarget.o
    0x000059b4   0x000059b4   0x00000068   Code   RO         2129    i.us_ticker_init    .\mbed\TARGET_LPC1768\TOOLCHAIN_ARM_STD\us_ticker.o
    0x00005a1c   0x00005a1c   0x00000018   Code   RO         2182    i.us_ticker_irq_handler  .\mbed\TARGET_LPC1768\TOOLCHAIN_ARM_STD\mbed.ar(mbed_us_ticker_api.o)
    0x00005a34   0x00005a34   0x00000064   Code   RO         2130    i.us_ticker_read    .\mbed\TARGET_LPC1768\TOOLCHAIN_ARM_STD\us_ticker.o
    0x00005a98   0x00005a98   0x00000014   Code   RO         2131    i.us_ticker_set_interrupt  .\mbed\TARGET_LPC1768\TOOLCHAIN_ARM_STD\us_ticker.o
    0x00005aac   0x00005aac   0x00000028   Code   RO          749    i.uxListRemove      .\build\list.o
    0x00005ad4   0x00005ad4   0x0000002a   Code   RO          792    i.uxQueueMessagesWaiting  .\build\queue.o
    0x00005afe   0x00005afe   0x0000003e   Code   RO            5    i.vApplicationMallocFailedHook  .\build\main.o
    0x00005b3c   0x00005b3c   0x0000003e   Code   RO            6    i.vApplicationStackOverflowHook  .\build\main.o
    0x00005b7a   0x00005b7a   0x00000002   PAD
    0x00005b7c   0x00005b7c   0x00000060   Code   RO          308    i.vCheckPasscode    .\build\uart_control.o
    0x00005bdc   0x00005bdc   0x0000006c   Code   RO          309    i.vCheckUsernames   .\build\uart_control.o
    0x00005c48   0x00005c48   0x00000078   Code   RO          310    i.vFindStringMatch  .\build\uart_control.o
    0x00005cc0   0x00005cc0   0x0000000c   Code   RO         1497    i.vGetSensorStatus  .\build\sensor_file.o
    0x00005ccc   0x00005ccc   0x0000001a   Code   RO          750    i.vListInitialise   .\build\list.o
    0x00005ce6   0x00005ce6   0x00000006   Code   RO          751    i.vListInitialiseItem  .\build\list.o
    0x00005cec   0x00005cec   0x00000034   Code   RO          752    i.vListInsert       .\build\list.o
    0x00005d20   0x00005d20   0x00000018   Code   RO          753    i.vListInsertEnd    .\build\list.o
    0x00005d38   0x00005d38   0x00000054   Code   RO          579    i.vPortEnterCritical  .\build\port.o
    0x00005d8c   0x00005d8c   0x0000003c   Code   RO          580    i.vPortExitCritical  .\build\port.o
    0x00005dc8   0x00005dc8   0x00000040   Code   RO         1361    i.vPortFree         .\build\heap_2.o
    0x00005e08   0x00005e08   0x00000020   Code   RO          581    i.vPortSetupTimerInterrupt  .\build\port.o
    0x00005e28   0x00005e28   0x00000078   Code   RO          582    i.vPortValidateInterruptPriority  .\build\port.o
    0x00005ea0   0x00005ea0   0x0000004a   Code   RO          796    i.vQueueWaitForMessageRestricted  .\build\queue.o
    0x00005eea   0x00005eea   0x00000002   PAD
    0x00005eec   0x00005eec   0x0000005c   Code   RO          959    i.vTaskDelay        .\build\tasks.o
    0x00005f48   0x00005f48   0x0000000c   Code   RO          963    i.vTaskMissedYield  .\build\tasks.o
    0x00005f54   0x00005f54   0x00000038   Code   RO          965    i.vTaskPlaceOnEventList  .\build\tasks.o
    0x00005f8c   0x00005f8c   0x00000040   Code   RO          966    i.vTaskPlaceOnEventListRestricted  .\build\tasks.o
    0x00005fcc   0x00005fcc   0x000000b0   Code   RO          968    i.vTaskPriorityInherit  .\build\tasks.o
    0x0000607c   0x0000607c   0x00000090   Code   RO          970    i.vTaskResume       .\build\tasks.o
    0x0000610c   0x0000610c   0x00000030   Code   RO          971    i.vTaskSetTimeOutState  .\build\tasks.o
    0x0000613c   0x0000613c   0x00000094   Code   RO          972    i.vTaskStartScheduler  .\build\tasks.o
    0x000061d0   0x000061d0   0x000000e4   Code   RO          973    i.vTaskSuspend      .\build\tasks.o
    0x000062b4   0x000062b4   0x00000010   Code   RO          974    i.vTaskSuspendAll   .\build\tasks.o
    0x000062c4   0x000062c4   0x000000c4   Code   RO          975    i.vTaskSwitchContext  .\build\tasks.o
    0x00006388   0x00006388   0x00000024   Code   RO         2381    i.wait_ms           .\mbed\TARGET_LPC1768\TOOLCHAIN_ARM_STD\mbed.ar(mbed_wait_api_no_rtos.o)
    0x000063ac   0x000063ac   0x000000a0   Code   RO          583    i.xPortStartScheduler  .\build\port.o
    0x0000644c   0x0000644c   0x00000058   Code   RO          799    i.xQueueGenericCreate  .\build\queue.o
    0x000064a4   0x000064a4   0x000001c4   Code   RO          800    i.xQueueGenericReceive  .\build\queue.o
    0x00006668   0x00006668   0x00000098   Code   RO          801    i.xQueueGenericReset  .\build\queue.o
    0x00006700   0x00006700   0x000001a8   Code   RO          802    i.xQueueGenericSend  .\build\queue.o
    0x000068a8   0x000068a8   0x000000f8   Code   RO          803    i.xQueueGenericSendFromISR  .\build\queue.o
    0x000069a0   0x000069a0   0x0000008c   Code   RO          976    i.xTaskCheckForTimeOut  .\build\tasks.o
    0x00006a2c   0x00006a2c   0x00000060   Code   RO          977    i.xTaskCreate       .\build\tasks.o
    0x00006a8c   0x00006a8c   0x00000020   Code   RO          981    i.xTaskGetSchedulerState  .\build\tasks.o
    0x00006aac   0x00006aac   0x0000000c   Code   RO          982    i.xTaskGetTickCount  .\build\tasks.o
    0x00006ab8   0x00006ab8   0x00000148   Code   RO          984    i.xTaskIncrementTick  .\build\tasks.o
    0x00006c00   0x00006c00   0x000000c8   Code   RO          987    i.xTaskPriorityDisinherit  .\build\tasks.o
    0x00006cc8   0x00006cc8   0x00000098   Code   RO          988    i.xTaskRemoveFromEventList  .\build\tasks.o
    0x00006d60   0x00006d60   0x00000104   Code   RO          990    i.xTaskResumeAll    .\build\tasks.o
    0x00006e64   0x00006e64   0x00000058   Code   RO         1255    i.xTimerCreateTimerTask  .\build\timers.o
    0x00006ebc   0x00006ebc   0x00000084   Code   RO         1256    i.xTimerGenericCommand  .\build\timers.o
    0x00006f40   0x00006f40   0x0000012c   Code   RO          512    i.yDigitalWrite     .\build\gpio_setup.o
    0x0000706c   0x0000706c   0x0000000e   Code   RO          311    i.yKeyHit           .\build\uart_control.o
    0x0000707a   0x0000707a   0x00000002   PAD
    0x0000707c   0x0000707c   0x000001e4   Code   RO          514    i.ySetupDigitalO    .\build\gpio_setup.o
    0x00007260   0x00007260   0x00000018   Code   RO          312    i.yUART_RxReady     .\build\uart_control.o
    0x00007278   0x00007278   0x00000020   Code   RO          313    i.yUART_TxReady     .\build\uart_control.o
    0x00007298   0x00007298   0x0000002c   Code   RO         3094    locale$$code        C:\Keil_v5\ARM\ARMCC\Bin\..\lib\armlib\c_w.l(lc_numeric_c.o)
    0x000072c4   0x000072c4   0x0000002c   Code   RO         3130    locale$$code        C:\Keil_v5\ARM\ARMCC\Bin\..\lib\armlib\c_w.l(lc_ctype_c.o)
    0x000072f0   0x000072f0   0x0000002c   Code   RO         2419    t._ZN12SingletonPtrI13PlatformMutexEptEv  .\mbed\TARGET_LPC1768\TOOLCHAIN_ARM_STD\mbed.ar(FileBase.o)
    0x0000731c   0x0000731c   0x00000004   Code   RO         2932    x$fpl$printf1       C:\Keil_v5\ARM\ARMCC\Bin\..\lib\armlib\fz_ws.l(printf1.o)
    0x00007320   0x00007320   0x00000004   Code   RO         2934    x$fpl$printf2       C:\Keil_v5\ARM\ARMCC\Bin\..\lib\armlib\fz_ws.l(printf2.o)
    0x00007324   0x00007324   0x00000000   Code   RO         2940    x$fpl$usenofp       C:\Keil_v5\ARM\ARMCC\Bin\..\lib\armlib\fz_ws.l(usenofp.o)
    0x00007324   0x00007324   0x00000040   Data   RO          315    .constdata          .\build\uart_control.o
    0x00007364   0x00007364   0x0000000e   Data   RO         1407    .constdata          .\build\programs_file.o
    0x00007372   0x00007372   0x00000002   PAD
    0x00007374   0x00007374   0x00000028   Data   RO         1854    .constdata          .\mbed\TARGET_LPC1768\TOOLCHAIN_ARM_STD\mbed_retarget.o
    0x0000739c   0x0000739c   0x00000120   Data   RO         2044    .constdata          .\mbed\TARGET_LPC1768\TOOLCHAIN_ARM_STD\serial_api.o
    0x000074bc   0x000074bc   0x0000001c   Data   RO         2184    .constdata          .\mbed\TARGET_LPC1768\TOOLCHAIN_ARM_STD\mbed.ar(mbed_us_ticker_api.o)
    0x000074d8   0x000074d8   0x00000008   Data   RO         2185    .constdata          .\mbed\TARGET_LPC1768\TOOLCHAIN_ARM_STD\mbed.ar(mbed_us_ticker_api.o)
    0x000074e0   0x000074e0   0x00000008   Data   RO         2749    .constdata          C:\Keil_v5\ARM\ARMCC\Bin\..\lib\armlib\c_w.l(_printf_wctomb.o)
    0x000074e8   0x000074e8   0x00000028   Data   RO         2778    .constdata          C:\Keil_v5\ARM\ARMCC\Bin\..\lib\armlib\c_w.l(_printf_hex_int_ll_ptr.o)
    0x00007510   0x00007510   0x00000011   Data   RO         2798    .constdata          C:\Keil_v5\ARM\ARMCC\Bin\..\lib\armlib\c_w.l(__printf_flags_ss_wp.o)
    0x00007521   0x00007521   0x00000026   Data   RO         2975    .constdata          C:\Keil_v5\ARM\ARMCC\Bin\..\lib\armlib\c_w.l(_printf_fp_hex.o)
    0x00007547   0x00007547   0x00000001   PAD
    0x00007548   0x00007548   0x00000094   Data   RO         3069    .constdata          C:\Keil_v5\ARM\ARMCC\Bin\..\lib\armlib\c_w.l(bigflt0.o)
    0x000075dc   0x000075dc   0x00000014   Data   RO         1925    .constdata__ZZN12SingletonPtrI13PlatformMutexE3getEvEs  .\mbed\TARGET_LPC1768\TOOLCHAIN_ARM_STD\mbed_retarget.o
    0x000075f0   0x000075f0   0x0000005d   Data   RO         1926    .constdata__ZZN12SingletonPtrI13PlatformMutexE3getEvEs_0  .\mbed\TARGET_LPC1768\TOOLCHAIN_ARM_STD\mbed_retarget.o
    0x0000764d   0x0000764d   0x00000003   PAD
    0x00007650   0x00007650   0x00000067   Data   RO         1685    .conststring        .\mbed\TARGET_LPC1768\TOOLCHAIN_ARM_STD\gpio_api.o
    0x000076b7   0x000076b7   0x00000001   PAD
    0x000076b8   0x000076b8   0x0000007c   Data   RO         1755    .conststring        .\mbed\TARGET_LPC1768\TOOLCHAIN_ARM_STD\mbed_board.o
    0x00007734   0x00007734   0x00000065   Data   RO         1950    .conststring        .\mbed\TARGET_LPC1768\TOOLCHAIN_ARM_STD\pinmap.o
    0x00007799   0x00007799   0x00000003   PAD
    0x0000779c   0x0000779c   0x00000069   Data   RO         2045    .conststring        .\mbed\TARGET_LPC1768\TOOLCHAIN_ARM_STD\serial_api.o
    0x00007805   0x00007805   0x00000003   PAD
    0x00007808   0x00007808   0x00000050   Data   RO         2232    .conststring        .\mbed\TARGET_LPC1768\TOOLCHAIN_ARM_STD\mbed.ar(mbed_ticker_api.o)
    0x00007858   0x00007858   0x00000053   Data   RO         2289    .conststring        .\mbed\TARGET_LPC1768\TOOLCHAIN_ARM_STD\mbed.ar(mbed_critical.o)
    0x000078ab   0x000078ab   0x00000001   PAD
    0x000078ac   0x000078ac   0x00000020   Data   RO         3161    Region$$Table       anon$$obj.o
    0x000078cc   0x000078cc   0x0000001c   Data   RO         3093    locale$$data        C:\Keil_v5\ARM\ARMCC\Bin\..\lib\armlib\c_w.l(lc_numeric_c.o)
    0x000078e8   0x000078e8   0x00000110   Data   RO         3129    locale$$data        C:\Keil_v5\ARM\ARMCC\Bin\..\lib\armlib\c_w.l(lc_ctype_c.o)


    Execution Region RW_IRAM1 (Exec base: 0x100000c8, Load base: 0x000079f8, Size: 0x00004a48, Max: 0x00007f18, ABSOLUTE, COMPRESSED[0x0000017c])

    Exec Addr    Load Addr    Size         Type   Attr      Idx    E Section Name        Object

    0x100000c8   COMPRESSED   0x0000002c   Data   RW          143    .data               .\build\led_control.o
    0x100000f4   COMPRESSED   0x000002f9   Data   RW          316    .data               .\build\uart_control.o
    0x100003ed   COMPRESSED   0x00000001   Data   RW          516    .data               .\build\gpio_setup.o
    0x100003ee   COMPRESSED   0x00000002   PAD
    0x100003f0   COMPRESSED   0x0000000c   Data   RW          584    .data               .\build\port.o
    0x100003fc   COMPRESSED   0x0000003c   Data   RW          993    .data               .\build\tasks.o
    0x10000438   COMPRESSED   0x00000014   Data   RW         1262    .data               .\build\timers.o
    0x1000044c   COMPRESSED   0x00000018   Data   RW         1365    .data               .\build\heap_2.o
    0x10000464   COMPRESSED   0x000000ae   Data   RW         1408    .data               .\build\programs_file.o
    0x10000512   COMPRESSED   0x00000002   PAD
    0x10000514   COMPRESSED   0x00000066   Data   RW         1499    .data               .\build\sensor_file.o
    0x1000057a   COMPRESSED   0x00000002   PAD
    0x1000057c   COMPRESSED   0x00000010   Data   RW         1858    .data               .\mbed\TARGET_LPC1768\TOOLCHAIN_ARM_STD\mbed_retarget.o
    0x1000058c   COMPRESSED   0x00000010   Data   RW         2046    .data               .\mbed\TARGET_LPC1768\TOOLCHAIN_ARM_STD\serial_api.o
    0x1000059c   COMPRESSED   0x00000004   Data   RW         2117    .data               .\mbed\TARGET_LPC1768\TOOLCHAIN_ARM_STD\system_LPC17xx.o
    0x100005a0   COMPRESSED   0x00000004   Data   RW         2132    .data               .\mbed\TARGET_LPC1768\TOOLCHAIN_ARM_STD\us_ticker.o
    0x100005a4   COMPRESSED   0x00000004   Data   RW         2186    .data               .\mbed\TARGET_LPC1768\TOOLCHAIN_ARM_STD\mbed.ar(mbed_us_ticker_api.o)
    0x100005a8   COMPRESSED   0x00000001   Data   RW         2212    .data               .\mbed\TARGET_LPC1768\TOOLCHAIN_ARM_STD\mbed.ar(mbed_error.o)
    0x100005a9   COMPRESSED   0x00000003   PAD
    0x100005ac   COMPRESSED   0x00000008   Data   RW         2290    .data               .\mbed\TARGET_LPC1768\TOOLCHAIN_ARM_STD\mbed.ar(mbed_critical.o)
    0x100005b4   COMPRESSED   0x0000000c   Data   RW         2406    .data               .\mbed\TARGET_LPC1768\TOOLCHAIN_ARM_STD\mbed.ar(FileBase.o)
    0x100005c0   COMPRESSED   0x00000004   Data   RW         2520    .data               C:\Keil_v5\ARM\ARMCC\Bin\..\lib\armlib\c_w.l(stdio_streams.o)
    0x100005c4   COMPRESSED   0x00000004   Data   RW         2521    .data               C:\Keil_v5\ARM\ARMCC\Bin\..\lib\armlib\c_w.l(stdio_streams.o)
    0x100005c8   COMPRESSED   0x00000004   Data   RW         2522    .data               C:\Keil_v5\ARM\ARMCC\Bin\..\lib\armlib\c_w.l(stdio_streams.o)
    0x100005cc   COMPRESSED   0x00000004   Data   RW         3013    .data               C:\Keil_v5\ARM\ARMCC\Bin\..\lib\armlib\c_w.l(heapauxa.o)
    0x100005d0        -       0x00000020   Zero   RW          314    .bss                .\build\uart_control.o
    0x100005f0        -       0x000000a0   Zero   RW          515    .bss                .\build\gpio_setup.o
    0x10000690        -       0x000000c8   Zero   RW          992    .bss                .\build\tasks.o
    0x10000758        -       0x00000028   Zero   RW         1261    .bss                .\build\timers.o
    0x10000780        -       0x00004000   Zero   RW         1364    .bss                .\build\heap_2.o
    0x10004780        -       0x00000010   Zero   RW         1498    .bss                .\build\sensor_file.o
    0x10004790        -       0x00000144   Zero   RW         1853    .bss                .\mbed\TARGET_LPC1768\TOOLCHAIN_ARM_STD\mbed_retarget.o
    0x100048d4        -       0x000000e0   Zero   RW         2043    .bss                .\mbed\TARGET_LPC1768\TOOLCHAIN_ARM_STD\serial_api.o
    0x100049b4   COMPRESSED   0x00000004   PAD
    0x100049b8        -       0x00000040   Zero   RW         2183    .bss                .\mbed\TARGET_LPC1768\TOOLCHAIN_ARM_STD\mbed.ar(mbed_us_ticker_api.o)
    0x100049f8        -       0x00000004   Zero   RW         2429    .bss                C:\Keil_v5\ARM\ARMCC\Bin\..\lib\armlib\c_w.l(rt_errno_addr.o)
    0x100049fc        -       0x00000054   Zero   RW         2517    .bss                C:\Keil_v5\ARM\ARMCC\Bin\..\lib\armlib\c_w.l(stdio_streams.o)
    0x10004a50        -       0x00000054   Zero   RW         2518    .bss                C:\Keil_v5\ARM\ARMCC\Bin\..\lib\armlib\c_w.l(stdio_streams.o)
    0x10004aa4        -       0x00000054   Zero   RW         2519    .bss                C:\Keil_v5\ARM\ARMCC\Bin\..\lib\armlib\c_w.l(stdio_streams.o)
    0x10004af8        -       0x00000004   Zero   RW         2706    .bss                C:\Keil_v5\ARM\ARMCC\Bin\..\lib\armlib\c_w.l(rt_heap_descriptor.o)
    0x10004afc        -       0x00000014   Zero   RW         3055    .bss                C:\Keil_v5\ARM\ARMCC\Bin\..\lib\armlib\c_w.l(rt_locale.o)


    Execution Region RW_IRAM2 (Exec base: 0x2007c000, Load base: 0x00007b74, Size: 0x00000000, Max: 0x00004000, ABSOLUTE)

    **** No section assigned to this execution region ****


    Execution Region RW_IRAM3 (Exec base: 0x20080000, Load base: 0x00007b74, Size: 0x00000000, Max: 0x00004000, ABSOLUTE)

    **** No section assigned to this execution region ****


    Execution Region RW_IRAM4 (Exec base: 0x40038000, Load base: 0x00007b74, Size: 0x00000000, Max: 0x00000800, ABSOLUTE)

    **** No section assigned to this execution region ****


==============================================================================

Image component sizes


      Code (inc. data)   RO Data    RW Data    ZI Data      Debug   Object Name

         0          0          4          0          0          0   .\mbed\TARGET_LPC1768\TOOLCHAIN_ARM_STD\CRP.o
         0          0          0          0          0       9352   .\build\event_groups.o
       148         30        103          0          0        228   .\mbed\TARGET_LPC1768\TOOLCHAIN_ARM_STD\gpio_api.o
       892         62          0          1        160       3498   .\build\gpio_setup.o
       288         28          0         24      16384       3543   .\build\heap_2.o
       674        144          0         44          0      12409   .\build\led_control.o
       148          0          0          0          0       3030   .\build\list.o
       300         46          0          0          0      21054   .\build\main.o
       360         58        124          0          0        260   .\mbed\TARGET_LPC1768\TOOLCHAIN_ARM_STD\mbed_board.o
      1020        100        153         16        324        820   .\mbed\TARGET_LPC1768\TOOLCHAIN_ARM_STD\mbed_retarget.o
        46          4          0          0          0        292   .\mbed\TARGET_LPC1768\TOOLCHAIN_ARM_STD\mbed_sdk_boot.o
       236         48        101          0          0        160   .\mbed\TARGET_LPC1768\TOOLCHAIN_ARM_STD\pinmap.o
       758         80          0         12          0      10461   .\build\port.o
       308        100         14        174          0       1933   .\build\programs_file.o
      1866         16          0          0          0      12475   .\build\queue.o
       480        114          0        102         16       2464   .\build\sensor_file.o
      1640        164        393         16        224        888   .\mbed\TARGET_LPC1768\TOOLCHAIN_ARM_STD\serial_api.o
        36          8        196          0          0        228   .\mbed\TARGET_LPC1768\TOOLCHAIN_ARM_STD\startup_LPC17xx.o
       160         10          0          4          0         68   .\mbed\TARGET_LPC1768\TOOLCHAIN_ARM_STD\system_LPC17xx.o
      3346        426          0         60        200      22858   .\build\tasks.o
      1118        110          0         20         40       8715   .\build\timers.o
      2822        554         64        761         32      19077   .\build\uart_control.o
       264         72          0          4          0        408   .\mbed\TARGET_LPC1768\TOOLCHAIN_ARM_STD\us_ticker.o
        18          0          0          0          0        443   .\build\utilities.o

    ----------------------------------------------------------------------
     16944       2174       1196       1244      17384     134664   Object Totals
         0          0         32          0          0          0   (incl. Generated)
        16          0         12          6          4          0   (incl. Padding)

    ----------------------------------------------------------------------

      Code (inc. data)   RO Data    RW Data    ZI Data      Debug   Library Member Name

        90          0          0          0          0          0   C:\Keil_v5\ARM\ARMCC\Bin\..\lib\armlib\c_w.l(__dczerorl2.o)
         8          0          0          0          0         68   C:\Keil_v5\ARM\ARMCC\Bin\..\lib\armlib\c_w.l(__main.o)
       392          4         17          0          0         92   C:\Keil_v5\ARM\ARMCC\Bin\..\lib\armlib\c_w.l(__printf_flags_ss_wp.o)
        14          0          0          0          0         68   C:\Keil_v5\ARM\ARMCC\Bin\..\lib\armlib\c_w.l(__printf_wp.o)
         0          0          0          0          0          0   C:\Keil_v5\ARM\ARMCC\Bin\..\lib\armlib\c_w.l(__rtentry.o)
        20          0          0          0          0          0   C:\Keil_v5\ARM\ARMCC\Bin\..\lib\armlib\c_w.l(__rtentry2.o)
         6          0          0          0          0          0   C:\Keil_v5\ARM\ARMCC\Bin\..\lib\armlib\c_w.l(__rtentry4.o)
        52          8          0          0          0          0   C:\Keil_v5\ARM\ARMCC\Bin\..\lib\armlib\c_w.l(__scatter.o)
        28          0          0          0          0          0   C:\Keil_v5\ARM\ARMCC\Bin\..\lib\armlib\c_w.l(__scatter_zi.o)
         6          0          0          0          0          0   C:\Keil_v5\ARM\ARMCC\Bin\..\lib\armlib\c_w.l(_printf_a.o)
         6          0          0          0          0          0   C:\Keil_v5\ARM\ARMCC\Bin\..\lib\armlib\c_w.l(_printf_c.o)
        44          0          0          0          0        108   C:\Keil_v5\ARM\ARMCC\Bin\..\lib\armlib\c_w.l(_printf_char.o)
        48          6          0          0          0         96   C:\Keil_v5\ARM\ARMCC\Bin\..\lib\armlib\c_w.l(_printf_char_common.o)
        40          0          0          0          0         68   C:\Keil_v5\ARM\ARMCC\Bin\..\lib\armlib\c_w.l(_printf_charcount.o)
         6          0          0          0          0          0   C:\Keil_v5\ARM\ARMCC\Bin\..\lib\armlib\c_w.l(_printf_d.o)
       120         16          0          0          0         92   C:\Keil_v5\ARM\ARMCC\Bin\..\lib\armlib\c_w.l(_printf_dec.o)
         6          0          0          0          0          0   C:\Keil_v5\ARM\ARMCC\Bin\..\lib\armlib\c_w.l(_printf_e.o)
         6          0          0          0          0          0   C:\Keil_v5\ARM\ARMCC\Bin\..\lib\armlib\c_w.l(_printf_f.o)
      1054          0          0          0          0        216   C:\Keil_v5\ARM\ARMCC\Bin\..\lib\armlib\c_w.l(_printf_fp_dec.o)
       764          8         38          0          0        100   C:\Keil_v5\ARM\ARMCC\Bin\..\lib\armlib\c_w.l(_printf_fp_hex.o)
       128         16          0          0          0         84   C:\Keil_v5\ARM\ARMCC\Bin\..\lib\armlib\c_w.l(_printf_fp_infnan.o)
         6          0          0          0          0          0   C:\Keil_v5\ARM\ARMCC\Bin\..\lib\armlib\c_w.l(_printf_g.o)
       148          4         40          0          0        160   C:\Keil_v5\ARM\ARMCC\Bin\..\lib\armlib\c_w.l(_printf_hex_int_ll_ptr.o)
         6          0          0          0          0          0   C:\Keil_v5\ARM\ARMCC\Bin\..\lib\armlib\c_w.l(_printf_i.o)
       178          0          0          0          0         88   C:\Keil_v5\ARM\ARMCC\Bin\..\lib\armlib\c_w.l(_printf_intcommon.o)
        10          0          0          0          0          0   C:\Keil_v5\ARM\ARMCC\Bin\..\lib\armlib\c_w.l(_printf_l.o)
         6          0          0          0          0          0   C:\Keil_v5\ARM\ARMCC\Bin\..\lib\armlib\c_w.l(_printf_lc.o)
        10          0          0          0          0          0   C:\Keil_v5\ARM\ARMCC\Bin\..\lib\armlib\c_w.l(_printf_ll.o)
         6          0          0          0          0          0   C:\Keil_v5\ARM\ARMCC\Bin\..\lib\armlib\c_w.l(_printf_lld.o)
         6          0          0          0          0          0   C:\Keil_v5\ARM\ARMCC\Bin\..\lib\armlib\c_w.l(_printf_lli.o)
         6          0          0          0          0          0   C:\Keil_v5\ARM\ARMCC\Bin\..\lib\armlib\c_w.l(_printf_llo.o)
         6          0          0          0          0          0   C:\Keil_v5\ARM\ARMCC\Bin\..\lib\armlib\c_w.l(_printf_llu.o)
         6          0          0          0          0          0   C:\Keil_v5\ARM\ARMCC\Bin\..\lib\armlib\c_w.l(_printf_llx.o)
       124         16          0          0          0         92   C:\Keil_v5\ARM\ARMCC\Bin\..\lib\armlib\c_w.l(_printf_longlong_dec.o)
         6          0          0          0          0          0   C:\Keil_v5\ARM\ARMCC\Bin\..\lib\armlib\c_w.l(_printf_ls.o)
         6          0          0          0          0          0   C:\Keil_v5\ARM\ARMCC\Bin\..\lib\armlib\c_w.l(_printf_n.o)
         6          0          0          0          0          0   C:\Keil_v5\ARM\ARMCC\Bin\..\lib\armlib\c_w.l(_printf_o.o)
       112         10          0          0          0        124   C:\Keil_v5\ARM\ARMCC\Bin\..\lib\armlib\c_w.l(_printf_oct_int_ll.o)
         6          0          0          0          0          0   C:\Keil_v5\ARM\ARMCC\Bin\..\lib\armlib\c_w.l(_printf_p.o)
        78          0          0          0          0        108   C:\Keil_v5\ARM\ARMCC\Bin\..\lib\armlib\c_w.l(_printf_pad.o)
         0          0          0          0          0          0   C:\Keil_v5\ARM\ARMCC\Bin\..\lib\armlib\c_w.l(_printf_percent.o)
         4          0          0          0          0          0   C:\Keil_v5\ARM\ARMCC\Bin\..\lib\armlib\c_w.l(_printf_percent_end.o)
         6          0          0          0          0          0   C:\Keil_v5\ARM\ARMCC\Bin\..\lib\armlib\c_w.l(_printf_s.o)
        82          0          0          0          0         80   C:\Keil_v5\ARM\ARMCC\Bin\..\lib\armlib\c_w.l(_printf_str.o)
        36          0          0          0          0         84   C:\Keil_v5\ARM\ARMCC\Bin\..\lib\armlib\c_w.l(_printf_truncate.o)
         6          0          0          0          0          0   C:\Keil_v5\ARM\ARMCC\Bin\..\lib\armlib\c_w.l(_printf_u.o)
        44          0          0          0          0        108   C:\Keil_v5\ARM\ARMCC\Bin\..\lib\armlib\c_w.l(_printf_wchar.o)
       188          6          8          0          0         92   C:\Keil_v5\ARM\ARMCC\Bin\..\lib\armlib\c_w.l(_printf_wctomb.o)
         6          0          0          0          0          0   C:\Keil_v5\ARM\ARMCC\Bin\..\lib\armlib\c_w.l(_printf_x.o)
        16          0          0          0          0         68   C:\Keil_v5\ARM\ARMCC\Bin\..\lib\armlib\c_w.l(_snputc.o)
        10          0          0          0          0         68   C:\Keil_v5\ARM\ARMCC\Bin\..\lib\armlib\c_w.l(_sputc.o)
        64          0          0          0          0         92   C:\Keil_v5\ARM\ARMCC\Bin\..\lib\armlib\c_w.l(_wcrtomb.o)
        16          0          0          0          0         68   C:\Keil_v5\ARM\ARMCC\Bin\..\lib\armlib\c_w.l(aeabi_memset.o)
       228          4        148          0          0         96   C:\Keil_v5\ARM\ARMCC\Bin\..\lib\armlib\c_w.l(bigflt0.o)
      1936        128          0          0          0        672   C:\Keil_v5\ARM\ARMCC\Bin\..\lib\armlib\c_w.l(btod.o)
        10          0          0          0          0         68   C:\Keil_v5\ARM\ARMCC\Bin\..\lib\armlib\c_w.l(defsig_exit.o)
        50          0          0          0          0         88   C:\Keil_v5\ARM\ARMCC\Bin\..\lib\armlib\c_w.l(defsig_general.o)
        80         58          0          0          0         76   C:\Keil_v5\ARM\ARMCC\Bin\..\lib\armlib\c_w.l(defsig_rtmem_inner.o)
        14          0          0          0          0         80   C:\Keil_v5\ARM\ARMCC\Bin\..\lib\armlib\c_w.l(defsig_rtmem_outer.o)
        52         38          0          0          0         76   C:\Keil_v5\ARM\ARMCC\Bin\..\lib\armlib\c_w.l(defsig_rtred_inner.o)
        14          0          0          0          0         80   C:\Keil_v5\ARM\ARMCC\Bin\..\lib\armlib\c_w.l(defsig_rtred_outer.o)
        76          0          0          0          0         88   C:\Keil_v5\ARM\ARMCC\Bin\..\lib\armlib\c_w.l(fclose.o)
       100          4          0          0          0        120   C:\Keil_v5\ARM\ARMCC\Bin\..\lib\armlib\c_w.l(fflush.o)
       236          4          0          0          0        128   C:\Keil_v5\ARM\ARMCC\Bin\..\lib\armlib\c_w.l(fopen.o)
       248          6          0          0          0         84   C:\Keil_v5\ARM\ARMCC\Bin\..\lib\armlib\c_w.l(fseek.o)
        66          0          0          0          0         76   C:\Keil_v5\ARM\ARMCC\Bin\..\lib\armlib\c_w.l(ftell.o)
        94          0          0          0          0         80   C:\Keil_v5\ARM\ARMCC\Bin\..\lib\armlib\c_w.l(h1_alloc.o)
        52          0          0          0          0         68   C:\Keil_v5\ARM\ARMCC\Bin\..\lib\armlib\c_w.l(h1_extend.o)
        78          0          0          0          0         80   C:\Keil_v5\ARM\ARMCC\Bin\..\lib\armlib\c_w.l(h1_free.o)
        14          0          0          0          0         84   C:\Keil_v5\ARM\ARMCC\Bin\..\lib\armlib\c_w.l(h1_init.o)
        80          6          0          4          0         96   C:\Keil_v5\ARM\ARMCC\Bin\..\lib\armlib\c_w.l(heapauxa.o)
         4          0          0          0          0        136   C:\Keil_v5\ARM\ARMCC\Bin\..\lib\armlib\c_w.l(hguard.o)
         0          0          0          0          0          0   C:\Keil_v5\ARM\ARMCC\Bin\..\lib\armlib\c_w.l(indicate_semi.o)
       138          0          0          0          0        168   C:\Keil_v5\ARM\ARMCC\Bin\..\lib\armlib\c_w.l(init_alloc.o)
       312         46          0          0          0        112   C:\Keil_v5\ARM\ARMCC\Bin\..\lib\armlib\c_w.l(initio.o)
        44         10        272          0          0         76   C:\Keil_v5\ARM\ARMCC\Bin\..\lib\armlib\c_w.l(lc_ctype_c.o)
        44         10         28          0          0         76   C:\Keil_v5\ARM\ARMCC\Bin\..\lib\armlib\c_w.l(lc_numeric_c.o)
         2          0          0          0          0          0   C:\Keil_v5\ARM\ARMCC\Bin\..\lib\armlib\c_w.l(libinit.o)
        42          0          0          0          0          0   C:\Keil_v5\ARM\ARMCC\Bin\..\lib\armlib\c_w.l(libinit2.o)
         0          0          0          0          0          0   C:\Keil_v5\ARM\ARMCC\Bin\..\lib\armlib\c_w.l(libshutdown2.o)
        38          0          0          0          0         68   C:\Keil_v5\ARM\ARMCC\Bin\..\lib\armlib\c_w.l(llshl.o)
       138          0          0          0          0         80   C:\Keil_v5\ARM\ARMCC\Bin\..\lib\armlib\c_w.l(lludiv10.o)
       238          0          0          0          0        100   C:\Keil_v5\ARM\ARMCC\Bin\..\lib\armlib\c_w.l(lludivv7m.o)
         0          0          0          0          0          0   C:\Keil_v5\ARM\ARMCC\Bin\..\lib\armlib\c_w.l(maybetermalloc1.o)
        16          4          0          0          0         76   C:\Keil_v5\ARM\ARMCC\Bin\..\lib\armlib\c_w.l(rt_ctype_table.o)
         8          4          0          0          4         68   C:\Keil_v5\ARM\ARMCC\Bin\..\lib\armlib\c_w.l(rt_errno_addr.o)
         8          4          0          0          4         68   C:\Keil_v5\ARM\ARMCC\Bin\..\lib\armlib\c_w.l(rt_heap_descriptor.o)
         8          4          0          0         20         68   C:\Keil_v5\ARM\ARMCC\Bin\..\lib\armlib\c_w.l(rt_locale.o)
        68          0          0          0          0         68   C:\Keil_v5\ARM\ARMCC\Bin\..\lib\armlib\c_w.l(rt_memclr.o)
        78          0          0          0          0         80   C:\Keil_v5\ARM\ARMCC\Bin\..\lib\armlib\c_w.l(rt_memclr_w.o)
       138          0          0          0          0         68   C:\Keil_v5\ARM\ARMCC\Bin\..\lib\armlib\c_w.l(rt_memcpy_v6.o)
       100          0          0          0          0         80   C:\Keil_v5\ARM\ARMCC\Bin\..\lib\armlib\c_w.l(rt_memcpy_w.o)
        70          0          0          0          0         80   C:\Keil_v5\ARM\ARMCC\Bin\..\lib\armlib\c_w.l(setvbuf.o)
       240          6          0          0          0        156   C:\Keil_v5\ARM\ARMCC\Bin\..\lib\armlib\c_w.l(stdio.o)
         0          0          0         12        252          0   C:\Keil_v5\ARM\ARMCC\Bin\..\lib\armlib\c_w.l(stdio_streams.o)
       128          0          0          0          0         68   C:\Keil_v5\ARM\ARMCC\Bin\..\lib\armlib\c_w.l(strcmpv7m.o)
        62          0          0          0          0         76   C:\Keil_v5\ARM\ARMCC\Bin\..\lib\armlib\c_w.l(strlen.o)
       150          0          0          0          0         80   C:\Keil_v5\ARM\ARMCC\Bin\..\lib\armlib\c_w.l(strncmp.o)
        12          4          0          0          0         68   C:\Keil_v5\ARM\ARMCC\Bin\..\lib\armlib\c_w.l(sys_exit.o)
        14          0          0          0          0         76   C:\Keil_v5\ARM\ARMCC\Bin\..\lib\armlib\c_w.l(sys_wrch.o)
         2          0          0          0          0         68   C:\Keil_v5\ARM\ARMCC\Bin\..\lib\armlib\c_w.l(use_no_semi.o)
        52          4          0          0          0         80   C:\Keil_v5\ARM\ARMCC\Bin\..\lib\armlib\c_w.l(vsnprintf.o)
         4          0          0          0          0         68   C:\Keil_v5\ARM\ARMCC\Bin\..\lib\armlib\fz_ws.l(printf1.o)
         4          0          0          0          0         68   C:\Keil_v5\ARM\ARMCC\Bin\..\lib\armlib\fz_ws.l(printf2.o)
         0          0          0          0          0          0   C:\Keil_v5\ARM\ARMCC\Bin\..\lib\armlib\fz_ws.l(usenofp.o)
        40          0          0          0          0         68   C:\Keil_v5\ARM\ARMCC\Bin\..\lib\armlib\m_ws.l(fpclassify.o)
       156         26          0         12          0        224   .\mbed\TARGET_LPC1768\TOOLCHAIN_ARM_STD\mbed.ar(FileBase.o)
       160          0          0          0          0        440   .\mbed\TARGET_LPC1768\TOOLCHAIN_ARM_STD\mbed.ar(FilePath.o)
        84         52          0          0          0         88   .\mbed\TARGET_LPC1768\TOOLCHAIN_ARM_STD\mbed.ar(mbed_assert.o)
       228         98         83          8          0        156   .\mbed\TARGET_LPC1768\TOOLCHAIN_ARM_STD\mbed.ar(mbed_critical.o)
        40          4          0          1          0         88   .\mbed\TARGET_LPC1768\TOOLCHAIN_ARM_STD\mbed.ar(mbed_error.o)
       216         36          0          0          0        268   .\mbed\TARGET_LPC1768\TOOLCHAIN_ARM_STD\mbed.ar(mbed_gpio.o)
         4          0          0          0          0         68   .\mbed\TARGET_LPC1768\TOOLCHAIN_ARM_STD\mbed.ar(mbed_interface.o)
       274         78          0          0          0        308   .\mbed\TARGET_LPC1768\TOOLCHAIN_ARM_STD\mbed.ar(mbed_pinmap_common.o)
        28          6          0          0          0        144   .\mbed\TARGET_LPC1768\TOOLCHAIN_ARM_STD\mbed.ar(mbed_semihost_api.o)
       806         24         80          0          0        468   .\mbed\TARGET_LPC1768\TOOLCHAIN_ARM_STD\mbed.ar(mbed_ticker_api.o)
        32         14         36          4         64        136   .\mbed\TARGET_LPC1768\TOOLCHAIN_ARM_STD\mbed.ar(mbed_us_ticker_api.o)
        36          0          0          0          0         80   .\mbed\TARGET_LPC1768\TOOLCHAIN_ARM_STD\mbed.ar(mbed_wait_api_no_rtos.o)

    ----------------------------------------------------------------------
     11764        776        752         44        344       9180   Library Totals
        22          0          2          3          0          0   (incl. Padding)

    ----------------------------------------------------------------------

      Code (inc. data)   RO Data    RW Data    ZI Data      Debug   Library Name

      9630        438        551         16        280       6508   C:\Keil_v5\ARM\ARMCC\Bin\..\lib\armlib\c_w.l
         8          0          0          0          0        136   C:\Keil_v5\ARM\ARMCC\Bin\..\lib\armlib\fz_ws.l
        40          0          0          0          0         68   C:\Keil_v5\ARM\ARMCC\Bin\..\lib\armlib\m_ws.l
      2064        338        199         25         64       2468   .\mbed\TARGET_LPC1768\TOOLCHAIN_ARM_STD\mbed.ar

    ----------------------------------------------------------------------
     11764        776        752         44        344       9180   Library Totals

    ----------------------------------------------------------------------

==============================================================================


      Code (inc. data)   RO Data    RW Data    ZI Data      Debug   

     28708       2950       1948       1288      17728     130840   Grand Totals
     28708       2950       1948        380      17728     130840   ELF Image Totals (compressed)
     28708       2950       1948        380          0          0   ROM Totals

==============================================================================

    Total RO  Size (Code + RO Data)                30656 (  29.94kB)
    Total RW  Size (RW Data + ZI Data)             19016 (  18.57kB)
    Total ROM Size (Code + RO Data + RW Data)      31036 (  30.31kB)

==============================================================================

