<html>
<body>
<pre>
<h1>µVision Build Log</h1>
<h2>Tool Versions:</h2>
IDE-Version: µVision V5.24.2.0
Copyright (C) 2017 ARM Ltd and ARM Germany GmbH. All rights reserved.
License Information: Frederik Snedevind, Jeros A/S, LIC=----
 
Tool Versions:
Toolchain:       MDK-Lite  Version: 5.24.1
Toolchain Path:  C:\Keil_v5\ARM\ARMCC\Bin
C Compiler:      Armcc.exe V5.06 update 5 (build 528)
Assembler:       Armasm.exe V5.06 update 5 (build 528)
Linker/Locator:  ArmLink.exe V5.06 update 5 (build 528)
Library Manager: ArmAr.exe V5.06 update 5 (build 528)
Hex Converter:   FromElf.exe V5.06 update 5 (build 528)
CPU DLL:         
Dialog DLL:      DCM.DLL V1.16.0.0
Target DLL:      CMSIS_AGDI.dll V1.28.3.0
Dialog DLL:      TCM.DLL V1.32.0.0
 
<h2>Project:</h2>
C:\Users\frs\Documents\GitHubR\CWM-Repository\mbed_blinky.uvprojx
Project File Date:  04/04/2018

<h2>Output:</h2>
*** Using Compiler 'V5.06 update 5 (build 528)', folder: 'C:\Keil_v5\ARM\ARMCC\Bin'
Rebuild target 'CWM18_Controller'
compiling utilities.c...
compiling pwm_setup.c...
compiling systick.c...
compiling LED_control.c...
LED_control.c(200): warning:  #177-D: variable "xPreviousWakeTime"  was declared but never referenced
  	TickType_t xPreviousWakeTime = ( TickType_t ) 0U;
LED_control.c: 1 warning, 0 errors
compiling GPIO_setup.c...
compiling ADC_control.c...
compiling main.cpp...
compiling UART_control.c...
UART_control.c(325): warning:  #940-D: missing return statement at end of non-void function "yUART_RxReady" 
  }
UART_control.c: 1 warning, 0 errors
compiling port.c...
compiling croutine.c...
compiling event_groups.c...
compiling list.c...
compiling queue.c...
compiling timers.c...
compiling heap_2.c...
compiling Washing_file.c...
Washing_file.c(104): warning:  #1-D: last line of file ends without a newline
  // ****************************************************************************************
Washing_file.c: 1 warning, 0 errors
compiling tasks.c...
linking...
Program Size: Code=27920 RO-data=1932 RW-data=1232 ZI-data=17824  
After Build - User command #1: fromelf --bin -o CWMW18_Controller_001.bin .\BUILD\CWMW18_Controller_001.axf
".\BUILD\CWMW18_Controller_001.axf" - 0 Error(s), 3 Warning(s).

<h2>Software Packages used:</h2>

Package Vendor: Keil
                http://www.keil.com/pack/Keil.LPC1700_DFP.2.4.0.pack
                Keil.LPC1700_DFP.2.4.0
                NXP LPC1700 Series Device Support, Drivers and Examples for MCB1700 and LPC1788-32

<h2>Collection of Component include folders:</h2>
  .\RTE\_CWM18_Controller
  C:\Keil_v5\ARM\PACK\Keil\LPC1700_DFP\2.4.0\Device\Include

<h2>Collection of Component Files used:</h2>
Build Time Elapsed:  00:00:02
</pre>
</body>
</html>
